###############################################################
#  Generated by:      Cadence Innovus 19.10-p002_1
#  OS:                Linux x86_64(Host ID qingteng)
#  Generated on:      Thu Aug 20 22:53:40 2026
#  Design:            aes_cipher_top
#  Command:           report_constraint -all_violators
###############################################################
# format : frame 1 : split 1
Starting SI iteration 1 using Infinite Timing Windows
#################################################################################
# Design Stage: PostRoute
# Design Name: aes_cipher_top
# Design Mode: 45nm
# Analysis Mode: MMMC OCV 
# Parasitics Mode: SPEF/RCDB
# Signoff Settings: SI On 
#################################################################################
AAE_INFO: 1 threads acquired from CTE.
Calculate early delays in OCV mode...
Calculate late delays in OCV mode...
Start delay calculation (fullDC) (1 T). (MEM=1035.8)
Total number of fetched objects 12594
AAE_INFO: Total number of nets for which stage creation was skipped for all views 0
AAE_INFO-618: Total number of nets in the design is 12627,  100.0 percent of the nets selected for SI analysis
End delay calculation. (MEM=1069.94 CPU=0:00:02.4 REAL=0:00:02.0)
End delay calculation (fullDC). (MEM=1069.94 CPU=0:00:02.8 REAL=0:00:02.0)
Loading CTE timing window with TwFlowType 0...(CPU = 0:00:00.0, REAL = 0:00:00.0, MEM = 1069.9M)
Add other clocks and setupCteToAAEClockMapping during iter 1
Loading CTE timing window is completed (CPU = 0:00:00.0, REAL = 0:00:00.0, MEM = 1069.9M)
Starting SI iteration 2
AAE_INFO: 1 threads acquired from CTE.
Calculate early delays in OCV mode...
Calculate late delays in OCV mode...
Start delay calculation (fullDC) (1 T). (MEM=1039.05)
Glitch Analysis: View VIEW_TYP -- Total Number of Nets Skipped = 0. 
Glitch Analysis: View VIEW_TYP -- Total Number of Nets Analyzed = 12594. 
Total number of fetched objects 12594
AAE_INFO: Total number of nets for which stage creation was skipped for all views 0
AAE_INFO-618: Total number of nets in the design is 12627,  0.1 percent of the nets selected for SI analysis
End delay calculation. (MEM=1045.21 CPU=0:00:00.1 REAL=0:00:00.0)
End delay calculation (fullDC). (MEM=1045.21 CPU=0:00:00.1 REAL=0:00:00.0)

max_delay/setup
---------------------------
No paths found

Check type : clock_period
---------------------------
No paths found

Check type : skew
---------------------------
No paths found

Check type : pulse_width
---------------------------
 No violating Checks with given description found

Check type : max_transition
---------------------------
 No Violations found

Check type : max_capacitance
---------------------------
 No Violations found

Check type : max_fanout
---------------------------
     +----------------------------------------------------------------+ 
     | Pin Name              | Required | Actual | Slack   | View     | 
     |-----------------------+----------+--------+---------+----------| 
     | CTS_ccl_a_buf_00055/Z | 16.000   | 37.000 | -21.000 | VIEW_TYP | 
     | CTS_ccl_a_buf_00063/Z | 16.000   | 35.000 | -19.000 | VIEW_TYP | 
     | CTS_ccl_a_buf_00057/Z | 16.000   | 35.000 | -19.000 | VIEW_TYP | 
     | CTS_ccl_a_buf_00067/Z | 16.000   | 35.000 | -19.000 | VIEW_TYP | 
     | CTS_ccl_a_buf_00071/Z | 16.000   | 35.000 | -19.000 | VIEW_TYP | 
     | CTS_ccl_a_buf_00049/Z | 16.000   | 35.000 | -19.000 | VIEW_TYP | 
     | CTS_ccl_a_buf_00053/Z | 16.000   | 34.000 | -18.000 | VIEW_TYP | 
     | CTS_ccl_a_buf_00059/Z | 16.000   | 34.000 | -18.000 | VIEW_TYP | 
     | CTS_ccl_a_buf_00047/Z | 16.000   | 34.000 | -18.000 | VIEW_TYP | 
     | CTS_ccl_a_buf_00061/Z | 16.000   | 33.000 | -17.000 | VIEW_TYP | 
     | CTS_ccl_a_buf_00075/Z | 16.000   | 32.000 | -16.000 | VIEW_TYP | 
     | CTS_ccl_a_buf_00065/Z | 16.000   | 32.000 | -16.000 | VIEW_TYP | 
     | CTS_ccl_a_buf_00077/Z | 16.000   | 32.000 | -16.000 | VIEW_TYP | 
     | CTS_ccl_a_buf_00051/Z | 16.000   | 32.000 | -16.000 | VIEW_TYP | 
     | CTS_ccl_a_buf_00079/Z | 16.000   | 31.000 | -15.000 | VIEW_TYP | 
     | CTS_ccl_a_buf_00073/Z | 16.000   | 31.000 | -15.000 | VIEW_TYP | 
     | CTS_ccl_a_buf_00069/Z | 16.000   | 25.000 | -9.000  | VIEW_TYP | 
     +----------------------------------------------------------------+ 
