###############################################################
#  Generated by:      Cadence Innovus 19.10-p002_1
#  OS:                Linux x86_64(Host ID qingteng)
#  Generated on:      Wed Aug 19 23:46:55 2026
#  Design:            aes_cipher_top
#  Command:           report_timing -late -max_paths 10 -path_type full_clock
###############################################################
Starting SI iteration 1 using Infinite Timing Windows
#################################################################################
# Design Stage: PostRoute
# Design Name: aes_cipher_top
# Design Mode: 45nm
# Analysis Mode: MMMC OCV 
# Parasitics Mode: SPEF/RCDB
# Signoff Settings: SI On 
#################################################################################
AAE_INFO: 1 threads acquired from CTE.
Calculate early delays in OCV mode...
Calculate late delays in OCV mode...
Start delay calculation (fullDC) (1 T). (MEM=1131.16)
Total number of fetched objects 12606
AAE_INFO: Total number of nets for which stage creation was skipped for all views 0
AAE_INFO-618: Total number of nets in the design is 12627,  100.0 percent of the nets selected for SI analysis
End delay calculation. (MEM=1210.98 CPU=0:00:03.0 REAL=0:00:03.0)
End delay calculation (fullDC). (MEM=1210.98 CPU=0:00:03.4 REAL=0:00:03.0)
Loading CTE timing window with TwFlowType 0...(CPU = 0:00:00.0, REAL = 0:00:00.0, MEM = 1211.0M)
Add other clocks and setupCteToAAEClockMapping during iter 1
Loading CTE timing window is completed (CPU = 0:00:00.0, REAL = 0:00:00.0, MEM = 1211.0M)
Starting SI iteration 2
AAE_INFO: 1 threads acquired from CTE.
Calculate early delays in OCV mode...
Calculate late delays in OCV mode...
Start delay calculation (fullDC) (1 T). (MEM=1175.1)
Glitch Analysis: View VIEW_TYP -- Total Number of Nets Skipped = 0. 
Glitch Analysis: View VIEW_TYP -- Total Number of Nets Analyzed = 12606. 
Total number of fetched objects 12606
AAE_INFO: Total number of nets for which stage creation was skipped for all views 0
AAE_INFO-618: Total number of nets in the design is 12627,  0.2 percent of the nets selected for SI analysis
End delay calculation. (MEM=1162.26 CPU=0:00:00.1 REAL=0:00:00.0)
End delay calculation (fullDC). (MEM=1162.26 CPU=0:00:00.2 REAL=0:00:00.0)
Path 1: VIOLATED Setup Check with Pin _19318_/CK 
Endpoint:   _19318_/D (^) checked with  leading edge of 'aes_clk'
Beginpoint: _19477_/Q (v) triggered by  leading edge of 'aes_clk'
Path Groups: {aes_clk}
Analysis View: VIEW_TYP
Other End Arrival Time          0.129
- Setup                         0.035
+ Phase Shift                   2.000
+ CPPR Adjustment               0.000
- Uncertainty                   0.100
= Required Time                 1.994
- Arrival Time                  2.039
= Slack Time                   -0.045
     Clock Rise Edge                      0.000
     + Source Insertion Delay            -0.128
     = Beginpoint Arrival Time           -0.128
     Timing Path:
     +-----------------------------------------------------------------------------+ 
     |      Instance       |     Arc      |   Cell    | Delay | Arrival | Required | 
     |                     |              |           |       |  Time   |   Time   | 
     |---------------------+--------------+-----------+-------+---------+----------| 
     |                     | clk ^        |           |       |  -0.128 |   -0.173 | 
     | CTS_ccl_a_buf_00084 | A ^ -> Z ^   | CLKBUF_X3 | 0.050 |  -0.077 |   -0.122 | 
     | CTS_ccl_a_buf_00067 | A ^ -> Z ^   | CLKBUF_X3 | 0.076 |  -0.001 |   -0.046 | 
     | _19477_             | CK ^ -> Q v  | DFF_X1    | 0.124 |   0.123 |    0.078 | 
     | FE_OFC18_ld_r       | A v -> Z v   | BUF_X1    | 0.079 |   0.202 |    0.157 | 
     | FE_OFC19_ld_r       | A v -> Z v   | BUF_X1    | 0.081 |   0.284 |    0.238 | 
     | _09768_             | A v -> ZN ^  | INV_X1    | 0.077 |   0.360 |    0.315 | 
     | FE_OFC31_00986      | A ^ -> Z ^   | BUF_X1    | 0.099 |   0.459 |    0.414 | 
     | FE_OFC34_00986      | A ^ -> Z ^   | BUF_X1    | 0.105 |   0.564 |    0.519 | 
     | FE_OFC38_00986      | A ^ -> Z ^   | BUF_X1    | 0.102 |   0.667 |    0.621 | 
     | FE_OFC40_00986      | A ^ -> Z ^   | BUF_X1    | 0.094 |   0.761 |    0.715 | 
     | FE_OFC41_00986      | A ^ -> Z ^   | BUF_X1    | 0.084 |   0.845 |    0.800 | 
     | _16115_             | S ^ -> Z v   | MUX2_X1   | 0.079 |   0.923 |    0.878 | 
     | _16116_             | B v -> ZN ^  | XNOR2_X1  | 0.056 |   0.980 |    0.935 | 
     | FE_OFC464_07107     | A ^ -> Z ^   | BUF_X1    | 0.091 |   1.071 |    1.025 | 
     | FE_OFC465_07107     | A ^ -> Z ^   | BUF_X1    | 0.100 |   1.170 |    1.125 | 
     | FE_OFC466_07107     | A ^ -> Z ^   | BUF_X1    | 0.096 |   1.266 |    1.221 | 
     | FE_OFC467_07107     | A ^ -> Z ^   | BUF_X1    | 0.103 |   1.369 |    1.324 | 
     | _16419_             | A ^ -> ZN v  | OAI21_X1  | 0.114 |   1.483 |    1.438 | 
     | _16425_             | B2 v -> ZN ^ | OAI221_X1 | 0.272 |   1.756 |    1.710 | 
     | _16427_             | A ^ -> ZN v  | OAI21_X1  | 0.143 |   1.898 |    1.853 | 
     | _16428_             | B v -> Z v   | MUX2_X1   | 0.088 |   1.987 |    1.942 | 
     | _16447_             | A2 v -> ZN ^ | OAI22_X1  | 0.053 |   2.039 |    1.994 | 
     | _19318_             | D ^          | DFF_X1    | 0.000 |   2.039 |    1.994 | 
     +-----------------------------------------------------------------------------+ 
     Clock Rise Edge                      0.000
     = Beginpoint Arrival Time            0.000
     Other End Path:
     +---------------------------------------------------------------------------+ 
     |      Instance       |    Arc     |   Cell    | Delay | Arrival | Required | 
     |                     |            |           |       |  Time   |   Time   | 
     |---------------------+------------+-----------+-------+---------+----------| 
     |                     | clk ^      |           |       |   0.000 |    0.045 | 
     | CTS_ccl_a_buf_00084 | A ^ -> Z ^ | CLKBUF_X3 | 0.050 |   0.050 |    0.096 | 
     | CTS_ccl_a_buf_00067 | A ^ -> Z ^ | CLKBUF_X3 | 0.076 |   0.126 |    0.172 | 
     | _19318_             | CK ^       | DFF_X1    | 0.003 |   0.129 |    0.174 | 
     +---------------------------------------------------------------------------+ 
Path 2: MET Setup Check with Pin _19324_/CK 
Endpoint:   _19324_/D (v) checked with  leading edge of 'aes_clk'
Beginpoint: _19477_/Q (v) triggered by  leading edge of 'aes_clk'
Path Groups: {aes_clk}
Analysis View: VIEW_TYP
Other End Arrival Time          0.129
- Setup                         0.029
+ Phase Shift                   2.000
+ CPPR Adjustment               0.000
- Uncertainty                   0.100
= Required Time                 2.000
- Arrival Time                  1.653
= Slack Time                    0.347
     Clock Rise Edge                      0.000
     + Source Insertion Delay            -0.128
     = Beginpoint Arrival Time           -0.128
     Timing Path:
     +-----------------------------------------------------------------------------+ 
     |      Instance       |     Arc      |   Cell    | Delay | Arrival | Required | 
     |                     |              |           |       |  Time   |   Time   | 
     |---------------------+--------------+-----------+-------+---------+----------| 
     |                     | clk ^        |           |       |  -0.128 |    0.219 | 
     | CTS_ccl_a_buf_00084 | A ^ -> Z ^   | CLKBUF_X3 | 0.050 |  -0.077 |    0.270 | 
     | CTS_ccl_a_buf_00067 | A ^ -> Z ^   | CLKBUF_X3 | 0.076 |  -0.001 |    0.346 | 
     | _19477_             | CK ^ -> Q v  | DFF_X1    | 0.124 |   0.123 |    0.470 | 
     | FE_OFC18_ld_r       | A v -> Z v   | BUF_X1    | 0.079 |   0.202 |    0.549 | 
     | FE_OFC19_ld_r       | A v -> Z v   | BUF_X1    | 0.081 |   0.284 |    0.631 | 
     | _09768_             | A v -> ZN ^  | INV_X1    | 0.077 |   0.360 |    0.707 | 
     | FE_OFC31_00986      | A ^ -> Z ^   | BUF_X1    | 0.099 |   0.459 |    0.806 | 
     | FE_OFC34_00986      | A ^ -> Z ^   | BUF_X1    | 0.105 |   0.564 |    0.911 | 
     | FE_OFC38_00986      | A ^ -> Z ^   | BUF_X1    | 0.102 |   0.667 |    1.014 | 
     | FE_OFC40_00986      | A ^ -> Z ^   | BUF_X1    | 0.094 |   0.761 |    1.108 | 
     | FE_OFC41_00986      | A ^ -> Z ^   | BUF_X1    | 0.084 |   0.845 |    1.192 | 
     | _16115_             | S ^ -> Z v   | MUX2_X1   | 0.079 |   0.923 |    1.271 | 
     | _16116_             | B v -> ZN ^  | XNOR2_X1  | 0.056 |   0.980 |    1.327 | 
     | FE_OFC464_07107     | A ^ -> Z ^   | BUF_X1    | 0.091 |   1.071 |    1.418 | 
     | FE_OFC465_07107     | A ^ -> Z ^   | BUF_X1    | 0.100 |   1.170 |    1.518 | 
     | FE_OFC466_07107     | A ^ -> Z ^   | BUF_X1    | 0.096 |   1.266 |    1.613 | 
     | FE_OFC467_07107     | A ^ -> Z ^   | BUF_X1    | 0.103 |   1.369 |    1.716 | 
     | _16419_             | A ^ -> ZN v  | OAI21_X1  | 0.114 |   1.483 |    1.831 | 
     | _18848_             | C2 v -> ZN ^ | OAI221_X1 | 0.061 |   1.544 |    1.891 | 
     | _18849_             | B2 ^ -> ZN v | AOI21_X1  | 0.021 |   1.565 |    1.912 | 
     | _18850_             | B v -> ZN ^  | AOI211_X1 | 0.069 |   1.635 |    1.982 | 
     | _18851_             | A2 ^ -> ZN v | NOR2_X1   | 0.018 |   1.653 |    2.000 | 
     | _19324_             | D v          | DFF_X1    | 0.000 |   1.653 |    2.000 | 
     +-----------------------------------------------------------------------------+ 
     Clock Rise Edge                      0.000
     = Beginpoint Arrival Time            0.000
     Other End Path:
     +---------------------------------------------------------------------------+ 
     |      Instance       |    Arc     |   Cell    | Delay | Arrival | Required | 
     |                     |            |           |       |  Time   |   Time   | 
     |---------------------+------------+-----------+-------+---------+----------| 
     |                     | clk ^      |           |       |   0.000 |   -0.347 | 
     | CTS_ccl_a_buf_00084 | A ^ -> Z ^ | CLKBUF_X3 | 0.050 |   0.050 |   -0.297 | 
     | CTS_ccl_a_buf_00067 | A ^ -> Z ^ | CLKBUF_X3 | 0.076 |   0.126 |   -0.221 | 
     | _19324_             | CK ^       | DFF_X1    | 0.003 |   0.129 |   -0.218 | 
     +---------------------------------------------------------------------------+ 
Path 3: MET Setup Check with Pin _19317_/CK 
Endpoint:   _19317_/D (v) checked with  leading edge of 'aes_clk'
Beginpoint: _19477_/Q (v) triggered by  leading edge of 'aes_clk'
Path Groups: {aes_clk}
Analysis View: VIEW_TYP
Other End Arrival Time          0.127
- Setup                         0.029
+ Phase Shift                   2.000
+ CPPR Adjustment               0.000
- Uncertainty                   0.100
= Required Time                 1.998
- Arrival Time                  1.592
= Slack Time                    0.406
     Clock Rise Edge                      0.000
     + Source Insertion Delay            -0.128
     = Beginpoint Arrival Time           -0.128
     Timing Path:
     +-----------------------------------------------------------------------------+ 
     |      Instance       |     Arc      |   Cell    | Delay | Arrival | Required | 
     |                     |              |           |       |  Time   |   Time   | 
     |---------------------+--------------+-----------+-------+---------+----------| 
     |                     | clk ^        |           |       |  -0.128 |    0.278 | 
     | CTS_ccl_a_buf_00084 | A ^ -> Z ^   | CLKBUF_X3 | 0.050 |  -0.077 |    0.329 | 
     | CTS_ccl_a_buf_00067 | A ^ -> Z ^   | CLKBUF_X3 | 0.076 |  -0.001 |    0.405 | 
     | _19477_             | CK ^ -> Q v  | DFF_X1    | 0.124 |   0.123 |    0.529 | 
     | FE_OFC18_ld_r       | A v -> Z v   | BUF_X1    | 0.079 |   0.202 |    0.608 | 
     | FE_OFC19_ld_r       | A v -> Z v   | BUF_X1    | 0.081 |   0.284 |    0.690 | 
     | _09768_             | A v -> ZN ^  | INV_X1    | 0.077 |   0.360 |    0.766 | 
     | FE_OFC31_00986      | A ^ -> Z ^   | BUF_X1    | 0.099 |   0.459 |    0.865 | 
     | FE_OFC34_00986      | A ^ -> Z ^   | BUF_X1    | 0.105 |   0.564 |    0.970 | 
     | FE_OFC38_00986      | A ^ -> Z ^   | BUF_X1    | 0.102 |   0.667 |    1.073 | 
     | FE_OFC40_00986      | A ^ -> Z ^   | BUF_X1    | 0.094 |   0.761 |    1.167 | 
     | FE_OFC41_00986      | A ^ -> Z ^   | BUF_X1    | 0.084 |   0.845 |    1.251 | 
     | _16115_             | S ^ -> Z v   | MUX2_X1   | 0.079 |   0.923 |    1.330 | 
     | _16116_             | B v -> ZN ^  | XNOR2_X1  | 0.056 |   0.980 |    1.386 | 
     | FE_OFC464_07107     | A ^ -> Z ^   | BUF_X1    | 0.091 |   1.071 |    1.477 | 
     | FE_OFC465_07107     | A ^ -> Z ^   | BUF_X1    | 0.100 |   1.170 |    1.577 | 
     | FE_OFC466_07107     | A ^ -> Z ^   | BUF_X1    | 0.096 |   1.266 |    1.672 | 
     | FE_OFC467_07107     | A ^ -> Z ^   | BUF_X1    | 0.103 |   1.369 |    1.775 | 
     | _16450_             | A ^ -> ZN v  | OAI21_X1  | 0.030 |   1.399 |    1.805 | 
     | _16451_             | B2 v -> ZN ^ | OAI33_X1  | 0.092 |   1.491 |    1.897 | 
     | _16469_             | C1 ^ -> ZN v | OAI211_X1 | 0.029 |   1.520 |    1.926 | 
     | _16470_             | B2 v -> ZN ^ | AOI21_X1  | 0.047 |   1.567 |    1.973 | 
     | _16474_             | A1 ^ -> ZN v | NOR2_X1   | 0.024 |   1.591 |    1.997 | 
     | _19317_             | D v          | DFF_X1    | 0.001 |   1.592 |    1.998 | 
     +-----------------------------------------------------------------------------+ 
     Clock Rise Edge                      0.000
     = Beginpoint Arrival Time            0.000
     Other End Path:
     +---------------------------------------------------------------------------+ 
     |      Instance       |    Arc     |   Cell    | Delay | Arrival | Required | 
     |                     |            |           |       |  Time   |   Time   | 
     |---------------------+------------+-----------+-------+---------+----------| 
     |                     | clk ^      |           |       |   0.000 |   -0.406 | 
     | CTS_ccl_a_buf_00086 | A ^ -> Z ^ | CLKBUF_X3 | 0.052 |   0.051 |   -0.355 | 
     | CTS_ccl_a_buf_00071 | A ^ -> Z ^ | CLKBUF_X3 | 0.074 |   0.125 |   -0.281 | 
     | _19317_             | CK ^       | DFF_X1    | 0.002 |   0.127 |   -0.279 | 
     +---------------------------------------------------------------------------+ 
Path 4: MET Setup Check with Pin _19322_/CK 
Endpoint:   _19322_/D (^) checked with  leading edge of 'aes_clk'
Beginpoint: _19477_/Q (v) triggered by  leading edge of 'aes_clk'
Path Groups: {aes_clk}
Analysis View: VIEW_TYP
Other End Arrival Time          0.127
- Setup                         0.035
+ Phase Shift                   2.000
+ CPPR Adjustment               0.000
- Uncertainty                   0.100
= Required Time                 1.993
- Arrival Time                  1.565
= Slack Time                    0.428
     Clock Rise Edge                      0.000
     + Source Insertion Delay            -0.128
     = Beginpoint Arrival Time           -0.128
     Timing Path:
     +-----------------------------------------------------------------------------+ 
     |      Instance       |     Arc      |   Cell    | Delay | Arrival | Required | 
     |                     |              |           |       |  Time   |   Time   | 
     |---------------------+--------------+-----------+-------+---------+----------| 
     |                     | clk ^        |           |       |  -0.128 |    0.300 | 
     | CTS_ccl_a_buf_00084 | A ^ -> Z ^   | CLKBUF_X3 | 0.050 |  -0.077 |    0.351 | 
     | CTS_ccl_a_buf_00067 | A ^ -> Z ^   | CLKBUF_X3 | 0.076 |  -0.001 |    0.427 | 
     | _19477_             | CK ^ -> Q v  | DFF_X1    | 0.124 |   0.123 |    0.551 | 
     | FE_OFC18_ld_r       | A v -> Z v   | BUF_X1    | 0.079 |   0.202 |    0.630 | 
     | FE_OFC19_ld_r       | A v -> Z v   | BUF_X1    | 0.081 |   0.284 |    0.712 | 
     | _09768_             | A v -> ZN ^  | INV_X1    | 0.077 |   0.360 |    0.788 | 
     | FE_OFC31_00986      | A ^ -> Z ^   | BUF_X1    | 0.099 |   0.459 |    0.887 | 
     | FE_OFC34_00986      | A ^ -> Z ^   | BUF_X1    | 0.105 |   0.564 |    0.992 | 
     | FE_OFC38_00986      | A ^ -> Z ^   | BUF_X1    | 0.102 |   0.667 |    1.095 | 
     | FE_OFC40_00986      | A ^ -> Z ^   | BUF_X1    | 0.094 |   0.761 |    1.189 | 
     | FE_OFC41_00986      | A ^ -> Z ^   | BUF_X1    | 0.084 |   0.845 |    1.273 | 
     | _16115_             | S ^ -> Z v   | MUX2_X1   | 0.079 |   0.923 |    1.352 | 
     | _16117_             | B v -> Z ^   | XOR2_X1   | 0.059 |   0.983 |    1.411 | 
     | FE_OFC468_07108     | A ^ -> Z ^   | BUF_X1    | 0.083 |   1.065 |    1.493 | 
     | FE_OFC469_07108     | A ^ -> Z ^   | BUF_X1    | 0.093 |   1.158 |    1.586 | 
     | FE_OFC470_07108     | A ^ -> Z ^   | BUF_X1    | 0.100 |   1.258 |    1.686 | 
     | FE_OFC471_07108     | A ^ -> Z ^   | BUF_X1    | 0.105 |   1.362 |    1.790 | 
     | _16259_             | A1 ^ -> ZN v | NOR2_X1   | 0.017 |   1.379 |    1.807 | 
     | _16260_             | A3 v -> ZN ^ | NAND3_X1  | 0.031 |   1.410 |    1.838 | 
     | _16285_             | B ^ -> ZN v  | OAI211_X1 | 0.029 |   1.439 |    1.867 | 
     | _16286_             | B v -> ZN ^  | OAI211_X1 | 0.032 |   1.470 |    1.898 | 
     | _16287_             | A2 ^ -> ZN v | NAND2_X1  | 0.017 |   1.488 |    1.916 | 
     | _16288_             | B2 v -> ZN ^ | OAI21_X1  | 0.076 |   1.564 |    1.992 | 
     | _19322_             | D ^          | DFF_X1    | 0.001 |   1.565 |    1.993 | 
     +-----------------------------------------------------------------------------+ 
     Clock Rise Edge                      0.000
     = Beginpoint Arrival Time            0.000
     Other End Path:
     +---------------------------------------------------------------------------+ 
     |      Instance       |    Arc     |   Cell    | Delay | Arrival | Required | 
     |                     |            |           |       |  Time   |   Time   | 
     |---------------------+------------+-----------+-------+---------+----------| 
     |                     | clk ^      |           |       |   0.000 |   -0.428 | 
     | CTS_ccl_a_buf_00086 | A ^ -> Z ^ | CLKBUF_X3 | 0.052 |   0.052 |   -0.377 | 
     | CTS_ccl_a_buf_00071 | A ^ -> Z ^ | CLKBUF_X3 | 0.074 |   0.125 |   -0.303 | 
     | _19322_             | CK ^       | DFF_X1    | 0.002 |   0.127 |   -0.301 | 
     +---------------------------------------------------------------------------+ 
Path 5: MET Setup Check with Pin _19319_/CK 
Endpoint:   _19319_/D (v) checked with  leading edge of 'aes_clk'
Beginpoint: _19477_/Q (v) triggered by  leading edge of 'aes_clk'
Path Groups: {aes_clk}
Analysis View: VIEW_TYP
Other End Arrival Time          0.129
- Setup                         0.029
+ Phase Shift                   2.000
+ CPPR Adjustment               0.000
- Uncertainty                   0.100
= Required Time                 2.001
- Arrival Time                  1.569
= Slack Time                    0.431
     Clock Rise Edge                      0.000
     + Source Insertion Delay            -0.128
     = Beginpoint Arrival Time           -0.128
     Timing Path:
     +-----------------------------------------------------------------------------+ 
     |      Instance       |     Arc      |   Cell    | Delay | Arrival | Required | 
     |                     |              |           |       |  Time   |   Time   | 
     |---------------------+--------------+-----------+-------+---------+----------| 
     |                     | clk ^        |           |       |  -0.128 |    0.303 | 
     | CTS_ccl_a_buf_00084 | A ^ -> Z ^   | CLKBUF_X3 | 0.050 |  -0.077 |    0.354 | 
     | CTS_ccl_a_buf_00067 | A ^ -> Z ^   | CLKBUF_X3 | 0.076 |  -0.001 |    0.430 | 
     | _19477_             | CK ^ -> Q v  | DFF_X1    | 0.124 |   0.123 |    0.554 | 
     | FE_OFC18_ld_r       | A v -> Z v   | BUF_X1    | 0.079 |   0.202 |    0.633 | 
     | FE_OFC19_ld_r       | A v -> Z v   | BUF_X1    | 0.081 |   0.284 |    0.715 | 
     | _09768_             | A v -> ZN ^  | INV_X1    | 0.077 |   0.360 |    0.791 | 
     | FE_OFC31_00986      | A ^ -> Z ^   | BUF_X1    | 0.099 |   0.459 |    0.890 | 
     | FE_OFC34_00986      | A ^ -> Z ^   | BUF_X1    | 0.105 |   0.564 |    0.995 | 
     | FE_OFC38_00986      | A ^ -> Z ^   | BUF_X1    | 0.102 |   0.667 |    1.098 | 
     | FE_OFC40_00986      | A ^ -> Z ^   | BUF_X1    | 0.094 |   0.761 |    1.192 | 
     | FE_OFC41_00986      | A ^ -> Z ^   | BUF_X1    | 0.084 |   0.845 |    1.276 | 
     | _16115_             | S ^ -> Z v   | MUX2_X1   | 0.079 |   0.923 |    1.355 | 
     | _16117_             | B v -> Z ^   | XOR2_X1   | 0.059 |   0.983 |    1.414 | 
     | FE_OFC468_07108     | A ^ -> Z ^   | BUF_X1    | 0.083 |   1.065 |    1.496 | 
     | FE_OFC469_07108     | A ^ -> Z ^   | BUF_X1    | 0.093 |   1.158 |    1.589 | 
     | FE_OFC470_07108     | A ^ -> Z ^   | BUF_X1    | 0.100 |   1.258 |    1.689 | 
     | FE_OFC471_07108     | A ^ -> Z ^   | BUF_X1    | 0.105 |   1.362 |    1.793 | 
     | _16270_             | A ^ -> ZN v  | OAI21_X1  | 0.031 |   1.393 |    1.824 | 
     | _16387_             | A v -> ZN ^  | AOI21_X1  | 0.044 |   1.437 |    1.868 | 
     | _16389_             | B1 ^ -> ZN v | OAI21_X1  | 0.020 |   1.457 |    1.888 | 
     | _16391_             | A v -> ZN ^  | OAI21_X1  | 0.025 |   1.483 |    1.914 | 
     | _16394_             | A2 ^ -> ZN v | AOI22_X1  | 0.017 |   1.499 |    1.930 | 
     | _16414_             | A v -> Z v   | MUX2_X1   | 0.070 |   1.569 |    2.000 | 
     | _19319_             | D v          | DFF_X1    | 0.000 |   1.569 |    2.001 | 
     +-----------------------------------------------------------------------------+ 
     Clock Rise Edge                      0.000
     = Beginpoint Arrival Time            0.000
     Other End Path:
     +---------------------------------------------------------------------------+ 
     |      Instance       |    Arc     |   Cell    | Delay | Arrival | Required | 
     |                     |            |           |       |  Time   |   Time   | 
     |---------------------+------------+-----------+-------+---------+----------| 
     |                     | clk ^      |           |       |   0.000 |   -0.431 | 
     | CTS_ccl_a_buf_00084 | A ^ -> Z ^ | CLKBUF_X3 | 0.050 |   0.050 |   -0.381 | 
     | CTS_ccl_a_buf_00067 | A ^ -> Z ^ | CLKBUF_X3 | 0.076 |   0.127 |   -0.305 | 
     | _19319_             | CK ^       | DFF_X1    | 0.003 |   0.129 |   -0.302 | 
     +---------------------------------------------------------------------------+ 
Path 6: MET Setup Check with Pin _19321_/CK 
Endpoint:   _19321_/D (^) checked with  leading edge of 'aes_clk'
Beginpoint: _19477_/Q (v) triggered by  leading edge of 'aes_clk'
Path Groups: {aes_clk}
Analysis View: VIEW_TYP
Other End Arrival Time          0.129
- Setup                         0.031
+ Phase Shift                   2.000
+ CPPR Adjustment               0.000
- Uncertainty                   0.100
= Required Time                 1.998
- Arrival Time                  1.538
= Slack Time                    0.460
     Clock Rise Edge                      0.000
     + Source Insertion Delay            -0.128
     = Beginpoint Arrival Time           -0.128
     Timing Path:
     +-----------------------------------------------------------------------------+ 
     |      Instance       |     Arc      |   Cell    | Delay | Arrival | Required | 
     |                     |              |           |       |  Time   |   Time   | 
     |---------------------+--------------+-----------+-------+---------+----------| 
     |                     | clk ^        |           |       |  -0.128 |    0.333 | 
     | CTS_ccl_a_buf_00084 | A ^ -> Z ^   | CLKBUF_X3 | 0.050 |  -0.077 |    0.383 | 
     | CTS_ccl_a_buf_00067 | A ^ -> Z ^   | CLKBUF_X3 | 0.076 |  -0.001 |    0.459 | 
     | _19477_             | CK ^ -> Q v  | DFF_X1    | 0.124 |   0.123 |    0.583 | 
     | FE_OFC18_ld_r       | A v -> Z v   | BUF_X1    | 0.079 |   0.202 |    0.663 | 
     | FE_OFC19_ld_r       | A v -> Z v   | BUF_X1    | 0.081 |   0.284 |    0.744 | 
     | _09768_             | A v -> ZN ^  | INV_X1    | 0.077 |   0.360 |    0.820 | 
     | FE_OFC31_00986      | A ^ -> Z ^   | BUF_X1    | 0.099 |   0.459 |    0.920 | 
     | FE_OFC34_00986      | A ^ -> Z ^   | BUF_X1    | 0.105 |   0.564 |    1.024 | 
     | FE_OFC38_00986      | A ^ -> Z ^   | BUF_X1    | 0.102 |   0.667 |    1.127 | 
     | FE_OFC40_00986      | A ^ -> Z ^   | BUF_X1    | 0.094 |   0.761 |    1.221 | 
     | FE_OFC41_00986      | A ^ -> Z ^   | BUF_X1    | 0.084 |   0.845 |    1.305 | 
     | _16115_             | S ^ -> Z v   | MUX2_X1   | 0.079 |   0.923 |    1.384 | 
     | _16117_             | B v -> Z ^   | XOR2_X1   | 0.059 |   0.983 |    1.443 | 
     | FE_OFC468_07108     | A ^ -> Z ^   | BUF_X1    | 0.083 |   1.065 |    1.525 | 
     | FE_OFC469_07108     | A ^ -> Z ^   | BUF_X1    | 0.093 |   1.158 |    1.618 | 
     | FE_OFC470_07108     | A ^ -> Z ^   | BUF_X1    | 0.100 |   1.258 |    1.718 | 
     | FE_OFC471_07108     | A ^ -> Z ^   | BUF_X1    | 0.105 |   1.362 |    1.822 | 
     | _16302_             | A ^ -> ZN v  | OAI21_X1  | 0.042 |   1.404 |    1.864 | 
     | _16306_             | B1 v -> ZN ^ | OAI21_X1  | 0.034 |   1.438 |    1.898 | 
     | _16308_             | B2 ^ -> ZN v | OAI21_X1  | 0.020 |   1.458 |    1.918 | 
     | _16309_             | A2 v -> ZN ^ | NOR2_X1   | 0.031 |   1.489 |    1.950 | 
     | _16310_             | B2 ^ -> ZN v | OAI21_X1  | 0.020 |   1.509 |    1.970 | 
     | _16333_             | A v -> ZN ^  | OAI21_X1  | 0.028 |   1.538 |    1.998 | 
     | _19321_             | D ^          | DFF_X1    | 0.000 |   1.538 |    1.998 | 
     +-----------------------------------------------------------------------------+ 
     Clock Rise Edge                      0.000
     = Beginpoint Arrival Time            0.000
     Other End Path:
     +---------------------------------------------------------------------------+ 
     |      Instance       |    Arc     |   Cell    | Delay | Arrival | Required | 
     |                     |            |           |       |  Time   |   Time   | 
     |---------------------+------------+-----------+-------+---------+----------| 
     |                     | clk ^      |           |       |   0.000 |   -0.460 | 
     | CTS_ccl_a_buf_00084 | A ^ -> Z ^ | CLKBUF_X3 | 0.050 |   0.050 |   -0.410 | 
     | CTS_ccl_a_buf_00067 | A ^ -> Z ^ | CLKBUF_X3 | 0.076 |   0.127 |   -0.334 | 
     | _19321_             | CK ^       | DFF_X1    | 0.003 |   0.129 |   -0.331 | 
     +---------------------------------------------------------------------------+ 
Path 7: MET Setup Check with Pin _19706_/CK 
Endpoint:   _19706_/D (v) checked with  leading edge of 'aes_clk'
Beginpoint: _19477_/Q (v) triggered by  leading edge of 'aes_clk'
Path Groups: {aes_clk}
Analysis View: VIEW_TYP
Other End Arrival Time          0.130
- Setup                         0.029
+ Phase Shift                   2.000
+ CPPR Adjustment               0.000
- Uncertainty                   0.100
= Required Time                 2.001
- Arrival Time                  1.539
= Slack Time                    0.462
     Clock Rise Edge                      0.000
     + Source Insertion Delay            -0.128
     = Beginpoint Arrival Time           -0.128
     Timing Path:
     +-----------------------------------------------------------------------------+ 
     |      Instance       |     Arc      |   Cell    | Delay | Arrival | Required | 
     |                     |              |           |       |  Time   |   Time   | 
     |---------------------+--------------+-----------+-------+---------+----------| 
     |                     | clk ^        |           |       |  -0.128 |    0.334 | 
     | CTS_ccl_a_buf_00084 | A ^ -> Z ^   | CLKBUF_X3 | 0.050 |  -0.077 |    0.384 | 
     | CTS_ccl_a_buf_00067 | A ^ -> Z ^   | CLKBUF_X3 | 0.076 |  -0.001 |    0.461 | 
     | _19477_             | CK ^ -> Q v  | DFF_X1    | 0.124 |   0.123 |    0.585 | 
     | FE_OFC18_ld_r       | A v -> Z v   | BUF_X1    | 0.079 |   0.202 |    0.664 | 
     | FE_OFC19_ld_r       | A v -> Z v   | BUF_X1    | 0.081 |   0.284 |    0.745 | 
     | _09768_             | A v -> ZN ^  | INV_X1    | 0.077 |   0.360 |    0.822 | 
     | FE_OFC31_00986      | A ^ -> Z ^   | BUF_X1    | 0.099 |   0.459 |    0.921 | 
     | FE_OFC34_00986      | A ^ -> Z ^   | BUF_X1    | 0.105 |   0.564 |    1.026 | 
     | FE_OFC38_00986      | A ^ -> Z ^   | BUF_X1    | 0.102 |   0.667 |    1.128 | 
     | FE_OFC40_00986      | A ^ -> Z ^   | BUF_X1    | 0.094 |   0.761 |    1.222 | 
     | FE_OFC41_00986      | A ^ -> Z ^   | BUF_X1    | 0.084 |   0.845 |    1.307 | 
     | _16596_             | S ^ -> Z v   | MUX2_X1   | 0.074 |   0.919 |    1.380 | 
     | _16598_             | B v -> ZN ^  | XNOR2_X1  | 0.032 |   0.951 |    1.412 | 
     | FE_OFC497_07580     | A ^ -> Z ^   | BUF_X1    | 0.100 |   1.051 |    1.513 | 
     | FE_OFC498_07580     | A ^ -> Z ^   | BUF_X1    | 0.107 |   1.158 |    1.619 | 
     | _16670_             | A2 ^ -> ZN v | NAND2_X1  | 0.077 |   1.235 |    1.697 | 
     | _16833_             | A1 v -> ZN ^ | NOR2_X1   | 0.076 |   1.311 |    1.773 | 
     | _16834_             | A3 ^ -> ZN v | NOR3_X1   | 0.018 |   1.329 |    1.791 | 
     | _16837_             | A2 v -> ZN ^ | NOR3_X1   | 0.094 |   1.423 |    1.885 | 
     | _16838_             | B ^ -> ZN v  | AOI211_X1 | 0.026 |   1.449 |    1.910 | 
     | _16846_             | B v -> ZN ^  | AOI211_X1 | 0.072 |   1.521 |    1.982 | 
     | _16847_             | A ^ -> ZN v  | AOI21_X1  | 0.018 |   1.539 |    2.001 | 
     | _19706_             | D v          | DFF_X1    | 0.000 |   1.539 |    2.001 | 
     +-----------------------------------------------------------------------------+ 
     Clock Rise Edge                      0.000
     = Beginpoint Arrival Time            0.000
     Other End Path:
     +---------------------------------------------------------------------------+ 
     |      Instance       |    Arc     |   Cell    | Delay | Arrival | Required | 
     |                     |            |           |       |  Time   |   Time   | 
     |---------------------+------------+-----------+-------+---------+----------| 
     |                     | clk ^      |           |       |   0.000 |   -0.462 | 
     | CTS_ccl_a_buf_00084 | A ^ -> Z ^ | CLKBUF_X3 | 0.050 |   0.050 |   -0.411 | 
     | CTS_ccl_a_buf_00049 | A ^ -> Z ^ | CLKBUF_X3 | 0.076 |   0.127 |   -0.335 | 
     | _19706_             | CK ^       | DFF_X1    | 0.003 |   0.130 |   -0.332 | 
     +---------------------------------------------------------------------------+ 
Path 8: MET Setup Check with Pin _19709_/CK 
Endpoint:   _19709_/D (^) checked with  leading edge of 'aes_clk'
Beginpoint: _19477_/Q (v) triggered by  leading edge of 'aes_clk'
Path Groups: {aes_clk}
Analysis View: VIEW_TYP
Other End Arrival Time          0.130
- Setup                         0.030
+ Phase Shift                   2.000
+ CPPR Adjustment               0.000
- Uncertainty                   0.100
= Required Time                 2.000
- Arrival Time                  1.531
= Slack Time                    0.469
     Clock Rise Edge                      0.000
     + Source Insertion Delay            -0.128
     = Beginpoint Arrival Time           -0.128
     Timing Path:
     +-----------------------------------------------------------------------------+ 
     |      Instance       |     Arc      |   Cell    | Delay | Arrival | Required | 
     |                     |              |           |       |  Time   |   Time   | 
     |---------------------+--------------+-----------+-------+---------+----------| 
     |                     | clk ^        |           |       |  -0.128 |    0.341 | 
     | CTS_ccl_a_buf_00084 | A ^ -> Z ^   | CLKBUF_X3 | 0.050 |  -0.077 |    0.392 | 
     | CTS_ccl_a_buf_00067 | A ^ -> Z ^   | CLKBUF_X3 | 0.076 |  -0.001 |    0.468 | 
     | _19477_             | CK ^ -> Q v  | DFF_X1    | 0.124 |   0.123 |    0.592 | 
     | FE_OFC18_ld_r       | A v -> Z v   | BUF_X1    | 0.079 |   0.202 |    0.671 | 
     | FE_OFC19_ld_r       | A v -> Z v   | BUF_X1    | 0.081 |   0.284 |    0.753 | 
     | _09768_             | A v -> ZN ^  | INV_X1    | 0.077 |   0.360 |    0.829 | 
     | FE_OFC31_00986      | A ^ -> Z ^   | BUF_X1    | 0.099 |   0.459 |    0.928 | 
     | FE_OFC34_00986      | A ^ -> Z ^   | BUF_X1    | 0.105 |   0.564 |    1.033 | 
     | FE_OFC38_00986      | A ^ -> Z ^   | BUF_X1    | 0.102 |   0.667 |    1.136 | 
     | FE_OFC40_00986      | A ^ -> Z ^   | BUF_X1    | 0.094 |   0.761 |    1.230 | 
     | FE_OFC41_00986      | A ^ -> Z ^   | BUF_X1    | 0.084 |   0.845 |    1.314 | 
     | _16586_             | S ^ -> Z v   | MUX2_X1   | 0.073 |   0.918 |    1.387 | 
     | _16587_             | B v -> ZN ^  | XNOR2_X1  | 0.033 |   0.951 |    1.420 | 
     | FE_OFC491_07569     | A ^ -> Z ^   | BUF_X1    | 0.077 |   1.029 |    1.498 | 
     | FE_OFC492_07569     | A ^ -> Z ^   | BUF_X1    | 0.095 |   1.124 |    1.593 | 
     | _16590_             | A2 ^ -> ZN v | NAND2_X1  | 0.060 |   1.184 |    1.653 | 
     | _16635_             | A2 v -> ZN ^ | NOR2_X1   | 0.144 |   1.328 |    1.797 | 
     | _16641_             | A1 ^ -> ZN v | OAI22_X1  | 0.034 |   1.362 |    1.831 | 
     | _16654_             | B2 v -> ZN ^ | AOI221_X1 | 0.082 |   1.443 |    1.912 | 
     | _16656_             | A1 ^ -> ZN ^ | OR2_X1    | 0.031 |   1.474 |    1.943 | 
     | _16680_             | B1 ^ -> ZN v | OAI21_X1  | 0.015 |   1.490 |    1.959 | 
     | _16713_             | B2 v -> ZN ^ | AOI21_X1  | 0.041 |   1.530 |    1.999 | 
     | _19709_             | D ^          | DFF_X1    | 0.000 |   1.531 |    2.000 | 
     +-----------------------------------------------------------------------------+ 
     Clock Rise Edge                      0.000
     = Beginpoint Arrival Time            0.000
     Other End Path:
     +---------------------------------------------------------------------------+ 
     |      Instance       |    Arc     |   Cell    | Delay | Arrival | Required | 
     |                     |            |           |       |  Time   |   Time   | 
     |---------------------+------------+-----------+-------+---------+----------| 
     |                     | clk ^      |           |       |   0.000 |   -0.469 | 
     | CTS_ccl_a_buf_00084 | A ^ -> Z ^ | CLKBUF_X3 | 0.050 |   0.050 |   -0.419 | 
     | CTS_ccl_a_buf_00049 | A ^ -> Z ^ | CLKBUF_X3 | 0.076 |   0.127 |   -0.342 | 
     | _19709_             | CK ^       | DFF_X1    | 0.003 |   0.130 |   -0.339 | 
     +---------------------------------------------------------------------------+ 
Path 9: MET Setup Check with Pin _19320_/CK 
Endpoint:   _19320_/D (v) checked with  leading edge of 'aes_clk'
Beginpoint: _19477_/Q (v) triggered by  leading edge of 'aes_clk'
Path Groups: {aes_clk}
Analysis View: VIEW_TYP
Other End Arrival Time          0.129
- Setup                         0.029
+ Phase Shift                   2.000
+ CPPR Adjustment               0.000
- Uncertainty                   0.100
= Required Time                 2.000
- Arrival Time                  1.520
= Slack Time                    0.479
     Clock Rise Edge                      0.000
     + Source Insertion Delay            -0.128
     = Beginpoint Arrival Time           -0.128
     Timing Path:
     +-----------------------------------------------------------------------------+ 
     |      Instance       |     Arc      |   Cell    | Delay | Arrival | Required | 
     |                     |              |           |       |  Time   |   Time   | 
     |---------------------+--------------+-----------+-------+---------+----------| 
     |                     | clk ^        |           |       |  -0.128 |    0.351 | 
     | CTS_ccl_a_buf_00084 | A ^ -> Z ^   | CLKBUF_X3 | 0.050 |  -0.077 |    0.402 | 
     | CTS_ccl_a_buf_00067 | A ^ -> Z ^   | CLKBUF_X3 | 0.076 |  -0.001 |    0.478 | 
     | _19477_             | CK ^ -> Q v  | DFF_X1    | 0.124 |   0.123 |    0.602 | 
     | FE_OFC18_ld_r       | A v -> Z v   | BUF_X1    | 0.079 |   0.202 |    0.681 | 
     | FE_OFC19_ld_r       | A v -> Z v   | BUF_X1    | 0.081 |   0.284 |    0.763 | 
     | _09768_             | A v -> ZN ^  | INV_X1    | 0.077 |   0.360 |    0.839 | 
     | FE_OFC31_00986      | A ^ -> Z ^   | BUF_X1    | 0.099 |   0.459 |    0.938 | 
     | FE_OFC34_00986      | A ^ -> Z ^   | BUF_X1    | 0.105 |   0.564 |    1.043 | 
     | FE_OFC38_00986      | A ^ -> Z ^   | BUF_X1    | 0.102 |   0.667 |    1.146 | 
     | FE_OFC40_00986      | A ^ -> Z ^   | BUF_X1    | 0.094 |   0.761 |    1.240 | 
     | FE_OFC41_00986      | A ^ -> Z ^   | BUF_X1    | 0.084 |   0.845 |    1.324 | 
     | _16076_             | A2 ^ -> ZN v | NOR2_X1   | 0.020 |   0.865 |    1.344 | 
     | _16080_             | A v -> ZN ^  | AOI21_X1  | 0.071 |   0.936 |    1.415 | 
     | _16081_             | B ^ -> ZN ^  | XNOR2_X1  | 0.057 |   0.994 |    1.473 | 
     | FE_OFC451_07072     | A ^ -> Z ^   | BUF_X1    | 0.092 |   1.086 |    1.565 | 
     | FE_OFC452_07072     | A ^ -> Z ^   | BUF_X1    | 0.109 |   1.194 |    1.674 | 
     | _16129_             | B2 ^ -> ZN v | AOI21_X1  | 0.022 |   1.216 |    1.695 | 
     | FE_OFC673_07120     | A v -> Z v   | BUF_X1    | 0.058 |   1.274 |    1.753 | 
     | _16130_             | B2 v -> ZN ^ | AOI22_X1  | 0.076 |   1.350 |    1.829 | 
     | _16350_             | A ^ -> ZN v  | OAI21_X1  | 0.026 |   1.376 |    1.855 | 
     | _16351_             | C1 v -> ZN ^ | AOI211_X1 | 0.066 |   1.443 |    1.922 | 
     | _16352_             | A ^ -> ZN v  | AOI21_X1  | 0.023 |   1.466 |    1.945 | 
     | _16353_             | B1 v -> ZN ^ | OAI21_X1  | 0.033 |   1.499 |    1.978 | 
     | _16376_             | B1 ^ -> ZN v | OAI21_X1  | 0.021 |   1.520 |    1.999 | 
     | _19320_             | D v          | DFF_X1    | 0.000 |   1.520 |    2.000 | 
     +-----------------------------------------------------------------------------+ 
     Clock Rise Edge                      0.000
     = Beginpoint Arrival Time            0.000
     Other End Path:
     +---------------------------------------------------------------------------+ 
     |      Instance       |    Arc     |   Cell    | Delay | Arrival | Required | 
     |                     |            |           |       |  Time   |   Time   | 
     |---------------------+------------+-----------+-------+---------+----------| 
     |                     | clk ^      |           |       |   0.000 |   -0.479 | 
     | CTS_ccl_a_buf_00084 | A ^ -> Z ^ | CLKBUF_X3 | 0.050 |   0.050 |   -0.429 | 
     | CTS_ccl_a_buf_00067 | A ^ -> Z ^ | CLKBUF_X3 | 0.076 |   0.127 |   -0.353 | 
     | _19320_             | CK ^       | DFF_X1    | 0.002 |   0.129 |   -0.350 | 
     +---------------------------------------------------------------------------+ 
Path 10: MET Setup Check with Pin _19641_/CK 
Endpoint:   _19641_/D (v) checked with  leading edge of 'aes_clk'
Beginpoint: _19477_/Q (v) triggered by  leading edge of 'aes_clk'
Path Groups: {aes_clk}
Analysis View: VIEW_TYP
Other End Arrival Time          0.128
- Setup                         0.028
+ Phase Shift                   2.000
+ CPPR Adjustment               0.000
- Uncertainty                   0.100
= Required Time                 2.000
- Arrival Time                  1.521
= Slack Time                    0.479
     Clock Rise Edge                      0.000
     + Source Insertion Delay            -0.128
     = Beginpoint Arrival Time           -0.128
     Timing Path:
     +-----------------------------------------------------------------------------+ 
     |      Instance       |     Arc      |   Cell    | Delay | Arrival | Required | 
     |                     |              |           |       |  Time   |   Time   | 
     |---------------------+--------------+-----------+-------+---------+----------| 
     |                     | clk ^        |           |       |  -0.128 |    0.352 | 
     | CTS_ccl_a_buf_00084 | A ^ -> Z ^   | CLKBUF_X3 | 0.050 |  -0.077 |    0.402 | 
     | CTS_ccl_a_buf_00067 | A ^ -> Z ^   | CLKBUF_X3 | 0.076 |  -0.001 |    0.478 | 
     | _19477_             | CK ^ -> Q v  | DFF_X1    | 0.124 |   0.123 |    0.603 | 
     | FE_OFC18_ld_r       | A v -> Z v   | BUF_X1    | 0.079 |   0.202 |    0.682 | 
     | FE_OFC19_ld_r       | A v -> Z v   | BUF_X1    | 0.081 |   0.284 |    0.763 | 
     | _09768_             | A v -> ZN ^  | INV_X1    | 0.077 |   0.360 |    0.839 | 
     | FE_OFC31_00986      | A ^ -> Z ^   | BUF_X1    | 0.099 |   0.459 |    0.939 | 
     | FE_OFC34_00986      | A ^ -> Z ^   | BUF_X1    | 0.105 |   0.564 |    1.044 | 
     | FE_OFC38_00986      | A ^ -> Z ^   | BUF_X1    | 0.102 |   0.667 |    1.146 | 
     | FE_OFC40_00986      | A ^ -> Z ^   | BUF_X1    | 0.094 |   0.761 |    1.240 | 
     | FE_OFC41_00986      | A ^ -> Z ^   | BUF_X1    | 0.084 |   0.845 |    1.324 | 
     | _09801_             | S ^ -> Z ^   | MUX2_X1   | 0.075 |   0.920 |    1.399 | 
     | _09802_             | B ^ -> ZN ^  | XNOR2_X1  | 0.042 |   0.962 |    1.441 | 
     | FE_OFC84_01020      | A ^ -> Z ^   | BUF_X1    | 0.091 |   1.052 |    1.532 | 
     | FE_OFC85_01020      | A ^ -> Z ^   | BUF_X1    | 0.113 |   1.165 |    1.645 | 
     | FE_OFC86_01020      | A ^ -> Z ^   | BUF_X1    | 0.109 |   1.275 |    1.754 | 
     | _10117_             | A ^ -> ZN v  | AOI211_X1 | 0.026 |   1.301 |    1.780 | 
     | _10118_             | A4 v -> ZN ^ | NOR4_X1   | 0.087 |   1.387 |    1.867 | 
     | _10119_             | A ^ -> ZN v  | AOI21_X1  | 0.020 |   1.407 |    1.887 | 
     | _10120_             | B1 v -> ZN ^ | OAI21_X1  | 0.030 |   1.437 |    1.917 | 
     | _10121_             | B1 ^ -> ZN v | AOI21_X1  | 0.021 |   1.458 |    1.937 | 
     | _10122_             | B v -> Z v   | MUX2_X1   | 0.062 |   1.521 |    2.000 | 
     | _19641_             | D v          | DFF_X1    | 0.000 |   1.521 |    2.000 | 
     +-----------------------------------------------------------------------------+ 
     Clock Rise Edge                      0.000
     = Beginpoint Arrival Time            0.000
     Other End Path:
     +---------------------------------------------------------------------------+ 
     |      Instance       |    Arc     |   Cell    | Delay | Arrival | Required | 
     |                     |            |           |       |  Time   |   Time   | 
     |---------------------+------------+-----------+-------+---------+----------| 
     |                     | clk ^      |           |       |   0.000 |   -0.479 | 
     | CTS_ccl_a_buf_00086 | A ^ -> Z ^ | CLKBUF_X3 | 0.052 |   0.051 |   -0.428 | 
     | CTS_ccl_a_buf_00075 | A ^ -> Z ^ | CLKBUF_X3 | 0.073 |   0.124 |   -0.355 | 
     | _19641_             | CK ^       | DFF_X1    | 0.004 |   0.128 |   -0.351 | 
     +---------------------------------------------------------------------------+ 

