
Cadence Innovus(TM) Implementation System.
Copyright 2019 Cadence Design Systems, Inc. All rights reserved worldwide.

Version:	v19.10-p002_1, built Fri Apr 19 15:18:11 PDT 2019
Options:	-nowin -files /home/host/eda_sub_ability/setup_downsize_cell/inject_violation/scenario_0001_setup_downsize_cell/perturb.tcl 
Date:		Wed Aug 19 23:45:49 2026
Host:		qingteng (x86_64 w/Linux 4.14.174) (4cores*4cpus*Intel(R) Xeon(R) Processor @ 2.90GHz 22528KB)
OS:		CentOS Linux release 7.9.2009 (Core)

License:
		invs	Innovus Implementation System	19.1	checkout succeeded
		8 CPU jobs allowed with the current license(s). Use setMultiCpuUsage to set your required CPU count.
**ERROR: (IMPOAX-142):	Could not open shared library libinnovusoax22.so : liboaDesign.so: cannot open shared object file: No such file or directory

**ERROR: (IMPOAX-142):	Could not open shared library libcdsSkillPcell.so : /opt/cadence/INNOVUS/tools.lnx86/lib/64bit/libcdsSkillPcell.so: undefined symbol: _ZTIN12OpenAccess_413oaFSComponentE

**ERROR: (IMPOAX-142):	OA features will be disabled in this session.

Create and set the environment variable TMPDIR to /tmp/innovus_temp_23548_qingteng_host_2LtI3X.

Change the soft stacksize limit to 0.2%RAM (15 mbytes). Set global soft_stack_size_limit to change the value.

**INFO:  MMMC transition support version v31-84 

Sourcing file "/home/host/eda_sub_ability/setup_downsize_cell/inject_violation/scenario_0001_setup_downsize_cell/perturb.tcl" ...
#% Begin load design ... (date=08/19 23:45:59, mem=463.3M)
Set Default Input Pin Transition as 0.1 ps.
Loading design 'aes_cipher_top' saved by 'Innovus' '19.10-p002_1' on 'Fri Aug 14 20:29:52 2026'.
**ERROR: (IMPOAX-820):	The OA features are disabled in the current session of Innovus because the oax shared library could not be loaded properly. This could be because your installation was not properly configured. To enable OA features, exit the current session and re-launch Innovus either after fixing your installation by running the Configure Installation phase, or after setting the OA_HOME variable to point to a proper OA installation. Check the "OpenAccess Installation and Configuration Guide" manual for more information.

**ERROR: (IMPOAX-850):	oaxCreateCdsLibArray command cannot be run as OA features are disabled in this session.
% Begin Load MMMC data ... (date=08/19 23:46:00, mem=465.0M)
% End Load MMMC data ... (date=08/19 23:46:00, total cpu=0:00:00.0, real=0:00:00.0, peak res=465.3M, current mem=465.3M)

Loading LEF file /home/host/eda_sub_ability/setup_downsize_cell/baseline/aes_route.enc.dat/libs/lef/NangateOpenCellLibrary.tech.lef ...

Loading LEF file /home/host/eda_sub_ability/setup_downsize_cell/baseline/aes_route.enc.dat/libs/lef/NangateOpenCellLibrary.macro.mod.lef ...
Set DBUPerIGU to M2 pitch 380.

viaInitial starts at Wed Aug 19 23:46:00 2026
viaInitial ends at Wed Aug 19 23:46:00 2026

##  Check design process and node:  
##  Both design process and tech node are not set.

Loading view definition file from /home/host/eda_sub_ability/setup_downsize_cell/baseline/aes_route.enc.dat/viewDefinition.tcl
Reading LIBSET_TYP timing library '/home/host/eda_sub_ability/setup_downsize_cell/baseline/aes_route.enc.dat/libs/mmmc/NangateOpenCellLibrary_typical.lib' ...
**WARN: (TECHLIB-436):	Attribute 'max_fanout' on 'output/inout' pin 'ZN' of cell 'AND2_X1' is not defined in the library. (File /home/host/eda_sub_ability/setup_downsize_cell/baseline/aes_route.enc.dat/libs/mmmc/NangateOpenCellLibrary_typical.lib)
**WARN: (TECHLIB-436):	Attribute 'max_fanout' on 'output/inout' pin 'ZN' of cell 'AND2_X2' is not defined in the library. (File /home/host/eda_sub_ability/setup_downsize_cell/baseline/aes_route.enc.dat/libs/mmmc/NangateOpenCellLibrary_typical.lib)
**WARN: (TECHLIB-436):	Attribute 'max_fanout' on 'output/inout' pin 'ZN' of cell 'AND2_X4' is not defined in the library. (File /home/host/eda_sub_ability/setup_downsize_cell/baseline/aes_route.enc.dat/libs/mmmc/NangateOpenCellLibrary_typical.lib)
**WARN: (TECHLIB-436):	Attribute 'max_fanout' on 'output/inout' pin 'ZN' of cell 'AND3_X1' is not defined in the library. (File /home/host/eda_sub_ability/setup_downsize_cell/baseline/aes_route.enc.dat/libs/mmmc/NangateOpenCellLibrary_typical.lib)
**WARN: (TECHLIB-436):	Attribute 'max_fanout' on 'output/inout' pin 'ZN' of cell 'AND3_X2' is not defined in the library. (File /home/host/eda_sub_ability/setup_downsize_cell/baseline/aes_route.enc.dat/libs/mmmc/NangateOpenCellLibrary_typical.lib)
**WARN: (TECHLIB-436):	Attribute 'max_fanout' on 'output/inout' pin 'ZN' of cell 'AND3_X4' is not defined in the library. (File /home/host/eda_sub_ability/setup_downsize_cell/baseline/aes_route.enc.dat/libs/mmmc/NangateOpenCellLibrary_typical.lib)
**WARN: (TECHLIB-436):	Attribute 'max_fanout' on 'output/inout' pin 'ZN' of cell 'AND4_X1' is not defined in the library. (File /home/host/eda_sub_ability/setup_downsize_cell/baseline/aes_route.enc.dat/libs/mmmc/NangateOpenCellLibrary_typical.lib)
**WARN: (TECHLIB-436):	Attribute 'max_fanout' on 'output/inout' pin 'ZN' of cell 'AND4_X2' is not defined in the library. (File /home/host/eda_sub_ability/setup_downsize_cell/baseline/aes_route.enc.dat/libs/mmmc/NangateOpenCellLibrary_typical.lib)
**WARN: (TECHLIB-436):	Attribute 'max_fanout' on 'output/inout' pin 'ZN' of cell 'AND4_X4' is not defined in the library. (File /home/host/eda_sub_ability/setup_downsize_cell/baseline/aes_route.enc.dat/libs/mmmc/NangateOpenCellLibrary_typical.lib)
**WARN: (TECHLIB-436):	Attribute 'max_fanout' on 'output/inout' pin 'ZN' of cell 'AOI21_X1' is not defined in the library. (File /home/host/eda_sub_ability/setup_downsize_cell/baseline/aes_route.enc.dat/libs/mmmc/NangateOpenCellLibrary_typical.lib)
**WARN: (TECHLIB-436):	Attribute 'max_fanout' on 'output/inout' pin 'ZN' of cell 'AOI21_X2' is not defined in the library. (File /home/host/eda_sub_ability/setup_downsize_cell/baseline/aes_route.enc.dat/libs/mmmc/NangateOpenCellLibrary_typical.lib)
**WARN: (TECHLIB-436):	Attribute 'max_fanout' on 'output/inout' pin 'ZN' of cell 'AOI21_X4' is not defined in the library. (File /home/host/eda_sub_ability/setup_downsize_cell/baseline/aes_route.enc.dat/libs/mmmc/NangateOpenCellLibrary_typical.lib)
**WARN: (TECHLIB-436):	Attribute 'max_fanout' on 'output/inout' pin 'ZN' of cell 'AOI22_X1' is not defined in the library. (File /home/host/eda_sub_ability/setup_downsize_cell/baseline/aes_route.enc.dat/libs/mmmc/NangateOpenCellLibrary_typical.lib)
**WARN: (TECHLIB-436):	Attribute 'max_fanout' on 'output/inout' pin 'ZN' of cell 'AOI22_X2' is not defined in the library. (File /home/host/eda_sub_ability/setup_downsize_cell/baseline/aes_route.enc.dat/libs/mmmc/NangateOpenCellLibrary_typical.lib)
**WARN: (TECHLIB-436):	Attribute 'max_fanout' on 'output/inout' pin 'ZN' of cell 'AOI22_X4' is not defined in the library. (File /home/host/eda_sub_ability/setup_downsize_cell/baseline/aes_route.enc.dat/libs/mmmc/NangateOpenCellLibrary_typical.lib)
**WARN: (TECHLIB-436):	Attribute 'max_fanout' on 'output/inout' pin 'ZN' of cell 'AOI211_X1' is not defined in the library. (File /home/host/eda_sub_ability/setup_downsize_cell/baseline/aes_route.enc.dat/libs/mmmc/NangateOpenCellLibrary_typical.lib)
**WARN: (TECHLIB-436):	Attribute 'max_fanout' on 'output/inout' pin 'ZN' of cell 'AOI211_X2' is not defined in the library. (File /home/host/eda_sub_ability/setup_downsize_cell/baseline/aes_route.enc.dat/libs/mmmc/NangateOpenCellLibrary_typical.lib)
**WARN: (TECHLIB-436):	Attribute 'max_fanout' on 'output/inout' pin 'ZN' of cell 'AOI211_X4' is not defined in the library. (File /home/host/eda_sub_ability/setup_downsize_cell/baseline/aes_route.enc.dat/libs/mmmc/NangateOpenCellLibrary_typical.lib)
**WARN: (TECHLIB-436):	Attribute 'max_fanout' on 'output/inout' pin 'ZN' of cell 'AOI221_X1' is not defined in the library. (File /home/host/eda_sub_ability/setup_downsize_cell/baseline/aes_route.enc.dat/libs/mmmc/NangateOpenCellLibrary_typical.lib)
**WARN: (TECHLIB-436):	Attribute 'max_fanout' on 'output/inout' pin 'ZN' of cell 'AOI221_X2' is not defined in the library. (File /home/host/eda_sub_ability/setup_downsize_cell/baseline/aes_route.enc.dat/libs/mmmc/NangateOpenCellLibrary_typical.lib)
Message <TECHLIB-436> has exceeded the message display limit of '20'. Use 'set_message -no_limit -id list_of_msgIDs' to reset the message limit.
Read 135 cells in library 'NangateOpenCellLibrary' 
*** End library_loading (cpu=0.01min, real=0.00min, mem=28.9M, fe_cpu=0.29min, fe_real=0.18min, fe_mem=602.0M) ***
% Begin Load netlist data ... (date=08/19 23:46:00, mem=482.5M)
*** Begin netlist parsing (mem=602.0M) ***
**WARN: (IMPVL-159):	Pin 'Z' of cell 'LOGIC1_X1' is defined in LEF but not in the timing library.
**WARN: (IMPVL-159):	Pin 'Z' of cell 'LOGIC0_X1' is defined in LEF but not in the timing library.
Created 135 new cells from 1 timing libraries.
Reading netlist ...
Backslashed names will retain backslash and a trailing blank character.
Reading verilogBinary netlist '/home/host/eda_sub_ability/setup_downsize_cell/baseline/aes_route.enc.dat/vbin/aes_cipher_top.v.bin'
Reading binary database version 2 in 1-threaded mode

*** Memory Usage v#1 (Current mem = 616.020M, initial mem = 270.340M) ***
*** End netlist parsing (cpu=0:00:00.0, real=0:00:00.0, mem=616.0M) ***
% End Load netlist data ... (date=08/19 23:46:00, total cpu=0:00:00.0, real=0:00:00.0, peak res=491.4M, current mem=491.4M)
Set top cell to aes_cipher_top.
**WARN: (IMPTS-124):	Timing library description of pin 'Z' is missing from cell 'LOGIC1_X1' in timing library 'NangateOpenCellLibrary'.
**WARN: (IMPTS-124):	Timing library description of pin 'Z' is missing from cell 'LOGIC0_X1' in timing library 'NangateOpenCellLibrary'.
Hooked 135 DB cells to tlib cells.
Starting recursive module instantiation check.
No recursion found.
Building hierarchical netlist for Cell aes_cipher_top ...
*** Netlist is unique.
** info: there are 136 modules.
** info: there are 11773 stdCell insts.

*** Memory Usage v#1 (Current mem = 648.934M, initial mem = 270.340M) ***
*info: set bottom ioPad orient R0
Generated pitch 1.68 in metal10 is different from 1.6 defined in technology file in preferred direction.
Generated pitch 0.84 in metal8 is different from 0.8 defined in technology file in preferred direction.
Generated pitch 0.84 in metal7 is different from 0.8 defined in technology file in preferred direction.
Set Default Net Delay as 1000 ps.
Set Default Net Load as 0.5 pF. 
Set Default Input Pin Transition as 0.1 ps.
Loading preference file /home/host/eda_sub_ability/setup_downsize_cell/baseline/aes_route.enc.dat/gui.pref.tcl ...
##  Process: 45            (User Set)               
##     Node: (not set)                           

##  Check design process and node:  
##  Design tech node is not set.

Applying the recommended capacitance filtering threshold values for 45nm process node: total_c_th=0, relative_c_th=1 and coupling_c_th=0.1.
	These values will be used by all post-route extraction engines, including TQuantus, IQuantus and Quantus QRC extraction.
	Capacitance filtering mode(-capFilterMode option of the setExtractRCMode) is 'relAndCoup' for all engines.
	The accuracy mode for postRoute effortLevel low extraction will be set to 'high'.
	Default value for EffortLevel(-effortLevel option of the setExtractRCMode) in postRoute extraction mode will be 'medium' if Quantus QRC technology file is specified else 'low'.
**WARN: (IMPTCM-77):	Option "-drouteStartIteration" for command setNanoRouteMode is obsolete and will be removed in a future release. The obsolete option still works in this release but to avoid this warning and to ensure compatibility with future releases, remove the obsolete option from your script.
*Info: initialize multi-corner CTS.
Reading timing constraints file '/home/host/eda_sub_ability/setup_downsize_cell/baseline/aes_route.enc.dat/mmmc/modes/FUNC/FUNC.sdc' ...
Current (total cpu=0:00:17.7, real=0:00:12.0, peak res=661.4M, current mem=661.4M)
aes_cipher_top
INFO (CTE): Constraints read successfully.
Ending "Constraint file reading stats" (total cpu=0:00:00.1, real=0:00:00.0, peak res=680.9M, current mem=680.9M)
Current (total cpu=0:00:17.8, real=0:00:12.0, peak res=680.9M, current mem=680.9M)
Reading latency file '/home/host/eda_sub_ability/setup_downsize_cell/baseline/aes_route.enc.dat/mmmc/views/VIEW_TYP/latency.sdc' ...
Total number of combinational cells: 100
Total number of sequential cells: 29
Total number of tristate cells: 6
Total number of level shifter cells: 0
Total number of power gating cells: 0
Total number of isolation cells: 0
Total number of power switch cells: 0
Total number of pulse generator cells: 0
Total number of always on buffers: 0
Total number of retention cells: 0
List of usable buffers: BUF_X1 BUF_X2 BUF_X4 BUF_X8 BUF_X16 BUF_X32 CLKBUF_X1 CLKBUF_X2 CLKBUF_X3
Total number of usable buffers: 9
List of unusable buffers:
Total number of unusable buffers: 0
List of usable inverters: INV_X1 INV_X2 INV_X4 INV_X8 INV_X16 INV_X32
Total number of usable inverters: 6
List of unusable inverters:
Total number of unusable inverters: 0
List of identified usable delay cells:
Total number of identified usable delay cells: 0
List of identified unusable delay cells:
Total number of identified unusable delay cells: 0
No delay cells were detected in the set of buffers. Buffers will be used to fix hold violations.
Reading floorplan file - /home/host/eda_sub_ability/setup_downsize_cell/baseline/aes_route.enc.dat/aes_cipher_top.fp.gz (mem = 850.4M).
% Begin Load floorplan data ... (date=08/19 23:46:01, mem=703.6M)
*info: reset 12627 existing net BottomPreferredLayer and AvoidDetour
net ignore based on current view = 0
Deleting old partition specification.
Set FPlanBox to (0 0 355680 353920)
Generated pitch 1.68 in metal10 is different from 1.6 defined in technology file in preferred direction.
Generated pitch 0.84 in metal8 is different from 0.8 defined in technology file in preferred direction.
Generated pitch 0.84 in metal7 is different from 0.8 defined in technology file in preferred direction.
 ... processed partition successfully.
Reading binary special route file /home/host/eda_sub_ability/setup_downsize_cell/baseline/aes_route.enc.dat/aes_cipher_top.fp.spr.gz (Created by Innovus v19.10-p002_1 on Fri Aug 14 20:29:51 2026, version: 1)
There are 20 nets with weight being set
There are 20 nets with bottomPreferredRoutingLayer being set
There are 20 nets with avoidDetour being set
Extracting standard cell pins and blockage ...... 
Pin and blockage extraction finished
Delete all existing relative floorplan constraints.
% End Load floorplan data ... (date=08/19 23:46:01, total cpu=0:00:00.0, real=0:00:00.0, peak res=707.3M, current mem=707.3M)
Reading congestion map file /home/host/eda_sub_ability/setup_downsize_cell/baseline/aes_route.enc.dat/aes_cipher_top.route.congmap.gz ...
% Begin Load SymbolTable ... (date=08/19 23:46:01, mem=707.6M)
Suppress "**WARN ..." messages.
Un-suppress "**WARN ..." messages.
% End Load SymbolTable ... (date=08/19 23:46:01, total cpu=0:00:00.0, real=0:00:00.0, peak res=709.3M, current mem=709.2M)
Loading place ...
% Begin Load placement data ... (date=08/19 23:46:01, mem=709.2M)
Reading placement file - /home/host/eda_sub_ability/setup_downsize_cell/baseline/aes_route.enc.dat/aes_cipher_top.place.gz.
** Reading stdCellPlacement_binary (Created by Innovus v19.10-p002_1 on Fri Aug 14 20:29:51 2026, version# 2) ...
Read Views for adaptive view pruning ...
Read 0 views from Binary DB for adaptive view pruning
*** Checked 2 GNC rules.
*** applyConnectGlobalNets disabled.
*** Completed restorePlace (cpu=0:00:00.0 real=0:00:00.0 mem=846.5M) ***
Total net length = 1.487e+05 (7.671e+04 7.198e+04) (ext = 9.167e+03)
% End Load placement data ... (date=08/19 23:46:01, total cpu=0:00:00.0, real=0:00:00.0, peak res=711.3M, current mem=711.1M)
Reading PG file /home/host/eda_sub_ability/setup_downsize_cell/baseline/aes_route.enc.dat/aes_cipher_top.pg.gz
*** Completed restorePGFile (cpu=0:00:00.0 real=0:00:00.0 mem=842.5M) ***
% Begin Load routing data ... (date=08/19 23:46:01, mem=711.4M)
Reading routing file - /home/host/eda_sub_ability/setup_downsize_cell/baseline/aes_route.enc.dat/aes_cipher_top.route.gz.
Reading Innovus routing data (Created by Innovus v19.10-p002_1 on Fri Aug 14 20:29:51 2026 Format: 19.1) ...
*** Total 12596 nets are successfully restored.
*** Completed restoreRoute (cpu=0:00:00.1 real=0:00:00.0 mem=856.5M) ***
% End Load routing data ... (date=08/19 23:46:01, total cpu=0:00:00.1, real=0:00:00.0, peak res=729.5M, current mem=728.6M)
TAT_INFO: restoreCongMap REAL = 0 : CPU = 0 : MEM = 0.
Reading property file /home/host/eda_sub_ability/setup_downsize_cell/baseline/aes_route.enc.dat/aes_cipher_top.prop
*** Completed restoreProperty (cpu=0:00:00.0 real=0:00:00.0 mem=862.5M) ***
Set Default Input Pin Transition as 0.1 ps.
Extraction setup Started 
Initializing multi-corner RC extraction with 1 active RC Corners ...
Reading Capacitance Table File /home/host/eda_sub_ability/setup_downsize_cell/baseline/aes_route.enc.dat/libs/mmmc/NangateOpenCellLibrary.captable ...
Cap table was created using Encounter 08.10-p004_1.
Process name: master_techFreePDK45.
Importing multi-corner RC tables ... 
Summary of Active RC-Corners : 
 
 Analysis View: VIEW_TYP
    RC-Corner Name        : RC_TYP
    RC-Corner Index       : 0
    RC-Corner Temperature : 25 Celsius
    RC-Corner Cap Table   : '/home/host/eda_sub_ability/setup_downsize_cell/baseline/aes_route.enc.dat/libs/mmmc/NangateOpenCellLibrary.captable'
    RC-Corner PreRoute Res Factor         : 1
    RC-Corner PreRoute Cap Factor         : 1
    RC-Corner PostRoute Res Factor        : 1 {1 1 1}
    RC-Corner PostRoute Cap Factor        : 1 {1 1 1}
    RC-Corner PostRoute XCap Factor       : 1 {1 1 1}
    RC-Corner PreRoute Clock Res Factor   : 1	[Derived from postRoute_res (effortLevel low)]
    RC-Corner PreRoute Clock Cap Factor   : 1	[Derived from postRoute_cap (effortLevel low)]
    RC-Corner PostRoute Clock Cap Factor  : 1 {1 1 1} 	[Derived from postRoute_cap (effortLevel low)]
    RC-Corner PostRoute Clock Res Factor  : 1 {1 1 1} 	[Derived from postRoute_res (effortLevel low)]
Initializing multi-corner capacitance tables ... 
Initializing multi-corner resistance tables ...
Start generating vias ...
#Skip building auto via since it is not turned on.
Via generation completed.
% Begin Load power constraints ... (date=08/19 23:46:02, mem=756.7M)
source /home/host/eda_sub_ability/setup_downsize_cell/baseline/aes_route.enc.dat/aes_cipher_top_power_constraints.tcl
'set_default_switching_activity' finished successfully.
% End Load power constraints ... (date=08/19 23:46:02, total cpu=0:00:00.0, real=0:00:00.0, peak res=757.2M, current mem=757.2M)
% Begin load AAE data ... (date=08/19 23:46:02, mem=757.2M)
AAE DB initialization (MEM=902.371 CPU=0:00:00.2 REAL=0:00:00.0) 
% End load AAE data ... (date=08/19 23:46:02, total cpu=0:00:00.5, real=0:00:00.0, peak res=764.0M, current mem=764.0M)
Restoring CCOpt config...
  Extracting original clock gating for aes_clk...
    clock_tree aes_clk contains 562 sinks and 0 clock gates.
    Extraction for aes_clk complete.
  Extracting original clock gating for aes_clk done.
  The skew group aes_clk/FUNC was created. It contains 562 sinks and 1 sources.
  The skew group aes_clk/FUNC was created. It contains 562 sinks and 1 sources.
**WARN: (IMPCCOPT-2332):	The property adjacent_rows_legal is deprecated. It still works, but it may be removed in a future release.
Restoring CCOpt config done.
Total number of combinational cells: 100
Total number of sequential cells: 29
Total number of tristate cells: 6
Total number of level shifter cells: 0
Total number of power gating cells: 0
Total number of isolation cells: 0
Total number of power switch cells: 0
Total number of pulse generator cells: 0
Total number of always on buffers: 0
Total number of retention cells: 0
List of usable buffers: BUF_X1 BUF_X2 BUF_X4 BUF_X8 BUF_X16 BUF_X32 CLKBUF_X1 CLKBUF_X2 CLKBUF_X3
Total number of usable buffers: 9
List of unusable buffers:
Total number of unusable buffers: 0
List of usable inverters: INV_X1 INV_X2 INV_X4 INV_X8 INV_X16 INV_X32
Total number of usable inverters: 6
List of unusable inverters:
Total number of unusable inverters: 0
List of identified usable delay cells:
Total number of identified usable delay cells: 0
List of identified unusable delay cells:
Total number of identified unusable delay cells: 0
No delay cells were detected in the set of buffers. Buffers will be used to fix hold violations.
**WARN: (IMPCTE-107):	The following globals have been obsoleted since version 19.10-p002_1. They will be removed in the next release. 
timing_enable_default_delay_arc
#% End load design ... (date=08/19 23:46:02, total cpu=0:00:02.8, real=0:00:03.0, peak res=769.2M, current mem=768.5M)

*** Summary of all messages that are not suppressed in this session:
Severity  ID               Count  Summary                                  
WARNING   IMPTS-124            2  Timing library description of pin '%s' i...
WARNING   IMPVL-159            2  Pin '%s' of cell '%s' is defined in LEF ...
WARNING   IMPCCOPT-2332        1  The property %s is deprecated. It still ...
ERROR     IMPOAX-820           1  The OA features are disabled in the curr...
ERROR     IMPOAX-850           1  %s command cannot be run as OA features ...
WARNING   IMPCTE-107           1  The following globals have been obsolete...
WARNING   IMPTCM-77            1  Option "%s" for command %s is obsolete a...
WARNING   TECHLIB-436         20  Attribute '%s' on '%s' pin '%s' of cell ...
*** Message Summary: 27 warning(s), 2 error(s)

**WARN: (IMPOPT-6115):	ECO batchmode has been activated. Set setEcoMode -batchMode to false when done with ECO operations.
Type 'man IMPOPT-6115' for more detail.
#################################################################################
# Design Stage: PostRoute
# Design Name: aes_cipher_top
# Design Mode: 45nm
# Analysis Mode: MMMC OCV 
# Parasitics Mode: No SPEF/RCDB
# Signoff Settings: SI On 
#################################################################################
Resize _16419_ (OAI21_X1) to OAI21_X4.
Resize _16425_ (OAI221_X1) to OAI221_X4.
Resize _16427_ (OAI21_X1) to OAI21_X4.
Flip instance SETUP_DS_CHAIN_16419_00 to match row orient.
**WARN: (IMPSYC-6305):	Flip instance 'SETUP_DS_CHAIN_16419_00' orientation to match the row orientation. The specified orientation 'R0' will not be honored.
Flip instance SETUP_DS_CHAIN_16419_01 to match row orient.
**WARN: (IMPSYC-6305):	Flip instance 'SETUP_DS_CHAIN_16419_01' orientation to match the row orientation. The specified orientation 'R0' will not be honored.
Flip instance SETUP_DS_CHAIN_16419_02 to match row orient.
**WARN: (IMPSYC-6305):	Flip instance 'SETUP_DS_CHAIN_16419_02' orientation to match the row orientation. The specified orientation 'R0' will not be honored.
Flip instance SETUP_DS_CHAIN_16419_03 to match row orient.
**WARN: (IMPSYC-6305):	Flip instance 'SETUP_DS_CHAIN_16419_03' orientation to match the row orientation. The specified orientation 'R0' will not be honored.
Flip instance SETUP_DS_CHAIN_16425_00 to match row orient.
**WARN: (IMPSYC-6305):	Flip instance 'SETUP_DS_CHAIN_16425_00' orientation to match the row orientation. The specified orientation 'R0' will not be honored.
Flip instance SETUP_DS_CHAIN_16425_01 to match row orient.
**WARN: (IMPSYC-6305):	Flip instance 'SETUP_DS_CHAIN_16425_01' orientation to match the row orientation. The specified orientation 'R0' will not be honored.
Flip instance SETUP_DS_CHAIN_16425_02 to match row orient.
**WARN: (IMPSYC-6305):	Flip instance 'SETUP_DS_CHAIN_16425_02' orientation to match the row orientation. The specified orientation 'R0' will not be honored.
Flip instance SETUP_DS_CHAIN_16425_03 to match row orient.
**WARN: (IMPSYC-6305):	Flip instance 'SETUP_DS_CHAIN_16425_03' orientation to match the row orientation. The specified orientation 'R0' will not be honored.
Flip instance SETUP_DS_CHAIN_16427_00 to match row orient.
**WARN: (IMPSYC-6305):	Flip instance 'SETUP_DS_CHAIN_16427_00' orientation to match the row orientation. The specified orientation 'R0' will not be honored.
*** Starting refinePlace (0:00:19.6 mem=981.8M) ***
Move report: Detail placement moves 13 insts, mean move: 0.93 um, max move: 2.80 um
	Max move on inst (FE_OFC521_07953): (83.41, 84.28) --> (83.41, 81.48)
	Runtime: CPU: 0:00:00.2 REAL: 0:00:00.0 MEM: 984.8MB
Summary Report:
Instances move: 13 (out of 11766 movable)
Instances flipped: 0
Mean displacement: 0.93 um
Max displacement: 2.80 um (Instance: FE_OFC521_07953) (83.41, 84.28) -> (83.41, 81.48)
	Length: 3 sites, height: 1 rows, site name: FreePDK45_38x28_10R_NP_162NW_34O, cell type: BUF_X1
Runtime: CPU: 0:00:00.3 REAL: 0:00:00.0 MEM: 984.8MB
*** Finished refinePlace (0:00:19.9 mem=984.8M) ***
#% Begin globalDetailRoute (date=08/19 23:46:03, mem=846.5M)

globalDetailRoute

#WARNING (NRIF-78) The option routeWithEco combined with routeWithTimingDriven is not recommended due to possible high memory usage, increased run-time, and increased routing pattern pertubations. Please use with caution.
#setNanoRouteMode -droutePostRouteSpreadWire "auto"
#setNanoRouteMode -routeStrictlyHonorNonDefaultRule "false"
#setNanoRouteMode -routeWithEco true
#setNanoRouteMode -routeWithSiDriven false
#setNanoRouteMode -routeWithTimingDriven true
#Start globalDetailRoute on Wed Aug 19 23:46:03 2026
#
#WARNING (NRDB-733) PIN Y in CELL_VIEW LOGIC1_X1 does not have physical port.
#WARNING (NRDB-733) PIN Y in CELL_VIEW LOGIC0_X1 does not have physical port.
Initializing multi-corner capacitance tables ... 
Initializing multi-corner resistance tables ...
#num needed restored net=0
#need_extraction net=0 (total=12627)
#Processed 44 dirty instances, 0 dirty terms, 0 dirty fterms, 0 dirty pgterms, 0 misc dirty regions, 0 same cell-size swaps
#(28 insts marked dirty, reset pre-exisiting dirty flag on 28 insts, 44 nets marked need extraction)
#NanoRoute Version 19.10-p002_1 NR190418-1643/19_10-UB
#Skip comparing routing design signature in db-snapshot flow
#Start routing data preparation on Wed Aug 19 23:46:04 2026
#
#Minimum voltage of a net in the design = 0.000.
#Maximum voltage of a net in the design = 1.100.
#Voltage range [0.000 - 1.100] has 12625 nets.
#Voltage range [1.100 - 1.100] has 1 net.
#Voltage range [0.000 - 0.000] has 1 net.
#Restoring pin access data from file /home/host/eda_sub_ability/setup_downsize_cell/baseline/aes_route.enc.dat/aes_cipher_top.apa ...
#Done restoring pin access data
# metal1       H   Track-Pitch = 0.14000    Line-2-Via Pitch = 0.13500
# metal2       V   Track-Pitch = 0.19000    Line-2-Via Pitch = 0.14000
# metal3       H   Track-Pitch = 0.14000    Line-2-Via Pitch = 0.14000
# metal4       V   Track-Pitch = 0.28000    Line-2-Via Pitch = 0.28000
# metal5       H   Track-Pitch = 0.28000    Line-2-Via Pitch = 0.28000
# metal6       V   Track-Pitch = 0.28000    Line-2-Via Pitch = 0.28000
# metal7       H   Track-Pitch = 0.84000    Line-2-Via Pitch = 0.80000
# metal8       V   Track-Pitch = 0.84000    Line-2-Via Pitch = 0.80000
# metal9       H   Track-Pitch = 1.60000    Line-2-Via Pitch = 1.60000
# metal10      V   Track-Pitch = 1.68000    Line-2-Via Pitch = 1.60000
#Regenerating Ggrids automatically.
#Auto generating G-grids with size=15 tracks, using layer metal3's pitch = 0.14000.
#Using automatically generated G-grids.
#Done routing data preparation.
#cpu time = 00:00:00, elapsed time = 00:00:00, memory = 895.73 (MB), peak = 927.37 (MB)
#Merging special wires: starts on Wed Aug 19 23:46:04 2026 with memory = 896.41 (MB), peak = 927.37 (MB)
#
#Merging special wires: cpu:00:00:00, real:00:00:00, mem:896.5 MB, peak:927.4 MB
#WARNING (NRDB-1005) Cannot establish connection to PIN A3 at ( 35.41000 163.29000 ) on metal1 for NET FE_OFN296_04377. The NET is considered partially routed. Visually verify wiring at the specified location as the wire/via origin may not touch the PIN. This NET will be rerouted with same or different wiring.
#WARNING (NRDB-1005) Cannot establish connection to PIN Z at ( 84.44500 82.19500 ) on metal1 for NET FE_OFN532_07987. The NET is considered partially routed. Visually verify wiring at the specified location as the wire/via origin may not touch the PIN. This NET will be rerouted with same or different wiring.
#WARNING (NRDB-1005) Cannot establish connection to PIN A at ( 84.80500 84.89000 ) on metal1 for NET FE_OFN531_07986. The NET is considered partially routed. Visually verify wiring at the specified location as the wire/via origin may not touch the PIN. This NET will be rerouted with same or different wiring.
#WARNING (NRDB-1005) Cannot establish connection to PIN Z at ( 85.01500 82.19500 ) on metal1 for NET FE_OFN531_07986. The NET is considered partially routed. Visually verify wiring at the specified location as the wire/via origin may not touch the PIN. This NET will be rerouted with same or different wiring.
#WARNING (NRDB-1005) Cannot establish connection to PIN A1 at ( 85.56500 82.09000 ) on metal1 for NET FE_OFN518_07948. The NET is considered partially routed. Visually verify wiring at the specified location as the wire/via origin may not touch the PIN. This NET will be rerouted with same or different wiring.
#WARNING (NRDB-1005) Cannot establish connection to PIN Z at ( 83.87500 82.19500 ) on metal1 for NET FE_OFN521_07953. The NET is considered partially routed. Visually verify wiring at the specified location as the wire/via origin may not touch the PIN. This NET will be rerouted with same or different wiring.
#WARNING (NRDB-1005) Cannot establish connection to PIN B1 at ( 79.68500 83.62000 ) on metal1 for NET FE_OFN457_07081. The NET is considered partially routed. Visually verify wiring at the specified location as the wire/via origin may not touch the PIN. This NET will be rerouted with same or different wiring.
#WARNING (NRDB-1005) Cannot establish connection to PIN C2 at ( 80.86500 84.89000 ) on metal1 for NET FE_OFN467_07107. The NET is considered partially routed. Visually verify wiring at the specified location as the wire/via origin may not touch the PIN. This NET will be rerouted with same or different wiring.
#WARNING (NRDB-1005) Cannot establish connection to PIN B1 at ( 81.38500 83.66500 ) on metal1 for NET FE_OFN467_07107. The NET is considered partially routed. Visually verify wiring at the specified location as the wire/via origin may not touch the PIN. This NET will be rerouted with same or different wiring.
#WARNING (NRDB-1005) Cannot establish connection to PIN A at ( 78.56000 83.66500 ) on metal1 for NET FE_OFN467_07107. The NET is considered partially routed. Visually verify wiring at the specified location as the wire/via origin may not touch the PIN. This NET will be rerouted with same or different wiring.
#WARNING (NRDB-1005) Cannot establish connection to PIN A1 at ( 35.03500 163.29000 ) on metal1 for NET FE_OFN589_00286. The NET is considered partially routed. Visually verify wiring at the specified location as the wire/via origin may not touch the PIN. This NET will be rerouted with same or different wiring.
#WARNING (NRDB-1005) Cannot establish connection to PIN A1 at ( 31.82500 163.22000 ) on metal1 for NET FE_OFN589_00286. The NET is considered partially routed. Visually verify wiring at the specified location as the wire/via origin may not touch the PIN. This NET will be rerouted with same or different wiring.
#WARNING (NRDB-1005) Cannot establish connection to PIN A2 at ( 35.21500 163.29000 ) on metal1 for NET FE_OFN295_04369. The NET is considered partially routed. Visually verify wiring at the specified location as the wire/via origin may not touch the PIN. This NET will be rerouted with same or different wiring.
#WARNING (NRDB-1005) Cannot establish connection to PIN A1 at ( 80.11000 86.46500 ) on metal1 for NET FE_OFN448_07051. The NET is considered partially routed. Visually verify wiring at the specified location as the wire/via origin may not touch the PIN. This NET will be rerouted with same or different wiring.
#WARNING (NRDB-1005) Cannot establish connection to PIN A at ( 81.82000 83.66500 ) on metal1 for NET FE_OFN472_07187. The NET is considered partially routed. Visually verify wiring at the specified location as the wire/via origin may not touch the PIN. This NET will be rerouted with same or different wiring.
#WARNING (NRDB-1005) Cannot establish connection to PIN A at ( 80.67500 84.89000 ) on metal1 for NET FE_OFN446_07050. The NET is considered partially routed. Visually verify wiring at the specified location as the wire/via origin may not touch the PIN. This NET will be rerouted with same or different wiring.
#WARNING (NRDB-1005) Cannot establish connection to PIN A at ( 81.19500 83.66500 ) on metal1 for NET FE_OFN446_07050. The NET is considered partially routed. Visually verify wiring at the specified location as the wire/via origin may not touch the PIN. This NET will be rerouted with same or different wiring.
#WARNING (NRDB-1005) Cannot establish connection to PIN ZN at ( 31.89500 163.43500 ) on metal1 for NET _06221_. The NET is considered partially routed. Visually verify wiring at the specified location as the wire/via origin may not touch the PIN. This NET will be rerouted with same or different wiring.
#WARNING (NRDB-1005) Cannot establish connection to PIN B2 at ( 84.30000 84.89000 ) on metal1 for NET FE_OFN502_07934. The NET is considered partially routed. Visually verify wiring at the specified location as the wire/via origin may not touch the PIN. This NET will be rerouted with same or different wiring.
#WARNING (NRDB-1005) Cannot establish connection to PIN Z at ( 83.30500 86.36500 ) on metal1 for NET FE_OFN502_07934. The NET is considered partially routed. Visually verify wiring at the specified location as the wire/via origin may not touch the PIN. This NET will be rerouted with same or different wiring.
#WARNING (EMS-27) Message (NRDB-1005) has exceeded the current message display limit of 20.
#To increase the message display limit, refer to the product command reference manual.
#
#Connectivity extraction summary:
#39 routed nets are extracted.
#    38 (0.30%) extracted nets are partially routed.
#11995 routed net(s) are imported.
#3 (0.02%) nets are without wires.
#590 nets are fixed|skipped|trivial (not extracted).
#Total number of nets = 12627.
#
#
#Finished routing data preparation on Wed Aug 19 23:46:04 2026
#
#Cpu time = 00:00:00
#Elapsed time = 00:00:00
#Increased memory = 10.87 (MB)
#Total memory = 896.52 (MB)
#Peak memory = 927.37 (MB)
#
#
#Start global routing on Wed Aug 19 23:46:04 2026
#
#
#Start global routing initialization on Wed Aug 19 23:46:04 2026
#
#Number of eco nets is 38
#
#Start global routing data preparation on Wed Aug 19 23:46:04 2026
#
#Start routing resource analysis on Wed Aug 19 23:46:04 2026
#
#Routing resource analysis is done on Wed Aug 19 23:46:05 2026
#
#  Resource Analysis:
#
#               Routing  #Avail      #Track     #Total     %Gcell
#  Layer      Direction   Track     Blocked      Gcell    Blocked
#  --------------------------------------------------------------
#  metal1         H        1264           0        7140    64.23%
#  metal2         V         936           0        7140     0.00%
#  metal3         H        1264           0        7140     0.00%
#  metal4         V         634           0        7140     0.00%
#  metal5         H         631           0        7140     0.00%
#  metal6         V         634           0        7140     0.00%
#  metal7         H         200          10        7140     9.52%
#  metal8         V         178          33        7140     9.55%
#  metal9         H          83           1        7140     1.89%
#  metal10        V          85           0        7140     0.00%
#  --------------------------------------------------------------
#  Total                   5910       2.11%       71400     8.52%
#
#  20 nets (0.16%) with 1 preferred extra spacing.
#
#
#
#Global routing data preparation is done on Wed Aug 19 23:46:05 2026
#
#cpu time = 00:00:00, elapsed time = 00:00:00, memory = 898.78 (MB), peak = 927.37 (MB)
#
#
#Global routing initialization is done on Wed Aug 19 23:46:05 2026
#
#cpu time = 00:00:00, elapsed time = 00:00:00, memory = 898.97 (MB), peak = 927.37 (MB)
#
#start global routing iteration 1...
#cpu time = 00:00:00, elapsed time = 00:00:00, memory = 903.08 (MB), peak = 927.37 (MB)
#
#start global routing iteration 2...
#cpu time = 00:00:00, elapsed time = 00:00:00, memory = 903.14 (MB), peak = 927.37 (MB)
#
#
#Total number of trivial nets (e.g. < 2 pins) = 590 (skipped).
#Total number of routable nets = 12037.
#Total number of nets in the design = 12627.
#
#41 routable nets have only global wires.
#11996 routable nets have only detail routed wires.
#20 detail routed (routable) nets have been constrained (e.g. have preferred extra spacing, require shielding etc.)
#
#Routed nets constraints summary:
#-----------------------------
#        Rules   Unconstrained  
#-----------------------------
#      Default              41  
#-----------------------------
#        Total              41  
#-----------------------------
#
#Routing constraints summary of the whole design:
#------------------------------------------------
#        Rules   Pref Extra Space   Unconstrained  
#------------------------------------------------
#      Default                 20           12017  
#------------------------------------------------
#        Total                 20           12017  
#------------------------------------------------
#
#
#  Congestion Analysis: (blocked Gcells are excluded)
#
#                 OverCon          
#                  #Gcell    %Gcell
#     Layer           (1)   OverCon
#  --------------------------------
#  metal1        0(0.00%)   (0.00%)
#  metal2        1(0.01%)   (0.01%)
#  metal3        0(0.00%)   (0.00%)
#  metal4        0(0.00%)   (0.00%)
#  metal5        0(0.00%)   (0.00%)
#  metal6        0(0.00%)   (0.00%)
#  metal7        0(0.00%)   (0.00%)
#  metal8        0(0.00%)   (0.00%)
#  metal9        0(0.00%)   (0.00%)
#  metal10       0(0.00%)   (0.00%)
#  --------------------------------
#     Total      1(0.00%)   (0.00%)
#
#  The worst congested Gcell overcon (routing demand over resource in number of tracks) = 1
#  Overflow after GR: 0.00% H + 0.00% V
#
#Complete Global Routing.
#Total number of nets with non-default rule or having extra spacing = 20
#Total wire length = 179710 um.
#Total half perimeter of net bounding box = 158797 um.
#Total wire length on LAYER metal1 = 5486 um.
#Total wire length on LAYER metal2 = 47214 um.
#Total wire length on LAYER metal3 = 57839 um.
#Total wire length on LAYER metal4 = 24535 um.
#Total wire length on LAYER metal5 = 23859 um.
#Total wire length on LAYER metal6 = 15959 um.
#Total wire length on LAYER metal7 = 1509 um.
#Total wire length on LAYER metal8 = 1663 um.
#Total wire length on LAYER metal9 = 1647 um.
#Total wire length on LAYER metal10 = 0 um.
#Total number of vias = 91224
#Up-Via Summary (total 91224):
#           
#-----------------------
# metal1          42208
# metal2          32456
# metal3          10525
# metal4           3594
# metal5           1892
# metal6            284
# metal7            171
# metal8             94
#-----------------------
#                 91224 
#
#Max overcon = 1 tracks.
#Total overcon = 0.00%.
#Worst layer Gcell overcon rate = 0.00%.
#
#Global routing statistics:
#Cpu time = 00:00:01
#Elapsed time = 00:00:01
#Increased memory = 8.01 (MB)
#Total memory = 904.74 (MB)
#Peak memory = 927.37 (MB)
#
#Finished global routing on Wed Aug 19 23:46:05 2026
#
#
#cpu time = 00:00:00, elapsed time = 00:00:00, memory = 901.52 (MB), peak = 927.37 (MB)
#Start Track Assignment.
#Done with 29 horizontal wires in 1 hboxes and 17 vertical wires in 1 hboxes.
#Done with 3 horizontal wires in 1 hboxes and 1 vertical wires in 1 hboxes.
#Complete Track Assignment.
#Total number of nets with non-default rule or having extra spacing = 20
#Total wire length = 179740 um.
#Total half perimeter of net bounding box = 158797 um.
#Total wire length on LAYER metal1 = 5493 um.
#Total wire length on LAYER metal2 = 47225 um.
#Total wire length on LAYER metal3 = 57848 um.
#Total wire length on LAYER metal4 = 24538 um.
#Total wire length on LAYER metal5 = 23861 um.
#Total wire length on LAYER metal6 = 15956 um.
#Total wire length on LAYER metal7 = 1509 um.
#Total wire length on LAYER metal8 = 1663 um.
#Total wire length on LAYER metal9 = 1647 um.
#Total wire length on LAYER metal10 = 0 um.
#Total number of vias = 91224
#Up-Via Summary (total 91224):
#           
#-----------------------
# metal1          42208
# metal2          32456
# metal3          10525
# metal4           3594
# metal5           1892
# metal6            284
# metal7            171
# metal8             94
#-----------------------
#                 91224 
#
#cpu time = 00:00:01, elapsed time = 00:00:01, memory = 939.09 (MB), peak = 939.22 (MB)
#
#number of short segments in preferred routing layers
#	
#	
#
#Routing data preparation, pin analysis, global routing and track assignment statistics:
#Cpu time = 00:00:02
#Elapsed time = 00:00:02
#Increased memory = 53.90 (MB)
#Total memory = 939.22 (MB)
#Peak memory = 939.22 (MB)
#
#Start Detail Routing..
#start initial detail routing ...
# ECO: 3.1% of the total area was rechecked for DRC, and 6.1% required routing.
#   number of violations = 0
#28 out of 12793 instances (0.2%) need to be verified(marked ipoed), dirty area = 0.2%.
#0.0% of the total area is being checked for drcs
#0.0% of the total area was checked
#   number of violations = 0
#cpu time = 00:00:01, elapsed time = 00:00:01, memory = 941.37 (MB), peak = 941.41 (MB)
#Complete Detail Routing.
#Total number of nets with non-default rule or having extra spacing = 20
#Total wire length = 179732 um.
#Total half perimeter of net bounding box = 158797 um.
#Total wire length on LAYER metal1 = 5476 um.
#Total wire length on LAYER metal2 = 47219 um.
#Total wire length on LAYER metal3 = 57857 um.
#Total wire length on LAYER metal4 = 24536 um.
#Total wire length on LAYER metal5 = 23859 um.
#Total wire length on LAYER metal6 = 15966 um.
#Total wire length on LAYER metal7 = 1509 um.
#Total wire length on LAYER metal8 = 1663 um.
#Total wire length on LAYER metal9 = 1647 um.
#Total wire length on LAYER metal10 = 0 um.
#Total number of vias = 91275
#Up-Via Summary (total 91275):
#           
#-----------------------
# metal1          42214
# metal2          32486
# metal3          10540
# metal4           3594
# metal5           1892
# metal6            284
# metal7            171
# metal8             94
#-----------------------
#                 91275 
#
#Total number of DRC violations = 0
#Cpu time = 00:00:01
#Elapsed time = 00:00:01
#Increased memory = -33.06 (MB)
#Total memory = 906.16 (MB)
#Peak memory = 941.41 (MB)
#detailRoute Statistics:
#Cpu time = 00:00:01
#Elapsed time = 00:00:01
#Increased memory = -33.06 (MB)
#Total memory = 906.16 (MB)
#Peak memory = 941.41 (MB)
#Skip updating routing design signature in db-snapshot flow
#
#globalDetailRoute statistics:
#Cpu time = 00:00:04
#Elapsed time = 00:00:04
#Increased memory = 51.38 (MB)
#Total memory = 897.87 (MB)
#Peak memory = 941.41 (MB)
#Number of warnings = 24
#Total number of warnings = 24
#Number of fails = 0
#Total number of fails = 0
#Complete globalDetailRoute on Wed Aug 19 23:46:07 2026
#
#% End globalDetailRoute (date=08/19 23:46:07, total cpu=0:00:04.0, real=0:00:04.0, peak res=941.4M, current mem=898.1M)
Extraction called for design 'aes_cipher_top' of instances=12793 and nets=12627 using extraction engine 'postRoute' at effort level 'low' .
PostRoute (effortLevel low) RC Extraction called for design aes_cipher_top.
RC Extraction called in multi-corner(1) mode.
Process corner(s) are loaded.
 Corner: RC_TYP
extractDetailRC Option : -outfile /tmp/innovus_temp_23548_qingteng_host_2LtI3X/aes_cipher_top_23548_gGKGfk.rcdb.d  -extended
RC Mode: PostRoute -effortLevel low [Extended CapTable, RC Table Resistances]
      RC Corner Indexes            0   
Capacitance Scaling Factor   : 1.00000 
Coupling Cap. Scaling Factor : 1.00000 
Resistance Scaling Factor    : 1.00000 
Clock Cap. Scaling Factor    : 1.00000 
Clock Res. Scaling Factor    : 1.00000 
Shrink Factor                : 1.00000
Initializing multi-corner capacitance tables ... 
Initializing multi-corner resistance tables ...
Checking LVS Completed (CPU Time= 0:00:00.0  MEM= 1031.8M)
Extracted 10.0012% (CPU Time= 0:00:00.4  MEM= 1122.1M)
Extracted 20.001% (CPU Time= 0:00:00.4  MEM= 1122.1M)
Extracted 30.0008% (CPU Time= 0:00:00.5  MEM= 1124.1M)
Extracted 40.0013% (CPU Time= 0:00:00.6  MEM= 1128.1M)
Extracted 50.0011% (CPU Time= 0:00:00.7  MEM= 1132.1M)
Extracted 60.0009% (CPU Time= 0:00:00.8  MEM= 1135.1M)
Extracted 70.0013% (CPU Time= 0:00:00.9  MEM= 1137.1M)
Extracted 80.0011% (CPU Time= 0:00:01.0  MEM= 1139.1M)
Extracted 90.0009% (CPU Time= 0:00:01.2  MEM= 1145.1M)
Extracted 100% (CPU Time= 0:00:01.7  MEM= 1147.1M)
Number of Extracted Resistors     : 232419
Number of Extracted Ground Cap.   : 243276
Number of Extracted Coupling Cap. : 802946
Filtering XCap in 'relativeAndCoupling' mode using values coupling_c_threshold=0.1fF, relative_c_threshold=1, and total_c_threshold=0fF.
 Corner: RC_TYP
Checking LVS Completed (CPU Time= 0:00:00.0  MEM= 1131.1M)
PostRoute (effortLevel low) RC Extraction DONE (CPU Time: 0:00:02.1  Real Time: 0:00:02.0  MEM: 1131.098M)
 Reset EOS DB
Ignoring AAE DB Resetting ...
Extraction called for design 'aes_cipher_top' of instances=12793 and nets=12627 using extraction engine 'postRoute' at effort level 'low' .
PostRoute (effortLevel low) RC Extraction called for design aes_cipher_top.
RC Extraction called in multi-corner(1) mode.
Process corner(s) are loaded.
 Corner: RC_TYP
extractDetailRC Option : -outfile /tmp/innovus_temp_23548_qingteng_host_2LtI3X/aes_cipher_top_23548_gGKGfk.rcdb.d -maxResLength 200  -extended
RC Mode: PostRoute -effortLevel low [Extended CapTable, RC Table Resistances]
      RC Corner Indexes            0   
Capacitance Scaling Factor   : 1.00000 
Coupling Cap. Scaling Factor : 1.00000 
Resistance Scaling Factor    : 1.00000 
Clock Cap. Scaling Factor    : 1.00000 
Clock Res. Scaling Factor    : 1.00000 
Shrink Factor                : 1.00000
Initializing multi-corner capacitance tables ... 
Initializing multi-corner resistance tables ...
Checking LVS Completed (CPU Time= 0:00:00.0  MEM= 1057.1M)
Extracted 10.0012% (CPU Time= 0:00:00.4  MEM= 1131.4M)
Extracted 20.001% (CPU Time= 0:00:00.5  MEM= 1131.4M)
Extracted 30.0008% (CPU Time= 0:00:00.5  MEM= 1131.4M)
Extracted 40.0013% (CPU Time= 0:00:00.6  MEM= 1131.4M)
Extracted 50.0011% (CPU Time= 0:00:00.7  MEM= 1131.4M)
Extracted 60.0009% (CPU Time= 0:00:00.8  MEM= 1134.4M)
Extracted 70.0013% (CPU Time= 0:00:00.9  MEM= 1136.4M)
Extracted 80.0011% (CPU Time= 0:00:01.0  MEM= 1138.4M)
Extracted 90.0009% (CPU Time= 0:00:01.2  MEM= 1144.4M)
Extracted 100% (CPU Time= 0:00:01.7  MEM= 1146.4M)
Number of Extracted Resistors     : 232419
Number of Extracted Ground Cap.   : 243276
Number of Extracted Coupling Cap. : 802946
Filtering XCap in 'relativeAndCoupling' mode using values coupling_c_threshold=0.1fF, relative_c_threshold=1, and total_c_threshold=0fF.
 Corner: RC_TYP
Checking LVS Completed (CPU Time= 0:00:00.0  MEM= 1130.4M)
PostRoute (effortLevel low) RC Extraction DONE (CPU Time: 0:00:02.1  Real Time: 0:00:02.0  MEM: 1130.418M)
Starting delay calculation for Setup views
Starting SI iteration 1 using Infinite Timing Windows
#################################################################################
# Design Stage: PostRoute
# Design Name: aes_cipher_top
# Design Mode: 45nm
# Analysis Mode: MMMC OCV 
# Parasitics Mode: SPEF/RCDB
# Signoff Settings: SI On 
#################################################################################
AAE_INFO: 1 threads acquired from CTE.
Calculate early delays in OCV mode...
Calculate late delays in OCV mode...
Start delay calculation (fullDC) (1 T). (MEM=1146.72)
Initializing multi-corner capacitance tables ... 
Initializing multi-corner resistance tables ...
AAE_INFO: 1 threads acquired from CTE.
Total number of fetched objects 12606
AAE_INFO: Total number of nets for which stage creation was skipped for all views 0
AAE_INFO-618: Total number of nets in the design is 12627,  100.0 percent of the nets selected for SI analysis
End delay calculation. (MEM=1193.03 CPU=0:00:03.2 REAL=0:00:03.0)
End delay calculation (fullDC). (MEM=1193.03 CPU=0:00:03.8 REAL=0:00:04.0)
Loading CTE timing window with TwFlowType 0...(CPU = 0:00:00.0, REAL = 0:00:00.0, MEM = 1185.0M)
Add other clocks and setupCteToAAEClockMapping during iter 1
Loading CTE timing window is completed (CPU = 0:00:00.0, REAL = 0:00:00.0, MEM = 1185.0M)
Starting SI iteration 2
Calculate early delays in OCV mode...
Calculate late delays in OCV mode...
Start delay calculation (fullDC) (1 T). (MEM=1147.15)
Glitch Analysis: View VIEW_TYP -- Total Number of Nets Skipped = 0. 
Glitch Analysis: View VIEW_TYP -- Total Number of Nets Analyzed = 12606. 
Total number of fetched objects 12606
AAE_INFO: Total number of nets for which stage creation was skipped for all views 0
AAE_INFO-618: Total number of nets in the design is 12627,  0.1 percent of the nets selected for SI analysis
End delay calculation. (MEM=1134.3 CPU=0:00:00.1 REAL=0:00:00.0)
End delay calculation (fullDC). (MEM=1134.3 CPU=0:00:00.2 REAL=0:00:00.0)
*** Done Building Timing Graph (cpu=0:00:05.5 real=0:00:05.0 totSessionCpu=0:00:33.8 mem=1134.3M)

------------------------------------------------------------
          timeDesign Summary                             
------------------------------------------------------------

Setup views included:
 VIEW_TYP 

+--------------------+---------+---------+---------+
|     Setup mode     |   all   | reg2reg | default |
+--------------------+---------+---------+---------+
|           WNS (ns):|  0.276  |  0.276  |  0.500  |
|           TNS (ns):|  0.000  |  0.000  |  0.000  |
|    Violating Paths:|    0    |    0    |    0    |
|          All Paths:|   691   |   561   |   435   |
+--------------------+---------+---------+---------+

+----------------+-------------------------------+------------------+
|                |              Real             |       Total      |
|    DRVs        +------------------+------------+------------------|
|                |  Nr nets(terms)  | Worst Vio  |  Nr nets(terms)  |
+----------------+------------------+------------+------------------+
|   max_cap      |      0 (0)       |   0.000    |      0 (0)       |
|   max_tran     |      0 (0)       |   0.000    |      0 (0)       |
|   max_fanout   |      0 (0)       |     0      |     17 (17)      |
|   max_length   |      0 (0)       |     0      |      0 (0)       |
+----------------+------------------+------------+------------------+

Density: 61.756%
Total number of glitch violations: 0
------------------------------------------------------------
Reported timing to dir /home/host/eda_sub_ability/setup_downsize_cell/inject_violation/scenario_0001_setup_downsize_cell/reports/prepared/setup
Total CPU time: 8.99 sec
Total Real time: 10.0 sec
Total Memory Usage: 1130.574219 Mbytes
Reset AAE Options
 Reset EOS DB
Ignoring AAE DB Resetting ...
Extraction called for design 'aes_cipher_top' of instances=12793 and nets=12627 using extraction engine 'postRoute' at effort level 'low' .
PostRoute (effortLevel low) RC Extraction called for design aes_cipher_top.
RC Extraction called in multi-corner(1) mode.
Process corner(s) are loaded.
 Corner: RC_TYP
extractDetailRC Option : -outfile /tmp/innovus_temp_23548_qingteng_host_2LtI3X/aes_cipher_top_23548_gGKGfk.rcdb.d -maxResLength 200  -extended
RC Mode: PostRoute -effortLevel low [Extended CapTable, RC Table Resistances]
      RC Corner Indexes            0   
Capacitance Scaling Factor   : 1.00000 
Coupling Cap. Scaling Factor : 1.00000 
Resistance Scaling Factor    : 1.00000 
Clock Cap. Scaling Factor    : 1.00000 
Clock Res. Scaling Factor    : 1.00000 
Shrink Factor                : 1.00000
Initializing multi-corner capacitance tables ... 
Initializing multi-corner resistance tables ...
Checking LVS Completed (CPU Time= 0:00:00.0  MEM= 1128.6M)
Extracted 10.0012% (CPU Time= 0:00:00.4  MEM= 1226.9M)
Extracted 20.001% (CPU Time= 0:00:00.5  MEM= 1226.9M)
Extracted 30.0008% (CPU Time= 0:00:00.6  MEM= 1226.9M)
Extracted 40.0013% (CPU Time= 0:00:00.7  MEM= 1227.9M)
Extracted 50.0011% (CPU Time= 0:00:00.7  MEM= 1231.9M)
Extracted 60.0009% (CPU Time= 0:00:00.8  MEM= 1235.9M)
Extracted 70.0013% (CPU Time= 0:00:01.0  MEM= 1237.9M)
Extracted 80.0011% (CPU Time= 0:00:01.1  MEM= 1239.9M)
Extracted 90.0009% (CPU Time= 0:00:01.3  MEM= 1245.9M)
Extracted 100% (CPU Time= 0:00:01.8  MEM= 1246.9M)
Number of Extracted Resistors     : 232419
Number of Extracted Ground Cap.   : 243276
Number of Extracted Coupling Cap. : 802946
Filtering XCap in 'relativeAndCoupling' mode using values coupling_c_threshold=0.1fF, relative_c_threshold=1, and total_c_threshold=0fF.
 Corner: RC_TYP
Checking LVS Completed (CPU Time= 0:00:00.0  MEM= 1226.9M)
PostRoute (effortLevel low) RC Extraction DONE (CPU Time: 0:00:02.3  Real Time: 0:00:02.0  MEM: 1219.633M)
Starting delay calculation for Hold views
Starting SI iteration 1 using Infinite Timing Windows
#################################################################################
# Design Stage: PostRoute
# Design Name: aes_cipher_top
# Design Mode: 45nm
# Analysis Mode: MMMC OCV 
# Parasitics Mode: SPEF/RCDB
# Signoff Settings: SI On 
#################################################################################
AAE_INFO: 1 threads acquired from CTE.
Calculate late delays in OCV mode...
Calculate early delays in OCV mode...
Start delay calculation (fullDC) (1 T). (MEM=1141.42)
Initializing multi-corner capacitance tables ... 
Initializing multi-corner resistance tables ...
AAE_INFO: 1 threads acquired from CTE.
Total number of fetched objects 12606
AAE_INFO: Total number of nets for which stage creation was skipped for all views 0
AAE_INFO-618: Total number of nets in the design is 12627,  100.0 percent of the nets selected for SI analysis
End delay calculation. (MEM=1189.25 CPU=0:00:03.2 REAL=0:00:04.0)
End delay calculation (fullDC). (MEM=1189.25 CPU=0:00:03.8 REAL=0:00:04.0)
Loading CTE timing window with TwFlowType 0...(CPU = 0:00:00.0, REAL = 0:00:00.0, MEM = 1189.2M)
Add other clocks and setupCteToAAEClockMapping during iter 1
Loading CTE timing window is completed (CPU = 0:00:00.1, REAL = 0:00:00.0, MEM = 1189.2M)
Starting SI iteration 2
AAE_INFO: 1 threads acquired from CTE.
Calculate late delays in OCV mode...
Calculate early delays in OCV mode...
Start delay calculation (fullDC) (1 T). (MEM=1154.36)
Glitch Analysis: View VIEW_TYP -- Total Number of Nets Skipped = 0. 
Glitch Analysis: View VIEW_TYP -- Total Number of Nets Analyzed = 12606. 
Total number of fetched objects 12606
AAE_INFO: Total number of nets for which stage creation was skipped for all views 0
AAE_INFO-618: Total number of nets in the design is 12627,  2.0 percent of the nets selected for SI analysis
End delay calculation. (MEM=1160.52 CPU=0:00:00.1 REAL=0:00:01.0)
End delay calculation (fullDC). (MEM=1160.52 CPU=0:00:00.2 REAL=0:00:01.0)
*** Done Building Timing Graph (cpu=0:00:05.2 real=0:00:05.0 totSessionCpu=0:00:43.2 mem=1160.5M)

------------------------------------------------------------
          timeDesign Summary                             
------------------------------------------------------------

Hold  views included:
 VIEW_TYP 

+--------------------+---------+---------+---------+
|     Hold mode      |   all   | reg2reg | default |
+--------------------+---------+---------+---------+
|           WNS (ns):|  0.026  |  0.133  |  0.026  |
|           TNS (ns):|  0.000  |  0.000  |  0.000  |
|    Violating Paths:|    0    |    0    |    0    |
|          All Paths:|   691   |   561   |   435   |
+--------------------+---------+---------+---------+

Density: 61.756%
------------------------------------------------------------
Reported timing to dir /home/host/eda_sub_ability/setup_downsize_cell/inject_violation/scenario_0001_setup_downsize_cell/reports/prepared/hold
Total CPU time: 8.33 sec
Total Real time: 8.0 sec
Total Memory Usage: 1087.984375 Mbytes
Reset AAE Options
**WARN: (IMPOPT-6115):	ECO batchmode has been activated. Set setEcoMode -batchMode to false when done with ECO operations.
Type 'man IMPOPT-6115' for more detail.
#################################################################################
# Design Stage: PostRoute
# Design Name: aes_cipher_top
# Design Mode: 45nm
# Analysis Mode: MMMC OCV 
# Parasitics Mode: SPEF/RCDB
# Signoff Settings: SI On 
#################################################################################
Resize _16419_ (OAI21_X4) to OAI21_X1.
Resize _16425_ (OAI221_X4) to OAI221_X1.
Resize _16427_ (OAI21_X4) to OAI21_X1.
#% Begin globalDetailRoute (date=08/19 23:46:32, mem=968.3M)

globalDetailRoute

#WARNING (NRIF-78) The option routeWithEco combined with routeWithTimingDriven is not recommended due to possible high memory usage, increased run-time, and increased routing pattern pertubations. Please use with caution.
#setNanoRouteMode -droutePostRouteSpreadWire "auto"
#setNanoRouteMode -routeStrictlyHonorNonDefaultRule "false"
#setNanoRouteMode -routeWithEco true
#setNanoRouteMode -routeWithSiDriven false
#setNanoRouteMode -routeWithTimingDriven true
#Start globalDetailRoute on Wed Aug 19 23:46:32 2026
#
Initializing multi-corner capacitance tables ... 
Initializing multi-corner resistance tables ...
#num needed restored net=0
#need_extraction net=0 (total=12627)
#Processed 6 dirty instances, 0 dirty terms, 0 dirty fterms, 0 dirty pgterms, 0 misc dirty regions, 0 same cell-size swaps
#(3 insts marked dirty, reset pre-exisiting dirty flag on 3 insts, 13 nets marked need extraction)
#NanoRoute Version 19.10-p002_1 NR190418-1643/19_10-UB
#Skip comparing routing design signature in db-snapshot flow
#Start routing data preparation on Wed Aug 19 23:46:33 2026
#
#Minimum voltage of a net in the design = 0.000.
#Maximum voltage of a net in the design = 1.100.
#Voltage range [0.000 - 1.100] has 12625 nets.
#Voltage range [1.100 - 1.100] has 1 net.
#Voltage range [0.000 - 0.000] has 1 net.
# metal1       H   Track-Pitch = 0.14000    Line-2-Via Pitch = 0.13500
# metal2       V   Track-Pitch = 0.19000    Line-2-Via Pitch = 0.14000
# metal3       H   Track-Pitch = 0.14000    Line-2-Via Pitch = 0.14000
# metal4       V   Track-Pitch = 0.28000    Line-2-Via Pitch = 0.28000
# metal5       H   Track-Pitch = 0.28000    Line-2-Via Pitch = 0.28000
# metal6       V   Track-Pitch = 0.28000    Line-2-Via Pitch = 0.28000
# metal7       H   Track-Pitch = 0.84000    Line-2-Via Pitch = 0.80000
# metal8       V   Track-Pitch = 0.84000    Line-2-Via Pitch = 0.80000
# metal9       H   Track-Pitch = 1.60000    Line-2-Via Pitch = 1.60000
# metal10      V   Track-Pitch = 1.68000    Line-2-Via Pitch = 1.60000
#Regenerating Ggrids automatically.
#Auto generating G-grids with size=15 tracks, using layer metal3's pitch = 0.14000.
#Using automatically generated G-grids.
#Done routing data preparation.
#cpu time = 00:00:00, elapsed time = 00:00:00, memory = 966.04 (MB), peak = 1083.96 (MB)
#Merging special wires: starts on Wed Aug 19 23:46:33 2026 with memory = 966.38 (MB), peak = 1083.96 (MB)
#
#Merging special wires: cpu:00:00:00, real:00:00:00, mem:966.5 MB, peak:1.1 GB
#WARNING (NRDB-1005) Cannot establish connection to PIN B1 at ( 78.53500 83.66500 ) on metal1 for NET FE_OFN457_07081. The NET is considered partially routed. Visually verify wiring at the specified location as the wire/via origin may not touch the PIN. This NET will be rerouted with same or different wiring.
#WARNING (NRDB-1005) Cannot establish connection to PIN C2 at ( 79.30500 84.89000 ) on metal1 for NET FE_OFN467_07107. The NET is considered partially routed. Visually verify wiring at the specified location as the wire/via origin may not touch the PIN. This NET will be rerouted with same or different wiring.
#WARNING (NRDB-1005) Cannot establish connection to PIN A at ( 79.48500 84.89000 ) on metal1 for NET FE_OFN446_07050. The NET is considered partially routed. Visually verify wiring at the specified location as the wire/via origin may not touch the PIN. This NET will be rerouted with same or different wiring.
#WARNING (NRDB-1005) Cannot establish connection to PIN B2 at ( 78.21000 83.66500 ) on metal1 for NET _07075_. The NET is considered partially routed. Visually verify wiring at the specified location as the wire/via origin may not touch the PIN. This NET will be rerouted with same or different wiring.
#WARNING (NRDB-1005) Cannot establish connection to PIN B2 at ( 79.86500 84.89000 ) on metal1 for NET _07405_. The NET is considered partially routed. Visually verify wiring at the specified location as the wire/via origin may not touch the PIN. This NET will be rerouted with same or different wiring.
#WARNING (NRDB-1005) Cannot establish connection to PIN ZN at ( 78.47000 83.51000 ) on metal1 for NET _07405_. The NET is considered partially routed. Visually verify wiring at the specified location as the wire/via origin may not touch the PIN. This NET will be rerouted with same or different wiring.
#WARNING (NRDB-1005) Cannot establish connection to PIN ZN at ( 82.08000 85.04500 ) on metal1 for NET _07413_. The NET is considered partially routed. Visually verify wiring at the specified location as the wire/via origin may not touch the PIN. This NET will be rerouted with same or different wiring.
#WARNING (NRDB-1005) Cannot establish connection to PIN A at ( 82.33500 84.89000 ) on metal1 for NET _07411_. The NET is considered partially routed. Visually verify wiring at the specified location as the wire/via origin may not touch the PIN. This NET will be rerouted with same or different wiring.
#WARNING (NRDB-1005) Cannot establish connection to PIN ZN at ( 79.25000 85.10500 ) on metal1 for NET _07411_. The NET is considered partially routed. Visually verify wiring at the specified location as the wire/via origin may not touch the PIN. This NET will be rerouted with same or different wiring.
#WARNING (NRDB-1005) Cannot establish connection to PIN B1 at ( 79.67500 84.89000 ) on metal1 for NET _07327_. The NET is considered partially routed. Visually verify wiring at the specified location as the wire/via origin may not touch the PIN. This NET will be rerouted with same or different wiring.
#WARNING (NRDB-1005) Cannot establish connection to PIN B2 at ( 81.82000 84.89000 ) on metal1 for NET _07401_. The NET is considered partially routed. Visually verify wiring at the specified location as the wire/via origin may not touch the PIN. This NET will be rerouted with same or different wiring.
#WARNING (NRDB-1005) Cannot establish connection to PIN B1 at ( 82.14500 84.89000 ) on metal1 for NET _07412_. The NET is considered partially routed. Visually verify wiring at the specified location as the wire/via origin may not touch the PIN. This NET will be rerouted with same or different wiring.
#WARNING (NRDB-1005) Cannot establish connection to PIN C1 at ( 78.97000 84.89000 ) on metal1 for NET _07406_. The NET is considered partially routed. Visually verify wiring at the specified location as the wire/via origin may not touch the PIN. This NET will be rerouted with same or different wiring.
#
#Connectivity extraction summary:
#11 routed nets are extracted.
#    11 (0.09%) extracted nets are partially routed.
#12026 routed net(s) are imported.
#590 nets are fixed|skipped|trivial (not extracted).
#Total number of nets = 12627.
#
#
#Finished routing data preparation on Wed Aug 19 23:46:33 2026
#
#Cpu time = 00:00:00
#Elapsed time = 00:00:00
#Increased memory = 5.12 (MB)
#Total memory = 966.49 (MB)
#Peak memory = 1083.96 (MB)
#
#
#Start global routing on Wed Aug 19 23:46:33 2026
#
#
#Start global routing initialization on Wed Aug 19 23:46:33 2026
#
#Number of eco nets is 11
#
#Start global routing data preparation on Wed Aug 19 23:46:33 2026
#
#Start routing resource analysis on Wed Aug 19 23:46:33 2026
#
#Routing resource analysis is done on Wed Aug 19 23:46:34 2026
#
#  Resource Analysis:
#
#               Routing  #Avail      #Track     #Total     %Gcell
#  Layer      Direction   Track     Blocked      Gcell    Blocked
#  --------------------------------------------------------------
#  metal1         H        1264           0        7140    64.20%
#  metal2         V         936           0        7140     0.00%
#  metal3         H        1264           0        7140     0.00%
#  metal4         V         634           0        7140     0.00%
#  metal5         H         631           0        7140     0.00%
#  metal6         V         634           0        7140     0.00%
#  metal7         H         200          10        7140     9.52%
#  metal8         V         178          33        7140     9.55%
#  metal9         H          83           1        7140     1.89%
#  metal10        V          85           0        7140     0.00%
#  --------------------------------------------------------------
#  Total                   5910       2.11%       71400     8.52%
#
#  20 nets (0.16%) with 1 preferred extra spacing.
#
#
#
#Global routing data preparation is done on Wed Aug 19 23:46:34 2026
#
#cpu time = 00:00:00, elapsed time = 00:00:00, memory = 968.25 (MB), peak = 1083.96 (MB)
#
#
#Global routing initialization is done on Wed Aug 19 23:46:34 2026
#
#cpu time = 00:00:00, elapsed time = 00:00:00, memory = 968.25 (MB), peak = 1083.96 (MB)
#
#start global routing iteration 1...
#cpu time = 00:00:00, elapsed time = 00:00:00, memory = 972.04 (MB), peak = 1083.96 (MB)
#
#start global routing iteration 2...
#cpu time = 00:00:00, elapsed time = 00:00:00, memory = 972.04 (MB), peak = 1083.96 (MB)
#
#
#Total number of trivial nets (e.g. < 2 pins) = 590 (skipped).
#Total number of routable nets = 12037.
#Total number of nets in the design = 12627.
#
#11 routable nets have only global wires.
#12026 routable nets have only detail routed wires.
#20 detail routed (routable) nets have been constrained (e.g. have preferred extra spacing, require shielding etc.)
#
#Routed nets constraints summary:
#-----------------------------
#        Rules   Unconstrained  
#-----------------------------
#      Default              11  
#-----------------------------
#        Total              11  
#-----------------------------
#
#Routing constraints summary of the whole design:
#------------------------------------------------
#        Rules   Pref Extra Space   Unconstrained  
#------------------------------------------------
#      Default                 20           12017  
#------------------------------------------------
#        Total                 20           12017  
#------------------------------------------------
#
#
#  Congestion Analysis: (blocked Gcells are excluded)
#
#                 OverCon          
#                  #Gcell    %Gcell
#     Layer           (1)   OverCon
#  --------------------------------
#  metal1        0(0.00%)   (0.00%)
#  metal2        0(0.00%)   (0.00%)
#  metal3        0(0.00%)   (0.00%)
#  metal4        0(0.00%)   (0.00%)
#  metal5        0(0.00%)   (0.00%)
#  metal6        0(0.00%)   (0.00%)
#  metal7        0(0.00%)   (0.00%)
#  metal8        0(0.00%)   (0.00%)
#  metal9        0(0.00%)   (0.00%)
#  metal10       0(0.00%)   (0.00%)
#  --------------------------------
#     Total      0(0.00%)   (0.00%)
#
#  The worst congested Gcell overcon (routing demand over resource in number of tracks) = 1
#  Overflow after GR: 0.00% H + 0.00% V
#
#Complete Global Routing.
#Total number of nets with non-default rule or having extra spacing = 20
#Total wire length = 179724 um.
#Total half perimeter of net bounding box = 158786 um.
#Total wire length on LAYER metal1 = 5475 um.
#Total wire length on LAYER metal2 = 47216 um.
#Total wire length on LAYER metal3 = 57853 um.
#Total wire length on LAYER metal4 = 24536 um.
#Total wire length on LAYER metal5 = 23859 um.
#Total wire length on LAYER metal6 = 15966 um.
#Total wire length on LAYER metal7 = 1509 um.
#Total wire length on LAYER metal8 = 1663 um.
#Total wire length on LAYER metal9 = 1647 um.
#Total wire length on LAYER metal10 = 0 um.
#Total number of vias = 91272
#Up-Via Summary (total 91272):
#           
#-----------------------
# metal1          42215
# metal2          32482
# metal3          10540
# metal4           3594
# metal5           1892
# metal6            284
# metal7            171
# metal8             94
#-----------------------
#                 91272 
#
#Max overcon = 0 track.
#Total overcon = 0.00%.
#Worst layer Gcell overcon rate = 0.00%.
#
#Global routing statistics:
#Cpu time = 00:00:01
#Elapsed time = 00:00:01
#Increased memory = 6.61 (MB)
#Total memory = 973.10 (MB)
#Peak memory = 1083.96 (MB)
#
#Finished global routing on Wed Aug 19 23:46:34 2026
#
#
#cpu time = 00:00:00, elapsed time = 00:00:00, memory = 971.48 (MB), peak = 1083.96 (MB)
#Start Track Assignment.
#Done with 1 horizontal wires in 1 hboxes and 0 vertical wires in 1 hboxes.
#Done with 0 horizontal wires in 1 hboxes and 0 vertical wires in 1 hboxes.
#Complete Track Assignment.
#Total number of nets with non-default rule or having extra spacing = 20
#Total wire length = 179735 um.
#Total half perimeter of net bounding box = 158786 um.
#Total wire length on LAYER metal1 = 5478 um.
#Total wire length on LAYER metal2 = 47218 um.
#Total wire length on LAYER metal3 = 57859 um.
#Total wire length on LAYER metal4 = 24536 um.
#Total wire length on LAYER metal5 = 23859 um.
#Total wire length on LAYER metal6 = 15966 um.
#Total wire length on LAYER metal7 = 1509 um.
#Total wire length on LAYER metal8 = 1663 um.
#Total wire length on LAYER metal9 = 1647 um.
#Total wire length on LAYER metal10 = 0 um.
#Total number of vias = 91272
#Up-Via Summary (total 91272):
#           
#-----------------------
# metal1          42215
# metal2          32482
# metal3          10540
# metal4           3594
# metal5           1892
# metal6            284
# metal7            171
# metal8             94
#-----------------------
#                 91272 
#
#cpu time = 00:00:01, elapsed time = 00:00:01, memory = 1010.41 (MB), peak = 1083.96 (MB)
#
#number of short segments in preferred routing layers
#	
#	
#
#Routing data preparation, pin analysis, global routing and track assignment statistics:
#Cpu time = 00:00:02
#Elapsed time = 00:00:02
#Increased memory = 49.05 (MB)
#Total memory = 1010.41 (MB)
#Peak memory = 1083.96 (MB)
#
#Start Detail Routing..
#start initial detail routing ...
# ECO: 0.0% of the total area was rechecked for DRC, and 0.5% required routing.
#   number of violations = 0
#3 out of 12793 instances (0.0%) need to be verified(marked ipoed), dirty area = 0.0%.
#0.0% of the total area is being checked for drcs
#0.0% of the total area was checked
#   number of violations = 0
#cpu time = 00:00:00, elapsed time = 00:00:00, memory = 1010.42 (MB), peak = 1083.96 (MB)
#Complete Detail Routing.
#Total number of nets with non-default rule or having extra spacing = 20
#Total wire length = 179723 um.
#Total half perimeter of net bounding box = 158786 um.
#Total wire length on LAYER metal1 = 5476 um.
#Total wire length on LAYER metal2 = 47215 um.
#Total wire length on LAYER metal3 = 57850 um.
#Total wire length on LAYER metal4 = 24538 um.
#Total wire length on LAYER metal5 = 23859 um.
#Total wire length on LAYER metal6 = 15966 um.
#Total wire length on LAYER metal7 = 1509 um.
#Total wire length on LAYER metal8 = 1663 um.
#Total wire length on LAYER metal9 = 1647 um.
#Total wire length on LAYER metal10 = 0 um.
#Total number of vias = 91274
#Up-Via Summary (total 91274):
#           
#-----------------------
# metal1          42213
# metal2          32483
# metal3          10543
# metal4           3594
# metal5           1892
# metal6            284
# metal7            171
# metal8             94
#-----------------------
#                 91274 
#
#Total number of DRC violations = 0
#Cpu time = 00:00:01
#Elapsed time = 00:00:01
#Increased memory = -36.21 (MB)
#Total memory = 974.21 (MB)
#Peak memory = 1083.96 (MB)
#detailRoute Statistics:
#Cpu time = 00:00:01
#Elapsed time = 00:00:01
#Increased memory = -36.21 (MB)
#Total memory = 974.21 (MB)
#Peak memory = 1083.96 (MB)
#Skip updating routing design signature in db-snapshot flow
#
#globalDetailRoute statistics:
#Cpu time = 00:00:03
#Elapsed time = 00:00:03
#Increased memory = -7.94 (MB)
#Total memory = 960.40 (MB)
#Peak memory = 1083.96 (MB)
#Number of warnings = 14
#Total number of warnings = 38
#Number of fails = 0
#Total number of fails = 0
#Complete globalDetailRoute on Wed Aug 19 23:46:36 2026
#
#% End globalDetailRoute (date=08/19 23:46:36, total cpu=0:00:03.4, real=0:00:04.0, peak res=968.3M, current mem=960.4M)
Extraction called for design 'aes_cipher_top' of instances=12793 and nets=12627 using extraction engine 'postRoute' at effort level 'low' .
PostRoute (effortLevel low) RC Extraction called for design aes_cipher_top.
RC Extraction called in multi-corner(1) mode.
Process corner(s) are loaded.
 Corner: RC_TYP
extractDetailRC Option : -outfile /tmp/innovus_temp_23548_qingteng_host_2LtI3X/aes_cipher_top_23548_gGKGfk.rcdb.d -maxResLength 200  -extended
RC Mode: PostRoute -effortLevel low [Extended CapTable, RC Table Resistances]
      RC Corner Indexes            0   
Capacitance Scaling Factor   : 1.00000 
Coupling Cap. Scaling Factor : 1.00000 
Resistance Scaling Factor    : 1.00000 
Clock Cap. Scaling Factor    : 1.00000 
Clock Res. Scaling Factor    : 1.00000 
Shrink Factor                : 1.00000
Initializing multi-corner capacitance tables ... 
Initializing multi-corner resistance tables ...
Checking LVS Completed (CPU Time= 0:00:00.0  MEM= 1111.4M)
Extracted 10.0009% (CPU Time= 0:00:00.4  MEM= 1201.8M)
Extracted 20.001% (CPU Time= 0:00:00.5  MEM= 1201.8M)
Extracted 30.0011% (CPU Time= 0:00:00.6  MEM= 1201.8M)
Extracted 40.0013% (CPU Time= 0:00:00.6  MEM= 1201.8M)
Extracted 50.0014% (CPU Time= 0:00:00.7  MEM= 1201.8M)
Extracted 60.0009% (CPU Time= 0:00:00.8  MEM= 1201.8M)
Extracted 70.001% (CPU Time= 0:00:00.9  MEM= 1201.8M)
Extracted 80.0011% (CPU Time= 0:00:01.1  MEM= 1201.8M)
Extracted 90.0013% (CPU Time= 0:00:01.2  MEM= 1205.8M)
Extracted 100% (CPU Time= 0:00:01.7  MEM= 1205.8M)
Number of Extracted Resistors     : 232413
Number of Extracted Ground Cap.   : 243269
Number of Extracted Coupling Cap. : 802838
Filtering XCap in 'relativeAndCoupling' mode using values coupling_c_threshold=0.1fF, relative_c_threshold=1, and total_c_threshold=0fF.
 Corner: RC_TYP
Checking LVS Completed (CPU Time= 0:00:00.0  MEM= 1182.8M)
PostRoute (effortLevel low) RC Extraction DONE (CPU Time: 0:00:02.1  Real Time: 0:00:02.0  MEM: 1182.766M)
 Reset EOS DB
Ignoring AAE DB Resetting ...
Extraction called for design 'aes_cipher_top' of instances=12793 and nets=12627 using extraction engine 'postRoute' at effort level 'low' .
PostRoute (effortLevel low) RC Extraction called for design aes_cipher_top.
RC Extraction called in multi-corner(1) mode.
Process corner(s) are loaded.
 Corner: RC_TYP
extractDetailRC Option : -outfile /tmp/innovus_temp_23548_qingteng_host_2LtI3X/aes_cipher_top_23548_gGKGfk.rcdb.d -maxResLength 200  -extended
RC Mode: PostRoute -effortLevel low [Extended CapTable, RC Table Resistances]
      RC Corner Indexes            0   
Capacitance Scaling Factor   : 1.00000 
Coupling Cap. Scaling Factor : 1.00000 
Resistance Scaling Factor    : 1.00000 
Clock Cap. Scaling Factor    : 1.00000 
Clock Res. Scaling Factor    : 1.00000 
Shrink Factor                : 1.00000
Initializing multi-corner capacitance tables ... 
Initializing multi-corner resistance tables ...
Checking LVS Completed (CPU Time= 0:00:00.0  MEM= 1128.8M)
Extracted 10.0009% (CPU Time= 0:00:00.4  MEM= 1203.1M)
Extracted 20.001% (CPU Time= 0:00:00.5  MEM= 1203.1M)
Extracted 30.0011% (CPU Time= 0:00:00.5  MEM= 1203.1M)
Extracted 40.0013% (CPU Time= 0:00:00.6  MEM= 1203.1M)
Extracted 50.0014% (CPU Time= 0:00:00.7  MEM= 1203.1M)
Extracted 60.0009% (CPU Time= 0:00:00.8  MEM= 1203.1M)
Extracted 70.001% (CPU Time= 0:00:00.9  MEM= 1203.1M)
Extracted 80.0011% (CPU Time= 0:00:01.0  MEM= 1203.1M)
Extracted 90.0013% (CPU Time= 0:00:01.2  MEM= 1207.1M)
Extracted 100% (CPU Time= 0:00:01.6  MEM= 1207.1M)
Number of Extracted Resistors     : 232413
Number of Extracted Ground Cap.   : 243269
Number of Extracted Coupling Cap. : 802838
Filtering XCap in 'relativeAndCoupling' mode using values coupling_c_threshold=0.1fF, relative_c_threshold=1, and total_c_threshold=0fF.
 Corner: RC_TYP
Checking LVS Completed (CPU Time= 0:00:00.0  MEM= 1191.1M)
PostRoute (effortLevel low) RC Extraction DONE (CPU Time: 0:00:02.1  Real Time: 0:00:02.0  MEM: 1191.086M)
Starting delay calculation for Setup views
Starting SI iteration 1 using Infinite Timing Windows
#################################################################################
# Design Stage: PostRoute
# Design Name: aes_cipher_top
# Design Mode: 45nm
# Analysis Mode: MMMC OCV 
# Parasitics Mode: SPEF/RCDB
# Signoff Settings: SI On 
#################################################################################
AAE_INFO: 1 threads acquired from CTE.
Calculate early delays in OCV mode...
Calculate late delays in OCV mode...
Start delay calculation (fullDC) (1 T). (MEM=1205.38)
Initializing multi-corner capacitance tables ... 
Initializing multi-corner resistance tables ...
AAE_INFO: 1 threads acquired from CTE.
Total number of fetched objects 12606
AAE_INFO: Total number of nets for which stage creation was skipped for all views 0
AAE_INFO-618: Total number of nets in the design is 12627,  100.0 percent of the nets selected for SI analysis
End delay calculation. (MEM=1224.59 CPU=0:00:03.1 REAL=0:00:03.0)
End delay calculation (fullDC). (MEM=1224.59 CPU=0:00:03.7 REAL=0:00:03.0)
Loading CTE timing window with TwFlowType 0...(CPU = 0:00:00.0, REAL = 0:00:00.0, MEM = 1224.6M)
Add other clocks and setupCteToAAEClockMapping during iter 1
Loading CTE timing window is completed (CPU = 0:00:00.0, REAL = 0:00:00.0, MEM = 1224.6M)
Starting SI iteration 2
AAE_INFO: 1 threads acquired from CTE.
Calculate early delays in OCV mode...
Calculate late delays in OCV mode...
Start delay calculation (fullDC) (1 T). (MEM=1169.71)
Glitch Analysis: View VIEW_TYP -- Total Number of Nets Skipped = 0. 
Glitch Analysis: View VIEW_TYP -- Total Number of Nets Analyzed = 12606. 
Total number of fetched objects 12606
AAE_INFO: Total number of nets for which stage creation was skipped for all views 0
AAE_INFO-618: Total number of nets in the design is 12627,  0.2 percent of the nets selected for SI analysis
End delay calculation. (MEM=1156.87 CPU=0:00:00.1 REAL=0:00:00.0)
End delay calculation (fullDC). (MEM=1156.87 CPU=0:00:00.2 REAL=0:00:00.0)
*** Done Building Timing Graph (cpu=0:00:05.4 real=0:00:05.0 totSessionCpu=0:01:02 mem=1156.9M)

------------------------------------------------------------
          timeDesign Summary                             
------------------------------------------------------------

Setup views included:
 VIEW_TYP 

+--------------------+---------+---------+---------+
|     Setup mode     |   all   | reg2reg | default |
+--------------------+---------+---------+---------+
|           WNS (ns):| -0.045  | -0.045  |  0.500  |
|           TNS (ns):| -0.045  | -0.045  |  0.000  |
|    Violating Paths:|    1    |    1    |    0    |
|          All Paths:|   691   |   561   |   435   |
+--------------------+---------+---------+---------+

+----------------+-------------------------------+------------------+
|                |              Real             |       Total      |
|    DRVs        +------------------+------------+------------------|
|                |  Nr nets(terms)  | Worst Vio  |  Nr nets(terms)  |
+----------------+------------------+------------+------------------+
|   max_cap      |      3 (3)       |   -0.017   |      3 (3)       |
|   max_tran     |      2 (13)      |   -0.019   |      2 (13)      |
|   max_fanout   |      0 (0)       |     0      |     17 (17)      |
|   max_length   |      0 (0)       |     0      |      0 (0)       |
+----------------+------------------+------------+------------------+

Density: 61.729%
Total number of glitch violations: 0
------------------------------------------------------------
Reported timing to dir /home/host/eda_sub_ability/setup_downsize_cell/inject_violation/scenario_0001_setup_downsize_cell/reports/injected/setup
Total CPU time: 8.72 sec
Total Real time: 9.0 sec
Total Memory Usage: 1153.136719 Mbytes
Reset AAE Options
 Reset EOS DB
Ignoring AAE DB Resetting ...
Extraction called for design 'aes_cipher_top' of instances=12793 and nets=12627 using extraction engine 'postRoute' at effort level 'low' .
PostRoute (effortLevel low) RC Extraction called for design aes_cipher_top.
RC Extraction called in multi-corner(1) mode.
Process corner(s) are loaded.
 Corner: RC_TYP
extractDetailRC Option : -outfile /tmp/innovus_temp_23548_qingteng_host_2LtI3X/aes_cipher_top_23548_gGKGfk.rcdb.d -maxResLength 200  -extended
RC Mode: PostRoute -effortLevel low [Extended CapTable, RC Table Resistances]
      RC Corner Indexes            0   
Capacitance Scaling Factor   : 1.00000 
Coupling Cap. Scaling Factor : 1.00000 
Resistance Scaling Factor    : 1.00000 
Clock Cap. Scaling Factor    : 1.00000 
Clock Res. Scaling Factor    : 1.00000 
Shrink Factor                : 1.00000
Initializing multi-corner capacitance tables ... 
Initializing multi-corner resistance tables ...
Checking LVS Completed (CPU Time= 0:00:00.0  MEM= 1149.1M)
Extracted 10.0009% (CPU Time= 0:00:00.4  MEM= 1247.5M)
Extracted 20.001% (CPU Time= 0:00:00.5  MEM= 1247.5M)
Extracted 30.0011% (CPU Time= 0:00:00.5  MEM= 1247.5M)
Extracted 40.0013% (CPU Time= 0:00:00.6  MEM= 1247.5M)
Extracted 50.0014% (CPU Time= 0:00:00.7  MEM= 1247.5M)
Extracted 60.0009% (CPU Time= 0:00:00.8  MEM= 1247.5M)
Extracted 70.001% (CPU Time= 0:00:00.9  MEM= 1249.5M)
Extracted 80.0011% (CPU Time= 0:00:01.0  MEM= 1251.5M)
Extracted 90.0013% (CPU Time= 0:00:01.2  MEM= 1257.5M)
Extracted 100% (CPU Time= 0:00:01.6  MEM= 1259.5M)
Number of Extracted Resistors     : 232413
Number of Extracted Ground Cap.   : 243269
Number of Extracted Coupling Cap. : 802838
Filtering XCap in 'relativeAndCoupling' mode using values coupling_c_threshold=0.1fF, relative_c_threshold=1, and total_c_threshold=0fF.
 Corner: RC_TYP
Checking LVS Completed (CPU Time= 0:00:00.0  MEM= 1232.2M)
PostRoute (effortLevel low) RC Extraction DONE (CPU Time: 0:00:02.1  Real Time: 0:00:02.0  MEM: 1232.195M)
Starting delay calculation for Hold views
Starting SI iteration 1 using Infinite Timing Windows
#################################################################################
# Design Stage: PostRoute
# Design Name: aes_cipher_top
# Design Mode: 45nm
# Analysis Mode: MMMC OCV 
# Parasitics Mode: SPEF/RCDB
# Signoff Settings: SI On 
#################################################################################
AAE_INFO: 1 threads acquired from CTE.
Calculate late delays in OCV mode...
Calculate early delays in OCV mode...
Start delay calculation (fullDC) (1 T). (MEM=1162.98)
Initializing multi-corner capacitance tables ... 
Initializing multi-corner resistance tables ...
AAE_INFO: 1 threads acquired from CTE.
Total number of fetched objects 12606
AAE_INFO: Total number of nets for which stage creation was skipped for all views 0
AAE_INFO-618: Total number of nets in the design is 12627,  100.0 percent of the nets selected for SI analysis
End delay calculation. (MEM=1203.81 CPU=0:00:03.1 REAL=0:00:03.0)
End delay calculation (fullDC). (MEM=1203.81 CPU=0:00:03.7 REAL=0:00:04.0)
Loading CTE timing window with TwFlowType 0...(CPU = 0:00:00.0, REAL = 0:00:00.0, MEM = 1203.8M)
Add other clocks and setupCteToAAEClockMapping during iter 1
Loading CTE timing window is completed (CPU = 0:00:00.0, REAL = 0:00:00.0, MEM = 1203.8M)
Starting SI iteration 2
AAE_INFO: 1 threads acquired from CTE.
Calculate late delays in OCV mode...
Calculate early delays in OCV mode...
Start delay calculation (fullDC) (1 T). (MEM=1173.93)
Glitch Analysis: View VIEW_TYP -- Total Number of Nets Skipped = 0. 
Glitch Analysis: View VIEW_TYP -- Total Number of Nets Analyzed = 12606. 
Total number of fetched objects 12606
AAE_INFO: Total number of nets for which stage creation was skipped for all views 0
AAE_INFO-618: Total number of nets in the design is 12627,  2.0 percent of the nets selected for SI analysis
End delay calculation. (MEM=1180.08 CPU=0:00:00.1 REAL=0:00:00.0)
End delay calculation (fullDC). (MEM=1180.08 CPU=0:00:00.2 REAL=0:00:01.0)
*** Done Building Timing Graph (cpu=0:00:05.2 real=0:00:05.0 totSessionCpu=0:01:11 mem=1180.1M)

------------------------------------------------------------
          timeDesign Summary                             
------------------------------------------------------------

Hold  views included:
 VIEW_TYP 

+--------------------+---------+---------+---------+
|     Hold mode      |   all   | reg2reg | default |
+--------------------+---------+---------+---------+
|           WNS (ns):|  0.026  |  0.133  |  0.026  |
|           TNS (ns):|  0.000  |  0.000  |  0.000  |
|    Violating Paths:|    0    |    0    |    0    |
|          All Paths:|   691   |   561   |   435   |
+--------------------+---------+---------+---------+

Density: 61.729%
------------------------------------------------------------
Reported timing to dir /home/host/eda_sub_ability/setup_downsize_cell/inject_violation/scenario_0001_setup_downsize_cell/reports/injected/hold
Total CPU time: 8.06 sec
Total Real time: 8.0 sec
Total Memory Usage: 1109.53125 Mbytes
Reset AAE Options
VERIFY_CONNECTIVITY use new engine.

******** Start: VERIFY CONNECTIVITY ********
Start Time: Wed Aug 19 23:47:11 2026

Design Name: aes_cipher_top
Database Units: 2000
Design Boundary: (0.0000, 0.0000) (177.8400, 176.9600)
Error Limit = 1000; Warning Limit = 1000
Check all nets
**** 23:47:11 **** Processed 5000 nets.
**** 23:47:11 **** Processed 10000 nets.

Begin Summary 
  Found no problems or warnings.
End Summary

End Time: Wed Aug 19 23:47:11 2026
Time Elapsed: 0:00:00.0

******** End: VERIFY CONNECTIVITY ********
  Verification Complete : 0 Viols.  0 Wrngs.
  (CPU Time: 0:00:00.6  MEM: 0.000M)

#-report /home/host/eda_sub_ability/setup_downsize_cell/inject_violation/scenario_0001_setup_downsize_cell/reports/injected/drc.rpt # string, default="", user setting
 *** Starting Verify DRC (MEM: 1181.6) ***

  VERIFY DRC ...... Starting Verification
  VERIFY DRC ...... Initializing
  VERIFY DRC ...... Deleting Existing Violations
  VERIFY DRC ...... Creating Sub-Areas
  VERIFY DRC ...... Using new threading
  VERIFY DRC ...... Sub-Area: {0.000 0.000 59.400 59.400} 1 of 9
  VERIFY DRC ...... Sub-Area : 1 complete 0 Viols.
  VERIFY DRC ...... Sub-Area: {59.400 0.000 118.800 59.400} 2 of 9
  VERIFY DRC ...... Sub-Area : 2 complete 0 Viols.
  VERIFY DRC ...... Sub-Area: {118.800 0.000 177.840 59.400} 3 of 9
  VERIFY DRC ...... Sub-Area : 3 complete 0 Viols.
  VERIFY DRC ...... Sub-Area: {0.000 59.400 59.400 118.800} 4 of 9
  VERIFY DRC ...... Sub-Area : 4 complete 0 Viols.
  VERIFY DRC ...... Sub-Area: {59.400 59.400 118.800 118.800} 5 of 9
  VERIFY DRC ...... Sub-Area : 5 complete 0 Viols.
  VERIFY DRC ...... Sub-Area: {118.800 59.400 177.840 118.800} 6 of 9
  VERIFY DRC ...... Sub-Area : 6 complete 0 Viols.
  VERIFY DRC ...... Sub-Area: {0.000 118.800 59.400 176.960} 7 of 9
  VERIFY DRC ...... Sub-Area : 7 complete 0 Viols.
  VERIFY DRC ...... Sub-Area: {59.400 118.800 118.800 176.960} 8 of 9
  VERIFY DRC ...... Sub-Area : 8 complete 0 Viols.
  VERIFY DRC ...... Sub-Area: {118.800 118.800 177.840 176.960} 9 of 9
  VERIFY DRC ...... Sub-Area : 9 complete 0 Viols.

  Verification Complete : 0 Viols.

 *** End Verify DRC (CPU: 0:00:01.8  ELAPSED TIME: 2.00  MEM: 31.0M) ***

**WARN: (TCLCMD-1131):	'The -max_points parameter of the report_timing command is obsolete. The timing engine will map it to -max_paths parameter. For future releases, you should remove this parameter from your scripts.'
The in-memory database contained RC information but was not saved. To save 
the RC information, use saveDesign's -rc option. Note: Saving RC information can be quite large, 
so it should only be saved when it is really desired.
#% Begin save design ... (date=08/19 23:47:13, mem=1072.5M)
% Begin Save ccopt configuration ... (date=08/19 23:47:13, mem=1075.5M)
% End Save ccopt configuration ... (date=08/19 23:47:13, total cpu=0:00:00.0, real=0:00:00.0, peak res=1077.2M, current mem=1077.2M)
% Begin Save netlist data ... (date=08/19 23:47:13, mem=1077.2M)
Writing Binary DB to /home/host/eda_sub_ability/setup_downsize_cell/inject_violation/scenario_0001_setup_downsize_cell/outputs/setup_downsize_cell.enc.dat/aes_cipher_top.v.bin in single-threaded mode...
% End Save netlist data ... (date=08/19 23:47:13, total cpu=0:00:00.0, real=0:00:00.0, peak res=1077.5M, current mem=1077.5M)
Saving congestion map file /home/host/eda_sub_ability/setup_downsize_cell/inject_violation/scenario_0001_setup_downsize_cell/outputs/setup_downsize_cell.enc.dat/aes_cipher_top.route.congmap.gz ...
% Begin Save AAE data ... (date=08/19 23:47:14, mem=1078.0M)
Saving AAE Data ...
% End Save AAE data ... (date=08/19 23:47:14, total cpu=0:00:00.0, real=0:00:00.0, peak res=1078.1M, current mem=1078.1M)
% Begin Save clock tree data ... (date=08/19 23:47:14, mem=1079.1M)
% End Save clock tree data ... (date=08/19 23:47:14, total cpu=0:00:00.0, real=0:00:00.0, peak res=1079.2M, current mem=1079.2M)
Saving preference file /home/host/eda_sub_ability/setup_downsize_cell/inject_violation/scenario_0001_setup_downsize_cell/outputs/setup_downsize_cell.enc.dat/gui.pref.tcl ...
Saving mode setting ...
Saving global file ...
% Begin Save floorplan data ... (date=08/19 23:47:14, mem=1079.4M)
Saving floorplan file ...
% End Save floorplan data ... (date=08/19 23:47:14, total cpu=0:00:00.0, real=0:00:00.0, peak res=1079.8M, current mem=1079.8M)
Saving PG file /home/host/eda_sub_ability/setup_downsize_cell/inject_violation/scenario_0001_setup_downsize_cell/outputs/setup_downsize_cell.enc.dat/aes_cipher_top.pg.gz
*** Completed savePGFile (cpu=0:00:00.0 real=0:00:00.0 mem=1178.8M) ***
Saving Drc markers ...
... No Drc file written since there is no markers found.
% Begin Save placement data ... (date=08/19 23:47:14, mem=1080.1M)
** Saving stdCellPlacement_binary (version# 2) ...
Save Adaptive View Pruing View Names to Binary file
% End Save placement data ... (date=08/19 23:47:14, total cpu=0:00:00.0, real=0:00:00.0, peak res=1080.1M, current mem=1080.1M)
% Begin Save routing data ... (date=08/19 23:47:14, mem=1080.1M)
Saving route file ...
*** Completed saveRoute (cpu=0:00:00.1 real=0:00:00.0 mem=1178.8M) ***
% End Save routing data ... (date=08/19 23:47:14, total cpu=0:00:00.1, real=0:00:00.0, peak res=1080.2M, current mem=1080.2M)
Saving property file /home/host/eda_sub_ability/setup_downsize_cell/inject_violation/scenario_0001_setup_downsize_cell/outputs/setup_downsize_cell.enc.dat/aes_cipher_top.prop
*** Completed saveProperty (cpu=0:00:00.0 real=0:00:00.0 mem=1181.8M) ***
#Saving pin access data to file /home/host/eda_sub_ability/setup_downsize_cell/inject_violation/scenario_0001_setup_downsize_cell/outputs/setup_downsize_cell.enc.dat/aes_cipher_top.apa ...
#
**ERROR: (IMPOAX-142):	Could not open shared library libinnovusoax22.so : liboaDesign.so: cannot open shared object file: No such file or directory

**ERROR: (IMPOAX-142):	Could not open shared library libcdsSkillPcell.so : /opt/cadence/INNOVUS/tools.lnx86/lib/64bit/libcdsSkillPcell.so: undefined symbol: _ZTIN12OpenAccess_413oaFSComponentE

**ERROR: (IMPSYT-6245):	Error , while saving MS constraint file.
% Begin Save power constraints data ... (date=08/19 23:47:14, mem=1081.2M)
% End Save power constraints data ... (date=08/19 23:47:14, total cpu=0:00:00.0, real=0:00:00.0, peak res=1081.3M, current mem=1081.3M)
Generated self-contained design setup_downsize_cell.enc.dat
#% End save design ... (date=08/19 23:47:16, total cpu=0:00:01.9, real=0:00:03.0, peak res=1084.8M, current mem=1084.8M)

*** Summary of all messages that are not suppressed in this session:
Severity  ID               Count  Summary                                  
ERROR     IMPSYT-6245          1  Error %s, while saving MS constraint fil...
ERROR     IMPOAX-142           2  %s                                       
*** Message Summary: 0 warning(s), 3 error(s)

SETUP_DOWNSIZE_CELL_PERTURB_COMPLETE

*** Memory Usage v#1 (Current mem = 1215.105M, initial mem = 270.340M) ***
*** Message Summary: 39 warning(s), 8 error(s)

--- Ending "Innovus" (totcpu=0:01:31, real=0:01:27, mem=1215.1M) ---

