
Cadence Innovus(TM) Implementation System.
Copyright 2019 Cadence Design Systems, Inc. All rights reserved worldwide.

Version:	v19.10-p002_1, built Fri Apr 19 15:18:11 PDT 2019
Options:	-nowin -files inject_violation/scenario_0001_setup_downsize_cell/characterize_side_effects.tcl 
Date:		Wed Aug 19 23:51:42 2026
Host:		qingteng (x86_64 w/Linux 4.14.174) (4cores*4cpus*Intel(R) Xeon(R) Processor @ 2.90GHz 22528KB)
OS:		CentOS Linux release 7.9.2009 (Core)

License:
		invs	Innovus Implementation System	19.1	checkout succeeded
		8 CPU jobs allowed with the current license(s). Use setMultiCpuUsage to set your required CPU count.
**ERROR: (IMPOAX-142):	Could not open shared library libinnovusoax22.so : liboaDesign.so: cannot open shared object file: No such file or directory

**ERROR: (IMPOAX-142):	Could not open shared library libcdsSkillPcell.so : /opt/cadence/INNOVUS/tools.lnx86/lib/64bit/libcdsSkillPcell.so: undefined symbol: _ZTIN12OpenAccess_413oaFSComponentE

**ERROR: (IMPOAX-142):	OA features will be disabled in this session.

Create and set the environment variable TMPDIR to /tmp/innovus_temp_27191_qingteng_host_4WeStC.

Change the soft stacksize limit to 0.2%RAM (15 mbytes). Set global soft_stack_size_limit to change the value.

**INFO:  MMMC transition support version v31-84 

Sourcing file "inject_violation/scenario_0001_setup_downsize_cell/characterize_side_effects.tcl" ...
#% Begin load design ... (date=08/19 23:51:53, mem=463.5M)
Set Default Input Pin Transition as 0.1 ps.
Loading design 'aes_cipher_top' saved by 'Innovus' '19.10-p002_1' on 'Wed Aug 19 23:47:16 2026'.
**ERROR: (IMPOAX-820):	The OA features are disabled in the current session of Innovus because the oax shared library could not be loaded properly. This could be because your installation was not properly configured. To enable OA features, exit the current session and re-launch Innovus either after fixing your installation by running the Configure Installation phase, or after setting the OA_HOME variable to point to a proper OA installation. Check the "OpenAccess Installation and Configuration Guide" manual for more information.

**ERROR: (IMPOAX-850):	oaxCreateCdsLibArray command cannot be run as OA features are disabled in this session.
% Begin Load MMMC data ... (date=08/19 23:51:53, mem=465.3M)
% End Load MMMC data ... (date=08/19 23:51:53, total cpu=0:00:00.0, real=0:00:00.0, peak res=465.6M, current mem=465.6M)

Loading LEF file /home/host/eda_sub_ability/setup_downsize_cell/inject_violation/scenario_0001_setup_downsize_cell/outputs/setup_downsize_cell.enc.dat/libs/lef/NangateOpenCellLibrary.tech.lef ...

Loading LEF file /home/host/eda_sub_ability/setup_downsize_cell/inject_violation/scenario_0001_setup_downsize_cell/outputs/setup_downsize_cell.enc.dat/libs/lef/NangateOpenCellLibrary.macro.mod.lef ...
Set DBUPerIGU to M2 pitch 380.

viaInitial starts at Wed Aug 19 23:51:53 2026
viaInitial ends at Wed Aug 19 23:51:53 2026

##  Check design process and node:  
##  Both design process and tech node are not set.

Loading view definition file from /home/host/eda_sub_ability/setup_downsize_cell/inject_violation/scenario_0001_setup_downsize_cell/outputs/setup_downsize_cell.enc.dat/viewDefinition.tcl
Reading LIBSET_TYP timing library '/home/host/eda_sub_ability/setup_downsize_cell/baseline/aes_route.enc.dat/libs/mmmc/NangateOpenCellLibrary_typical.lib' ...
**WARN: (TECHLIB-436):	Attribute 'max_fanout' on 'output/inout' pin 'ZN' of cell 'AND2_X1' is not defined in the library. (File /home/host/eda_sub_ability/setup_downsize_cell/baseline/aes_route.enc.dat/libs/mmmc/NangateOpenCellLibrary_typical.lib)
**WARN: (TECHLIB-436):	Attribute 'max_fanout' on 'output/inout' pin 'ZN' of cell 'AND2_X2' is not defined in the library. (File /home/host/eda_sub_ability/setup_downsize_cell/baseline/aes_route.enc.dat/libs/mmmc/NangateOpenCellLibrary_typical.lib)
**WARN: (TECHLIB-436):	Attribute 'max_fanout' on 'output/inout' pin 'ZN' of cell 'AND2_X4' is not defined in the library. (File /home/host/eda_sub_ability/setup_downsize_cell/baseline/aes_route.enc.dat/libs/mmmc/NangateOpenCellLibrary_typical.lib)
**WARN: (TECHLIB-436):	Attribute 'max_fanout' on 'output/inout' pin 'ZN' of cell 'AND3_X1' is not defined in the library. (File /home/host/eda_sub_ability/setup_downsize_cell/baseline/aes_route.enc.dat/libs/mmmc/NangateOpenCellLibrary_typical.lib)
**WARN: (TECHLIB-436):	Attribute 'max_fanout' on 'output/inout' pin 'ZN' of cell 'AND3_X2' is not defined in the library. (File /home/host/eda_sub_ability/setup_downsize_cell/baseline/aes_route.enc.dat/libs/mmmc/NangateOpenCellLibrary_typical.lib)
**WARN: (TECHLIB-436):	Attribute 'max_fanout' on 'output/inout' pin 'ZN' of cell 'AND3_X4' is not defined in the library. (File /home/host/eda_sub_ability/setup_downsize_cell/baseline/aes_route.enc.dat/libs/mmmc/NangateOpenCellLibrary_typical.lib)
**WARN: (TECHLIB-436):	Attribute 'max_fanout' on 'output/inout' pin 'ZN' of cell 'AND4_X1' is not defined in the library. (File /home/host/eda_sub_ability/setup_downsize_cell/baseline/aes_route.enc.dat/libs/mmmc/NangateOpenCellLibrary_typical.lib)
**WARN: (TECHLIB-436):	Attribute 'max_fanout' on 'output/inout' pin 'ZN' of cell 'AND4_X2' is not defined in the library. (File /home/host/eda_sub_ability/setup_downsize_cell/baseline/aes_route.enc.dat/libs/mmmc/NangateOpenCellLibrary_typical.lib)
**WARN: (TECHLIB-436):	Attribute 'max_fanout' on 'output/inout' pin 'ZN' of cell 'AND4_X4' is not defined in the library. (File /home/host/eda_sub_ability/setup_downsize_cell/baseline/aes_route.enc.dat/libs/mmmc/NangateOpenCellLibrary_typical.lib)
**WARN: (TECHLIB-436):	Attribute 'max_fanout' on 'output/inout' pin 'ZN' of cell 'AOI21_X1' is not defined in the library. (File /home/host/eda_sub_ability/setup_downsize_cell/baseline/aes_route.enc.dat/libs/mmmc/NangateOpenCellLibrary_typical.lib)
**WARN: (TECHLIB-436):	Attribute 'max_fanout' on 'output/inout' pin 'ZN' of cell 'AOI21_X2' is not defined in the library. (File /home/host/eda_sub_ability/setup_downsize_cell/baseline/aes_route.enc.dat/libs/mmmc/NangateOpenCellLibrary_typical.lib)
**WARN: (TECHLIB-436):	Attribute 'max_fanout' on 'output/inout' pin 'ZN' of cell 'AOI21_X4' is not defined in the library. (File /home/host/eda_sub_ability/setup_downsize_cell/baseline/aes_route.enc.dat/libs/mmmc/NangateOpenCellLibrary_typical.lib)
**WARN: (TECHLIB-436):	Attribute 'max_fanout' on 'output/inout' pin 'ZN' of cell 'AOI22_X1' is not defined in the library. (File /home/host/eda_sub_ability/setup_downsize_cell/baseline/aes_route.enc.dat/libs/mmmc/NangateOpenCellLibrary_typical.lib)
**WARN: (TECHLIB-436):	Attribute 'max_fanout' on 'output/inout' pin 'ZN' of cell 'AOI22_X2' is not defined in the library. (File /home/host/eda_sub_ability/setup_downsize_cell/baseline/aes_route.enc.dat/libs/mmmc/NangateOpenCellLibrary_typical.lib)
**WARN: (TECHLIB-436):	Attribute 'max_fanout' on 'output/inout' pin 'ZN' of cell 'AOI22_X4' is not defined in the library. (File /home/host/eda_sub_ability/setup_downsize_cell/baseline/aes_route.enc.dat/libs/mmmc/NangateOpenCellLibrary_typical.lib)
**WARN: (TECHLIB-436):	Attribute 'max_fanout' on 'output/inout' pin 'ZN' of cell 'AOI211_X1' is not defined in the library. (File /home/host/eda_sub_ability/setup_downsize_cell/baseline/aes_route.enc.dat/libs/mmmc/NangateOpenCellLibrary_typical.lib)
**WARN: (TECHLIB-436):	Attribute 'max_fanout' on 'output/inout' pin 'ZN' of cell 'AOI211_X2' is not defined in the library. (File /home/host/eda_sub_ability/setup_downsize_cell/baseline/aes_route.enc.dat/libs/mmmc/NangateOpenCellLibrary_typical.lib)
**WARN: (TECHLIB-436):	Attribute 'max_fanout' on 'output/inout' pin 'ZN' of cell 'AOI211_X4' is not defined in the library. (File /home/host/eda_sub_ability/setup_downsize_cell/baseline/aes_route.enc.dat/libs/mmmc/NangateOpenCellLibrary_typical.lib)
**WARN: (TECHLIB-436):	Attribute 'max_fanout' on 'output/inout' pin 'ZN' of cell 'AOI221_X1' is not defined in the library. (File /home/host/eda_sub_ability/setup_downsize_cell/baseline/aes_route.enc.dat/libs/mmmc/NangateOpenCellLibrary_typical.lib)
**WARN: (TECHLIB-436):	Attribute 'max_fanout' on 'output/inout' pin 'ZN' of cell 'AOI221_X2' is not defined in the library. (File /home/host/eda_sub_ability/setup_downsize_cell/baseline/aes_route.enc.dat/libs/mmmc/NangateOpenCellLibrary_typical.lib)
Message <TECHLIB-436> has exceeded the message display limit of '20'. Use 'set_message -no_limit -id list_of_msgIDs' to reset the message limit.
Read 135 cells in library 'NangateOpenCellLibrary' 
*** End library_loading (cpu=0.01min, real=0.02min, mem=28.9M, fe_cpu=0.29min, fe_real=0.20min, fe_mem=603.0M) ***
% Begin Load netlist data ... (date=08/19 23:51:54, mem=482.8M)
*** Begin netlist parsing (mem=603.0M) ***
**WARN: (IMPVL-159):	Pin 'Z' of cell 'LOGIC1_X1' is defined in LEF but not in the timing library.
**WARN: (IMPVL-159):	Pin 'Z' of cell 'LOGIC0_X1' is defined in LEF but not in the timing library.
Created 135 new cells from 1 timing libraries.
Reading netlist ...
Backslashed names will retain backslash and a trailing blank character.
Reading verilogBinary netlist '/home/host/eda_sub_ability/setup_downsize_cell/inject_violation/scenario_0001_setup_downsize_cell/outputs/setup_downsize_cell.enc.dat/aes_cipher_top.v.bin'
Reading binary database version 2 in 1-threaded mode

*** Memory Usage v#1 (Current mem = 612.031M, initial mem = 262.340M) ***
*** End netlist parsing (cpu=0:00:00.0, real=0:00:00.0, mem=612.0M) ***
% End Load netlist data ... (date=08/19 23:51:54, total cpu=0:00:00.0, real=0:00:00.0, peak res=491.7M, current mem=491.7M)
Set top cell to aes_cipher_top.
**WARN: (IMPTS-124):	Timing library description of pin 'Z' is missing from cell 'LOGIC1_X1' in timing library 'NangateOpenCellLibrary'.
**WARN: (IMPTS-124):	Timing library description of pin 'Z' is missing from cell 'LOGIC0_X1' in timing library 'NangateOpenCellLibrary'.
Hooked 135 DB cells to tlib cells.
Starting recursive module instantiation check.
No recursion found.
Building hierarchical netlist for Cell aes_cipher_top ...
*** Netlist is unique.
** info: there are 136 modules.
** info: there are 11785 stdCell insts.

*** Memory Usage v#1 (Current mem = 648.945M, initial mem = 262.340M) ***
*info: set bottom ioPad orient R0
Generated pitch 1.68 in metal10 is different from 1.6 defined in technology file in preferred direction.
Generated pitch 0.84 in metal8 is different from 0.8 defined in technology file in preferred direction.
Generated pitch 0.84 in metal7 is different from 0.8 defined in technology file in preferred direction.
Set Default Net Delay as 1000 ps.
Set Default Net Load as 0.5 pF. 
Set Default Input Pin Transition as 0.1 ps.
Loading preference file /home/host/eda_sub_ability/setup_downsize_cell/inject_violation/scenario_0001_setup_downsize_cell/outputs/setup_downsize_cell.enc.dat/gui.pref.tcl ...
##  Process: 45            (User Set)               
##     Node: (not set)                           

##  Check design process and node:  
##  Design tech node is not set.

Applying the recommended capacitance filtering threshold values for 45nm process node: total_c_th=0, relative_c_th=1 and coupling_c_th=0.1.
	These values will be used by all post-route extraction engines, including TQuantus, IQuantus and Quantus QRC extraction.
	Capacitance filtering mode(-capFilterMode option of the setExtractRCMode) is 'relAndCoup' for all engines.
	The accuracy mode for postRoute effortLevel low extraction will be set to 'high'.
	Default value for EffortLevel(-effortLevel option of the setExtractRCMode) in postRoute extraction mode will be 'medium' if Quantus QRC technology file is specified else 'low'.
**WARN: (IMPTCM-77):	Option "-drouteStartIteration" for command setNanoRouteMode is obsolete and will be removed in a future release. The obsolete option still works in this release but to avoid this warning and to ensure compatibility with future releases, remove the obsolete option from your script.
*Info: initialize multi-corner CTS.
Reading timing constraints file '/home/host/eda_sub_ability/setup_downsize_cell/inject_violation/scenario_0001_setup_downsize_cell/outputs/setup_downsize_cell.enc.dat/mmmc/modes/FUNC/FUNC.sdc' ...
Current (total cpu=0:00:18.2, real=0:00:12.0, peak res=661.7M, current mem=661.7M)
aes_cipher_top
INFO (CTE): Constraints read successfully.
Ending "Constraint file reading stats" (total cpu=0:00:00.1, real=0:00:01.0, peak res=681.2M, current mem=681.2M)
Current (total cpu=0:00:18.3, real=0:00:13.0, peak res=681.2M, current mem=681.2M)
Reading latency file '/home/host/eda_sub_ability/setup_downsize_cell/inject_violation/scenario_0001_setup_downsize_cell/outputs/setup_downsize_cell.enc.dat/mmmc/views/VIEW_TYP/latency.sdc' ...
Total number of combinational cells: 100
Total number of sequential cells: 29
Total number of tristate cells: 6
Total number of level shifter cells: 0
Total number of power gating cells: 0
Total number of isolation cells: 0
Total number of power switch cells: 0
Total number of pulse generator cells: 0
Total number of always on buffers: 0
Total number of retention cells: 0
List of usable buffers: BUF_X1 BUF_X2 BUF_X4 BUF_X8 BUF_X16 BUF_X32 CLKBUF_X1 CLKBUF_X2 CLKBUF_X3
Total number of usable buffers: 9
List of unusable buffers:
Total number of unusable buffers: 0
List of usable inverters: INV_X1 INV_X2 INV_X4 INV_X8 INV_X16 INV_X32
Total number of usable inverters: 6
List of unusable inverters:
Total number of unusable inverters: 0
List of identified usable delay cells:
Total number of identified usable delay cells: 0
List of identified unusable delay cells:
Total number of identified unusable delay cells: 0
No delay cells were detected in the set of buffers. Buffers will be used to fix hold violations.
Reading floorplan file - /home/host/eda_sub_ability/setup_downsize_cell/inject_violation/scenario_0001_setup_downsize_cell/outputs/setup_downsize_cell.enc.dat/aes_cipher_top.fp.gz (mem = 850.5M).
% Begin Load floorplan data ... (date=08/19 23:51:55, mem=703.9M)
*info: reset 12627 existing net BottomPreferredLayer and AvoidDetour
net ignore based on current view = 0
Deleting old partition specification.
Set FPlanBox to (0 0 355680 353920)
Generated pitch 1.68 in metal10 is different from 1.6 defined in technology file in preferred direction.
Generated pitch 0.84 in metal8 is different from 0.8 defined in technology file in preferred direction.
Generated pitch 0.84 in metal7 is different from 0.8 defined in technology file in preferred direction.
 ... processed partition successfully.
Reading binary special route file /home/host/eda_sub_ability/setup_downsize_cell/inject_violation/scenario_0001_setup_downsize_cell/outputs/setup_downsize_cell.enc.dat/aes_cipher_top.fp.spr.gz (Created by Innovus v19.10-p002_1 on Wed Aug 19 23:47:14 2026, version: 1)
There are 20 nets with weight being set
There are 20 nets with bottomPreferredRoutingLayer being set
There are 20 nets with avoidDetour being set
Extracting standard cell pins and blockage ...... 
Pin and blockage extraction finished
Delete all existing relative floorplan constraints.
% End Load floorplan data ... (date=08/19 23:51:55, total cpu=0:00:00.0, real=0:00:00.0, peak res=707.5M, current mem=707.5M)
Reading congestion map file /home/host/eda_sub_ability/setup_downsize_cell/inject_violation/scenario_0001_setup_downsize_cell/outputs/setup_downsize_cell.enc.dat/aes_cipher_top.route.congmap.gz ...
% Begin Load SymbolTable ... (date=08/19 23:51:55, mem=707.8M)
Suppress "**WARN ..." messages.
Un-suppress "**WARN ..." messages.
% End Load SymbolTable ... (date=08/19 23:51:55, total cpu=0:00:00.0, real=0:00:00.0, peak res=709.5M, current mem=709.5M)
Loading place ...
% Begin Load placement data ... (date=08/19 23:51:55, mem=709.5M)
Reading placement file - /home/host/eda_sub_ability/setup_downsize_cell/inject_violation/scenario_0001_setup_downsize_cell/outputs/setup_downsize_cell.enc.dat/aes_cipher_top.place.gz.
** Reading stdCellPlacement_binary (Created by Innovus v19.10-p002_1 on Wed Aug 19 23:47:14 2026, version# 2) ...
Read Views for adaptive view pruning ...
Read 0 views from Binary DB for adaptive view pruning
*** Checked 2 GNC rules.
*** applyConnectGlobalNets disabled.
*** Completed restorePlace (cpu=0:00:00.0 real=0:00:00.0 mem=846.5M) ***
Total net length = 1.491e+05 (7.684e+04 7.222e+04) (ext = 9.167e+03)
% End Load placement data ... (date=08/19 23:51:55, total cpu=0:00:00.1, real=0:00:00.0, peak res=711.5M, current mem=711.3M)
Reading PG file /home/host/eda_sub_ability/setup_downsize_cell/inject_violation/scenario_0001_setup_downsize_cell/outputs/setup_downsize_cell.enc.dat/aes_cipher_top.pg.gz
*** Completed restorePGFile (cpu=0:00:00.0 real=0:00:00.0 mem=842.5M) ***
% Begin Load routing data ... (date=08/19 23:51:55, mem=711.6M)
Reading routing file - /home/host/eda_sub_ability/setup_downsize_cell/inject_violation/scenario_0001_setup_downsize_cell/outputs/setup_downsize_cell.enc.dat/aes_cipher_top.route.gz.
Reading Innovus routing data (Created by Innovus v19.10-p002_1 on Wed Aug 19 23:47:14 2026 Format: 19.1) ...
*** Total 12596 nets are successfully restored.
*** Completed restoreRoute (cpu=0:00:00.1 real=0:00:00.0 mem=856.5M) ***
% End Load routing data ... (date=08/19 23:51:55, total cpu=0:00:00.1, real=0:00:00.0, peak res=729.7M, current mem=729.0M)
TAT_INFO: restoreCongMap REAL = 0 : CPU = 0 : MEM = 0.
Reading property file /home/host/eda_sub_ability/setup_downsize_cell/inject_violation/scenario_0001_setup_downsize_cell/outputs/setup_downsize_cell.enc.dat/aes_cipher_top.prop
*** Completed restoreProperty (cpu=0:00:00.0 real=0:00:00.0 mem=862.5M) ***
Set Default Input Pin Transition as 0.1 ps.
Extraction setup Started 
Initializing multi-corner RC extraction with 1 active RC Corners ...
Reading Capacitance Table File /home/host/eda_sub_ability/setup_downsize_cell/inject_violation/scenario_0001_setup_downsize_cell/outputs/setup_downsize_cell.enc.dat/libs/mmmc/NangateOpenCellLibrary.captable ...
Cap table was created using Encounter 08.10-p004_1.
Process name: master_techFreePDK45.
Importing multi-corner RC tables ... 
Summary of Active RC-Corners : 
 
 Analysis View: VIEW_TYP
    RC-Corner Name        : RC_TYP
    RC-Corner Index       : 0
    RC-Corner Temperature : 25 Celsius
    RC-Corner Cap Table   : '/home/host/eda_sub_ability/setup_downsize_cell/inject_violation/scenario_0001_setup_downsize_cell/outputs/setup_downsize_cell.enc.dat/libs/mmmc/NangateOpenCellLibrary.captable'
    RC-Corner PreRoute Res Factor         : 1
    RC-Corner PreRoute Cap Factor         : 1
    RC-Corner PostRoute Res Factor        : 1 {1 1 1}
    RC-Corner PostRoute Cap Factor        : 1 {1 1 1}
    RC-Corner PostRoute XCap Factor       : 1 {1 1 1}
    RC-Corner PreRoute Clock Res Factor   : 1	[Derived from postRoute_res (effortLevel low)]
    RC-Corner PreRoute Clock Cap Factor   : 1	[Derived from postRoute_cap (effortLevel low)]
    RC-Corner PostRoute Clock Cap Factor  : 1 {1 1 1} 	[Derived from postRoute_cap (effortLevel low)]
    RC-Corner PostRoute Clock Res Factor  : 1 {1 1 1} 	[Derived from postRoute_res (effortLevel low)]
Initializing multi-corner capacitance tables ... 
Initializing multi-corner resistance tables ...
Start generating vias ...
#Skip building auto via since it is not turned on.
Via generation completed.
% Begin Load power constraints ... (date=08/19 23:51:56, mem=756.9M)
source /home/host/eda_sub_ability/setup_downsize_cell/inject_violation/scenario_0001_setup_downsize_cell/outputs/setup_downsize_cell.enc.dat/aes_cipher_top_power_constraints.tcl
'set_default_switching_activity' finished successfully.
% End Load power constraints ... (date=08/19 23:51:56, total cpu=0:00:00.0, real=0:00:00.0, peak res=757.4M, current mem=757.4M)
% Begin load AAE data ... (date=08/19 23:51:56, mem=757.4M)
AAE DB initialization (MEM=902.383 CPU=0:00:00.2 REAL=0:00:00.0) 
% End load AAE data ... (date=08/19 23:51:56, total cpu=0:00:00.5, real=0:00:00.0, peak res=764.2M, current mem=764.2M)
Restoring CCOpt config...
  Extracting original clock gating for aes_clk...
    clock_tree aes_clk contains 562 sinks and 0 clock gates.
    Extraction for aes_clk complete.
  Extracting original clock gating for aes_clk done.
  The skew group aes_clk/FUNC was created. It contains 562 sinks and 1 sources.
  The skew group aes_clk/FUNC was created. It contains 562 sinks and 1 sources.
**WARN: (IMPCCOPT-2332):	The property adjacent_rows_legal is deprecated. It still works, but it may be removed in a future release.
Restoring CCOpt config done.
Total number of combinational cells: 100
Total number of sequential cells: 29
Total number of tristate cells: 6
Total number of level shifter cells: 0
Total number of power gating cells: 0
Total number of isolation cells: 0
Total number of power switch cells: 0
Total number of pulse generator cells: 0
Total number of always on buffers: 0
Total number of retention cells: 0
List of usable buffers: BUF_X1 BUF_X2 BUF_X4 BUF_X8 BUF_X16 BUF_X32 CLKBUF_X1 CLKBUF_X2 CLKBUF_X3
Total number of usable buffers: 9
List of unusable buffers:
Total number of unusable buffers: 0
List of usable inverters: INV_X1 INV_X2 INV_X4 INV_X8 INV_X16 INV_X32
Total number of usable inverters: 6
List of unusable inverters:
Total number of unusable inverters: 0
List of identified usable delay cells:
Total number of identified usable delay cells: 0
List of identified unusable delay cells:
Total number of identified unusable delay cells: 0
No delay cells were detected in the set of buffers. Buffers will be used to fix hold violations.
**WARN: (IMPCTE-107):	The following globals have been obsoleted since version 19.10-p002_1. They will be removed in the next release. 
timing_enable_default_delay_arc
#% End load design ... (date=08/19 23:51:56, total cpu=0:00:03.0, real=0:00:03.0, peak res=769.4M, current mem=768.7M)

*** Summary of all messages that are not suppressed in this session:
Severity  ID               Count  Summary                                  
WARNING   IMPTS-124            2  Timing library description of pin '%s' i...
WARNING   IMPVL-159            2  Pin '%s' of cell '%s' is defined in LEF ...
WARNING   IMPCCOPT-2332        1  The property %s is deprecated. It still ...
ERROR     IMPOAX-820           1  The OA features are disabled in the curr...
ERROR     IMPOAX-850           1  %s command cannot be run as OA features ...
WARNING   IMPCTE-107           1  The following globals have been obsolete...
WARNING   IMPTCM-77            1  Option "%s" for command %s is obsolete a...
WARNING   TECHLIB-436         20  Attribute '%s' on '%s' pin '%s' of cell ...
*** Message Summary: 27 warning(s), 2 error(s)

**WARN: (IMPOPT-6115):	ECO batchmode has been activated. Set setEcoMode -batchMode to false when done with ECO operations.
Type 'man IMPOPT-6115' for more detail.
#################################################################################
# Design Stage: PostRoute
# Design Name: aes_cipher_top
# Design Mode: 45nm
# Analysis Mode: MMMC OCV 
# Parasitics Mode: SPEF/RCDB
# Signoff Settings: SI On 
#################################################################################
Resize _16419_ (OAI21_X1) to OAI21_X4.
Resize _16425_ (OAI221_X1) to OAI221_X4.
Resize _16427_ (OAI21_X1) to OAI21_X4.
*** Starting refinePlace (0:00:29.6 mem=1146.6M) ***
Move report: Detail placement moves 0 insts, mean move: 0.00 um, max move: 0.00 um
	Runtime: CPU: 0:00:00.2 REAL: 0:00:00.0 MEM: 1146.6MB
Summary Report:
Instances move: 0 (out of 11766 movable)
Instances flipped: 0
Mean displacement: 0.00 um
Max displacement: 0.00 um 
Runtime: CPU: 0:00:00.2 REAL: 0:00:00.0 MEM: 1146.6MB
*** Finished refinePlace (0:00:29.9 mem=1146.6M) ***
#% Begin globalDetailRoute (date=08/19 23:52:06, mem=938.2M)

globalDetailRoute

#WARNING (NRIF-78) The option routeWithEco combined with routeWithTimingDriven is not recommended due to possible high memory usage, increased run-time, and increased routing pattern pertubations. Please use with caution.
#setNanoRouteMode -droutePostRouteSpreadWire "auto"
#setNanoRouteMode -routeStrictlyHonorNonDefaultRule "false"
#setNanoRouteMode -routeWithEco true
#setNanoRouteMode -routeWithSiDriven false
#setNanoRouteMode -routeWithTimingDriven true
#Start globalDetailRoute on Wed Aug 19 23:52:06 2026
#
#WARNING (NRDB-733) PIN Y in CELL_VIEW LOGIC1_X1 does not have physical port.
#WARNING (NRDB-733) PIN Y in CELL_VIEW LOGIC0_X1 does not have physical port.
Initializing multi-corner capacitance tables ... 
Initializing multi-corner resistance tables ...
#num needed restored net=0
#need_extraction net=0 (total=12627)
#Processed 6 dirty instances, 0 dirty terms, 0 dirty fterms, 0 dirty pgterms, 0 misc dirty regions, 0 same cell-size swaps
#(3 insts marked dirty, reset pre-exisiting dirty flag on 3 insts, 13 nets marked need extraction)
#NanoRoute Version 19.10-p002_1 NR190418-1643/19_10-UB
#Skip comparing routing design signature in db-snapshot flow
#Start routing data preparation on Wed Aug 19 23:52:07 2026
#
#Minimum voltage of a net in the design = 0.000.
#Maximum voltage of a net in the design = 1.100.
#Voltage range [0.000 - 1.100] has 12625 nets.
#Voltage range [1.100 - 1.100] has 1 net.
#Voltage range [0.000 - 0.000] has 1 net.
#Restoring pin access data from file /home/host/eda_sub_ability/setup_downsize_cell/inject_violation/scenario_0001_setup_downsize_cell/outputs/setup_downsize_cell.enc.dat/aes_cipher_top.apa ...
#Done restoring pin access data
# metal1       H   Track-Pitch = 0.14000    Line-2-Via Pitch = 0.13500
# metal2       V   Track-Pitch = 0.19000    Line-2-Via Pitch = 0.14000
# metal3       H   Track-Pitch = 0.14000    Line-2-Via Pitch = 0.14000
# metal4       V   Track-Pitch = 0.28000    Line-2-Via Pitch = 0.28000
# metal5       H   Track-Pitch = 0.28000    Line-2-Via Pitch = 0.28000
# metal6       V   Track-Pitch = 0.28000    Line-2-Via Pitch = 0.28000
# metal7       H   Track-Pitch = 0.84000    Line-2-Via Pitch = 0.80000
# metal8       V   Track-Pitch = 0.84000    Line-2-Via Pitch = 0.80000
# metal9       H   Track-Pitch = 1.60000    Line-2-Via Pitch = 1.60000
# metal10      V   Track-Pitch = 1.68000    Line-2-Via Pitch = 1.60000
#Regenerating Ggrids automatically.
#Auto generating G-grids with size=15 tracks, using layer metal3's pitch = 0.14000.
#Using automatically generated G-grids.
#Done routing data preparation.
#cpu time = 00:00:00, elapsed time = 00:00:00, memory = 945.30 (MB), peak = 977.48 (MB)
#Merging special wires: starts on Wed Aug 19 23:52:07 2026 with memory = 945.98 (MB), peak = 977.48 (MB)
#
#Merging special wires: cpu:00:00:00, real:00:00:00, mem:946.1 MB, peak:977.5 MB
#WARNING (NRDB-1005) Cannot establish connection to PIN B1 at ( 79.68500 83.62000 ) on metal1 for NET FE_OFN457_07081. The NET is considered partially routed. Visually verify wiring at the specified location as the wire/via origin may not touch the PIN. This NET will be rerouted with same or different wiring.
#WARNING (NRDB-1005) Cannot establish connection to PIN C2 at ( 80.86500 84.89000 ) on metal1 for NET FE_OFN467_07107. The NET is considered partially routed. Visually verify wiring at the specified location as the wire/via origin may not touch the PIN. This NET will be rerouted with same or different wiring.
#WARNING (NRDB-1005) Cannot establish connection to PIN A at ( 78.56000 83.66500 ) on metal1 for NET FE_OFN467_07107. The NET is considered partially routed. Visually verify wiring at the specified location as the wire/via origin may not touch the PIN. This NET will be rerouted with same or different wiring.
#WARNING (NRDB-1005) Cannot establish connection to PIN A at ( 80.67500 84.89000 ) on metal1 for NET FE_OFN446_07050. The NET is considered partially routed. Visually verify wiring at the specified location as the wire/via origin may not touch the PIN. This NET will be rerouted with same or different wiring.
#WARNING (NRDB-1005) Cannot establish connection to PIN B2 at ( 79.68000 83.74000 ) on metal1 for NET _07075_. The NET is considered partially routed. Visually verify wiring at the specified location as the wire/via origin may not touch the PIN. This NET will be rerouted with same or different wiring.
#WARNING (NRDB-1005) Cannot establish connection to PIN ZN at ( 79.41000 83.54000 ) on metal1 for NET _07405_. The NET is considered partially routed. Visually verify wiring at the specified location as the wire/via origin may not touch the PIN. This NET will be rerouted with same or different wiring.
#WARNING (NRDB-1005) Cannot establish connection to PIN ZN at ( 83.02000 85.01500 ) on metal1 for NET _07413_. The NET is considered partially routed. Visually verify wiring at the specified location as the wire/via origin may not touch the PIN. This NET will be rerouted with same or different wiring.
#WARNING (NRDB-1005) Cannot establish connection to PIN A at ( 82.17000 84.89000 ) on metal1 for NET _07411_. The NET is considered partially routed. Visually verify wiring at the specified location as the wire/via origin may not touch the PIN. This NET will be rerouted with same or different wiring.
#WARNING (NRDB-1005) Cannot establish connection to PIN B1 at ( 80.48000 84.89000 ) on metal1 for NET _07327_. The NET is considered partially routed. Visually verify wiring at the specified location as the wire/via origin may not touch the PIN. This NET will be rerouted with same or different wiring.
#WARNING (NRDB-1005) Cannot establish connection to PIN B2 at ( 83.29000 84.82000 ) on metal1 for NET _07401_. The NET is considered partially routed. Visually verify wiring at the specified location as the wire/via origin may not touch the PIN. This NET will be rerouted with same or different wiring.
#WARNING (NRDB-1005) Cannot establish connection to PIN C1 at ( 81.16500 84.89000 ) on metal1 for NET _07406_. The NET is considered partially routed. Visually verify wiring at the specified location as the wire/via origin may not touch the PIN. This NET will be rerouted with same or different wiring.
#WARNING (NRDB-1005) Cannot establish connection to PIN B1 at ( 83.29500 84.94000 ) on metal1 for NET _07412_. The NET is considered partially routed. Visually verify wiring at the specified location as the wire/via origin may not touch the PIN. This NET will be rerouted with same or different wiring.
#
#Connectivity extraction summary:
#11 routed nets are extracted.
#    11 (0.09%) extracted nets are partially routed.
#12026 routed net(s) are imported.
#590 nets are fixed|skipped|trivial (not extracted).
#Total number of nets = 12627.
#
#
#Finished routing data preparation on Wed Aug 19 23:52:07 2026
#
#Cpu time = 00:00:00
#Elapsed time = 00:00:00
#Increased memory = 10.55 (MB)
#Total memory = 946.09 (MB)
#Peak memory = 977.48 (MB)
#
#
#Start global routing on Wed Aug 19 23:52:07 2026
#
#
#Start global routing initialization on Wed Aug 19 23:52:07 2026
#
#Number of eco nets is 11
#
#Start global routing data preparation on Wed Aug 19 23:52:07 2026
#
#Start routing resource analysis on Wed Aug 19 23:52:07 2026
#
#Routing resource analysis is done on Wed Aug 19 23:52:08 2026
#
#  Resource Analysis:
#
#               Routing  #Avail      #Track     #Total     %Gcell
#  Layer      Direction   Track     Blocked      Gcell    Blocked
#  --------------------------------------------------------------
#  metal1         H        1264           0        7140    64.23%
#  metal2         V         936           0        7140     0.00%
#  metal3         H        1264           0        7140     0.00%
#  metal4         V         634           0        7140     0.00%
#  metal5         H         631           0        7140     0.00%
#  metal6         V         634           0        7140     0.00%
#  metal7         H         200          10        7140     9.52%
#  metal8         V         178          33        7140     9.55%
#  metal9         H          83           1        7140     1.89%
#  metal10        V          85           0        7140     0.00%
#  --------------------------------------------------------------
#  Total                   5910       2.11%       71400     8.52%
#
#  20 nets (0.16%) with 1 preferred extra spacing.
#
#
#
#Global routing data preparation is done on Wed Aug 19 23:52:08 2026
#
#cpu time = 00:00:00, elapsed time = 00:00:00, memory = 948.24 (MB), peak = 977.48 (MB)
#
#
#Global routing initialization is done on Wed Aug 19 23:52:08 2026
#
#cpu time = 00:00:00, elapsed time = 00:00:00, memory = 948.43 (MB), peak = 977.48 (MB)
#
#start global routing iteration 1...
#cpu time = 00:00:00, elapsed time = 00:00:00, memory = 952.74 (MB), peak = 977.48 (MB)
#
#start global routing iteration 2...
#cpu time = 00:00:00, elapsed time = 00:00:00, memory = 952.74 (MB), peak = 977.48 (MB)
#
#
#Total number of trivial nets (e.g. < 2 pins) = 590 (skipped).
#Total number of routable nets = 12037.
#Total number of nets in the design = 12627.
#
#11 routable nets have only global wires.
#12026 routable nets have only detail routed wires.
#20 detail routed (routable) nets have been constrained (e.g. have preferred extra spacing, require shielding etc.)
#
#Routed nets constraints summary:
#-----------------------------
#        Rules   Unconstrained  
#-----------------------------
#      Default              11  
#-----------------------------
#        Total              11  
#-----------------------------
#
#Routing constraints summary of the whole design:
#------------------------------------------------
#        Rules   Pref Extra Space   Unconstrained  
#------------------------------------------------
#      Default                 20           12017  
#------------------------------------------------
#        Total                 20           12017  
#------------------------------------------------
#
#
#  Congestion Analysis: (blocked Gcells are excluded)
#
#                 OverCon          
#                  #Gcell    %Gcell
#     Layer           (1)   OverCon
#  --------------------------------
#  metal1        0(0.00%)   (0.00%)
#  metal2        0(0.00%)   (0.00%)
#  metal3        0(0.00%)   (0.00%)
#  metal4        0(0.00%)   (0.00%)
#  metal5        0(0.00%)   (0.00%)
#  metal6        0(0.00%)   (0.00%)
#  metal7        0(0.00%)   (0.00%)
#  metal8        0(0.00%)   (0.00%)
#  metal9        0(0.00%)   (0.00%)
#  metal10       0(0.00%)   (0.00%)
#  --------------------------------
#     Total      0(0.00%)   (0.00%)
#
#  The worst congested Gcell overcon (routing demand over resource in number of tracks) = 1
#  Overflow after GR: 0.00% H + 0.00% V
#
#Complete Global Routing.
#Total number of nets with non-default rule or having extra spacing = 20
#Total wire length = 179728 um.
#Total half perimeter of net bounding box = 158797 um.
#Total wire length on LAYER metal1 = 5475 um.
#Total wire length on LAYER metal2 = 47216 um.
#Total wire length on LAYER metal3 = 57855 um.
#Total wire length on LAYER metal4 = 24538 um.
#Total wire length on LAYER metal5 = 23859 um.
#Total wire length on LAYER metal6 = 15966 um.
#Total wire length on LAYER metal7 = 1509 um.
#Total wire length on LAYER metal8 = 1663 um.
#Total wire length on LAYER metal9 = 1647 um.
#Total wire length on LAYER metal10 = 0 um.
#Total number of vias = 91273
#Up-Via Summary (total 91273):
#           
#-----------------------
# metal1          42213
# metal2          32483
# metal3          10542
# metal4           3594
# metal5           1892
# metal6            284
# metal7            171
# metal8             94
#-----------------------
#                 91273 
#
#Max overcon = 0 track.
#Total overcon = 0.00%.
#Worst layer Gcell overcon rate = 0.00%.
#
#Global routing statistics:
#Cpu time = 00:00:01
#Elapsed time = 00:00:01
#Increased memory = 7.64 (MB)
#Total memory = 953.92 (MB)
#Peak memory = 977.48 (MB)
#
#Finished global routing on Wed Aug 19 23:52:08 2026
#
#
#cpu time = 00:00:00, elapsed time = 00:00:00, memory = 952.41 (MB), peak = 977.48 (MB)
#Start Track Assignment.
#Done with 4 horizontal wires in 1 hboxes and 1 vertical wires in 1 hboxes.
#Done with 0 horizontal wires in 1 hboxes and 0 vertical wires in 1 hboxes.
#Complete Track Assignment.
#Total number of nets with non-default rule or having extra spacing = 20
#Total wire length = 179735 um.
#Total half perimeter of net bounding box = 158797 um.
#Total wire length on LAYER metal1 = 5476 um.
#Total wire length on LAYER metal2 = 47219 um.
#Total wire length on LAYER metal3 = 57858 um.
#Total wire length on LAYER metal4 = 24538 um.
#Total wire length on LAYER metal5 = 23859 um.
#Total wire length on LAYER metal6 = 15966 um.
#Total wire length on LAYER metal7 = 1509 um.
#Total wire length on LAYER metal8 = 1663 um.
#Total wire length on LAYER metal9 = 1647 um.
#Total wire length on LAYER metal10 = 0 um.
#Total number of vias = 91273
#Up-Via Summary (total 91273):
#           
#-----------------------
# metal1          42213
# metal2          32483
# metal3          10542
# metal4           3594
# metal5           1892
# metal6            284
# metal7            171
# metal8             94
#-----------------------
#                 91273 
#
#cpu time = 00:00:01, elapsed time = 00:00:01, memory = 991.56 (MB), peak = 991.69 (MB)
#
#number of short segments in preferred routing layers
#	
#	
#
#Routing data preparation, pin analysis, global routing and track assignment statistics:
#Cpu time = 00:00:02
#Elapsed time = 00:00:02
#Increased memory = 56.48 (MB)
#Total memory = 991.69 (MB)
#Peak memory = 991.69 (MB)
#
#Start Detail Routing..
#start initial detail routing ...
# ECO: 0.5% of the total area was rechecked for DRC, and 0.5% required routing.
#   number of violations = 0
#3 out of 12793 instances (0.0%) need to be verified(marked ipoed), dirty area = 0.0%.
#0.0% of the total area is being checked for drcs
#0.0% of the total area was checked
#   number of violations = 0
#cpu time = 00:00:00, elapsed time = 00:00:00, memory = 991.88 (MB), peak = 993.71 (MB)
#Complete Detail Routing.
#Total number of nets with non-default rule or having extra spacing = 20
#Total wire length = 179732 um.
#Total half perimeter of net bounding box = 158797 um.
#Total wire length on LAYER metal1 = 5476 um.
#Total wire length on LAYER metal2 = 47217 um.
#Total wire length on LAYER metal3 = 57857 um.
#Total wire length on LAYER metal4 = 24538 um.
#Total wire length on LAYER metal5 = 23860 um.
#Total wire length on LAYER metal6 = 15966 um.
#Total wire length on LAYER metal7 = 1509 um.
#Total wire length on LAYER metal8 = 1663 um.
#Total wire length on LAYER metal9 = 1647 um.
#Total wire length on LAYER metal10 = 0 um.
#Total number of vias = 91276
#Up-Via Summary (total 91276):
#           
#-----------------------
# metal1          42213
# metal2          32486
# metal3          10542
# metal4           3594
# metal5           1892
# metal6            284
# metal7            171
# metal8             94
#-----------------------
#                 91276 
#
#Total number of DRC violations = 0
#Cpu time = 00:00:01
#Elapsed time = 00:00:01
#Increased memory = -34.11 (MB)
#Total memory = 957.58 (MB)
#Peak memory = 993.71 (MB)
#detailRoute Statistics:
#Cpu time = 00:00:01
#Elapsed time = 00:00:01
#Increased memory = -34.11 (MB)
#Total memory = 957.58 (MB)
#Peak memory = 993.71 (MB)
#Skip updating routing design signature in db-snapshot flow
#
#globalDetailRoute statistics:
#Cpu time = 00:00:03
#Elapsed time = 00:00:03
#Increased memory = 10.52 (MB)
#Total memory = 948.75 (MB)
#Peak memory = 993.71 (MB)
#Number of warnings = 15
#Total number of warnings = 15
#Number of fails = 0
#Total number of fails = 0
#Complete globalDetailRoute on Wed Aug 19 23:52:10 2026
#
#% End globalDetailRoute (date=08/19 23:52:10, total cpu=0:00:03.4, real=0:00:04.0, peak res=993.7M, current mem=949.0M)
Extraction called for design 'aes_cipher_top' of instances=12793 and nets=12627 using extraction engine 'postRoute' at effort level 'low' .
PostRoute (effortLevel low) RC Extraction called for design aes_cipher_top.
RC Extraction called in multi-corner(1) mode.
Process corner(s) are loaded.
 Corner: RC_TYP
extractDetailRC Option : -outfile /tmp/innovus_temp_27191_qingteng_host_4WeStC/aes_cipher_top_27191_3mCxcp.rcdb.d -maxResLength 200  -extended
RC Mode: PostRoute -effortLevel low [Extended CapTable, RC Table Resistances]
      RC Corner Indexes            0   
Capacitance Scaling Factor   : 1.00000 
Coupling Cap. Scaling Factor : 1.00000 
Resistance Scaling Factor    : 1.00000 
Clock Cap. Scaling Factor    : 1.00000 
Clock Res. Scaling Factor    : 1.00000 
Shrink Factor                : 1.00000
Initializing multi-corner capacitance tables ... 
Initializing multi-corner resistance tables ...
Checking LVS Completed (CPU Time= 0:00:00.0  MEM= 1098.4M)
Extracted 10.0009% (CPU Time= 0:00:00.4  MEM= 1188.7M)
Extracted 20.001% (CPU Time= 0:00:00.5  MEM= 1188.7M)
Extracted 30.0011% (CPU Time= 0:00:00.5  MEM= 1188.7M)
Extracted 40.0013% (CPU Time= 0:00:00.6  MEM= 1188.7M)
Extracted 50.0014% (CPU Time= 0:00:00.7  MEM= 1188.7M)
Extracted 60.0009% (CPU Time= 0:00:00.8  MEM= 1188.7M)
Extracted 70.001% (CPU Time= 0:00:00.9  MEM= 1188.7M)
Extracted 80.0011% (CPU Time= 0:00:01.0  MEM= 1190.7M)
Extracted 90.0013% (CPU Time= 0:00:01.2  MEM= 1195.7M)
Extracted 100% (CPU Time= 0:00:01.6  MEM= 1197.7M)
Number of Extracted Resistors     : 232425
Number of Extracted Ground Cap.   : 243281
Number of Extracted Coupling Cap. : 802974
Filtering XCap in 'relativeAndCoupling' mode using values coupling_c_threshold=0.1fF, relative_c_threshold=1, and total_c_threshold=0fF.
 Corner: RC_TYP
Checking LVS Completed (CPU Time= 0:00:00.0  MEM= 1181.7M)
PostRoute (effortLevel low) RC Extraction DONE (CPU Time: 0:00:02.2  Real Time: 0:00:02.0  MEM: 1181.727M)
SETUP_DOWNSIZE_CELL_REPAIR_COMPLETE
SETUP_DOWNSIZE_CELL_SIDE_EFFECTS_COMPLETE

*** Memory Usage v#1 (Current mem = 1126.430M, initial mem = 262.340M) ***
*** Message Summary: 2050 warning(s), 7 error(s)

--- Ending "Innovus" (totcpu=0:00:42.8, real=0:00:37.0, mem=1126.4M) ---

