###############################################################
#  Generated by:      Cadence Innovus 19.10-p002_1
#  OS:                Linux x86_64(Host ID qingteng)
#  Generated on:      Thu Aug 20 06:41:49 2026
#  Design:            aes_cipher_top
#  Command:           verifyConnectivity -type all -error 1000 -warning 1000 -report /home/host/placement_overlap_0002_trial/reports/candidate_trials/candidate_a/injected/connectivity.rpt
###############################################################
Verify Connectivity Report is created on Thu Aug 20 06:41:49 2026



Net FE_OFN46_04392, Pin Pin: _14522_/A1; Direction: INPUT; Use: SIGNAL;: has an unconnected terminal at (33.310, 119.980) (33.435, 120.155)
Net FE_OFN46_04392: has regular routing with opens at (14.645, 114.170) (37.805, 128.555)
Net FE_OFN46_04392: dangling Wire at (32.775, 120.050) (32.775, 120.050) on layer: metal1
Net _05441_, Pin Pin: _14522_/A2; Direction: INPUT; Use: SIGNAL;: has an unconnected terminal at (33.635, 119.980) (33.760, 120.155)
Net _05441_: has regular routing with opens at (21.910, 112.430) (36.665, 125.755)
Net _05441_: dangling Wire at (33.155, 120.050) (33.155, 120.050) on layer: metal1
Net _05543_, Pin Pin: _14522_/ZN; Direction: OUTPUT; Use: SIGNAL;: has an unconnected terminal at (33.320, 119.430) (33.390, 119.705)
Net _05543_: has regular routing with opens at (27.175, 118.405) (40.845, 131.670)
Net _05543_: dangling Wire at (32.775, 119.490) (32.775, 119.490) on layer: metal1

Begin Summary
    3 Problem(s) (IMPVFC-96): Terminal(s) are not connected.
    3 Problem(s) (IMPVFC-92): Pieces of the net are not connected together.
    3 Problem(s) (IMPVFC-94): The net has dangling wire(s).
    9 total info(s) created.
End Summary
