###############################################################
#  Generated by:      Cadence Innovus 19.10-p002_1
#  OS:                Linux x86_64(Host ID qingteng)
#  Generated on:      Thu Aug 20 06:45:23 2026
#  Design:            aes_cipher_top
#  Command:           verifyConnectivity -type all -error 1000 -warning 1000 -report /home/host/placement_overlap_0002_trial/reports/candidate_trials/candidate_c/injected/connectivity.rpt
###############################################################
Verify Connectivity Report is created on Thu Aug 20 06:45:23 2026



Net FE_OFN613_00406, Pin Pin: _18717_/B2; Direction: INPUT; Use: SIGNAL;: has an unconnected terminal at (60.425, 65.205) (60.550, 65.380)
Net FE_OFN613_00406: has regular routing with opens at (59.755, 50.870) (67.055, 65.310)
Net FE_OFN613_00406: dangling Wire at (59.755, 65.310) (59.755, 65.310) on layer: metal1
Net _00504_, Pin Pin: _18717_/B1; Direction: INPUT; Use: SIGNAL;: has an unconnected terminal at (60.100, 65.205) (60.225, 65.380)
Net _00504_: has regular routing with opens at (50.750, 61.110) (59.375, 65.310)
Net _00504_: dangling Wire at (59.375, 65.310) (59.375, 65.310) on layer: metal1
Net _00539_, Pin Pin: _18717_/A; Direction: INPUT; Use: SIGNAL;: has an unconnected terminal at (59.910, 65.205) (60.035, 65.380)
Net _00539_: has regular routing with opens at (58.390, 64.965) (59.185, 65.870)
Net _00539_: dangling Wire at (59.185, 65.310) (59.185, 65.310) on layer: metal1
Net _00540_, Pin Pin: _18717_/ZN; Direction: OUTPUT; Use: SIGNAL;: has an unconnected terminal at (60.100, 65.445) (60.170, 65.930)
Net _00540_: has regular routing with opens at (59.375, 65.870) (61.935, 68.180)
Net _00540_: dangling Wire at (59.375, 65.870) (59.375, 65.870) on layer: metal1

Begin Summary
    4 Problem(s) (IMPVFC-96): Terminal(s) are not connected.
    4 Problem(s) (IMPVFC-92): Pieces of the net are not connected together.
    4 Problem(s) (IMPVFC-94): The net has dangling wire(s).
    12 total info(s) created.
End Summary
