###############################################################
#  Generated by:      Cadence Innovus 19.10-p002_1
#  OS:                Linux x86_64(Host ID qingteng)
#  Generated on:      Thu Aug 20 22:56:43 2026
#  Design:            aes_cipher_top
#  Command:           report_timing -early -max_paths 1 -path_type full_clock 
###############################################################
Starting SI iteration 1 using Infinite Timing Windows
#################################################################################
# Design Stage: PostRoute
# Design Name: aes_cipher_top
# Design Mode: 45nm
# Analysis Mode: MMMC OCV 
# Parasitics Mode: SPEF/RCDB
# Signoff Settings: SI On 
#################################################################################
AAE_INFO: 1 threads acquired from CTE.
Calculate late delays in OCV mode...
Calculate early delays in OCV mode...
Start delay calculation (fullDC) (1 T). (MEM=1029.39)
Total number of fetched objects 12592
AAE_INFO: Total number of nets for which stage creation was skipped for all views 0
AAE_INFO-618: Total number of nets in the design is 12625,  100.0 percent of the nets selected for SI analysis
End delay calculation. (MEM=1080.6 CPU=0:00:02.5 REAL=0:00:03.0)
End delay calculation (fullDC). (MEM=1080.6 CPU=0:00:02.9 REAL=0:00:03.0)
Loading CTE timing window with TwFlowType 0...(CPU = 0:00:00.0, REAL = 0:00:00.0, MEM = 1080.6M)
Add other clocks and setupCteToAAEClockMapping during iter 1
Loading CTE timing window is completed (CPU = 0:00:00.0, REAL = 0:00:00.0, MEM = 1080.6M)
Starting SI iteration 2
AAE_INFO: 1 threads acquired from CTE.
Calculate late delays in OCV mode...
Calculate early delays in OCV mode...
Start delay calculation (fullDC) (1 T). (MEM=1044.72)
Glitch Analysis: View VIEW_TYP -- Total Number of Nets Skipped = 0. 
Glitch Analysis: View VIEW_TYP -- Total Number of Nets Analyzed = 12592. 
Total number of fetched objects 12592
AAE_INFO: Total number of nets for which stage creation was skipped for all views 0
AAE_INFO-618: Total number of nets in the design is 12625,  2.0 percent of the nets selected for SI analysis
End delay calculation. (MEM=1031.88 CPU=0:00:00.2 REAL=0:00:00.0)
End delay calculation (fullDC). (MEM=1031.88 CPU=0:00:00.2 REAL=0:00:00.0)
Path 1: VIOLATED Hold Check with Pin _19212_/CK 
Endpoint:   _19212_/D   (^) checked with  leading edge of 'aes_clk'
Beginpoint: text_in[23] (^) triggered by  leading edge of 'aes_clk'
Path Groups: {aes_clk}
Analysis View: VIEW_TYP
Other End Arrival Time          0.002
+ Hold                          0.016
+ Phase Shift                   0.000
- CPPR Adjustment               0.000
+ Uncertainty                   0.100
= Required Time                 0.118
  Arrival Time                  0.098
  Slack Time                   -0.019
     Clock Rise Edge                      0.000
     + Input Delay                        0.000
     = Beginpoint Arrival Time            0.000
     Timing Path:
     +--------------------------------------------------------------------------------+ 
     |       Instance        |      Arc      |   Cell    | Delay | Arrival | Required | 
     |                       |               |           |       |  Time   |   Time   | 
     |-----------------------+---------------+-----------+-------+---------+----------| 
     |                       | text_in[23] ^ |           |       |   0.000 |    0.019 | 
     | FE_PHC1475_text_in_23 | A ^ -> Z ^    | CLKBUF_X1 | 0.035 |   0.035 |    0.054 | 
     | _17568_               | B ^ -> Z ^    | MUX2_X1   | 0.035 |   0.070 |    0.089 | 
     | FE_PHC963_00140       | A ^ -> Z ^    | CLKBUF_X1 | 0.028 |   0.098 |    0.118 | 
     | _19212_               | D ^           | DFF_X1    | 0.000 |   0.098 |    0.118 | 
     +--------------------------------------------------------------------------------+ 
     Clock Rise Edge                      0.000
     + Source Insertion Delay            -0.128
     = Beginpoint Arrival Time           -0.128
     Other End Path:
     +---------------------------------------------------------------------------+ 
     |      Instance       |    Arc     |   Cell    | Delay | Arrival | Required | 
     |                     |            |           |       |  Time   |   Time   | 
     |---------------------+------------+-----------+-------+---------+----------| 
     |                     | clk ^      |           |       |  -0.128 |   -0.147 | 
     | CTS_ccl_a_buf_00084 | A ^ -> Z ^ | CLKBUF_X3 | 0.050 |  -0.077 |   -0.097 | 
     | CTS_ccl_a_buf_00053 | A ^ -> Z ^ | CLKBUF_X3 | 0.075 |  -0.002 |   -0.021 | 
     | _19212_             | CK ^       | DFF_X1    | 0.004 |   0.002 |   -0.018 | 
     +---------------------------------------------------------------------------+ 

