
Power Net Detected:
    Voltage	    Name
    0.00V	    VSS
    1.10V	    VDD
Using Power View: VIEW_TYP.
Starting SI iteration 1 using Infinite Timing Windows
#################################################################################
# Design Stage: PostRoute
# Design Name: aes_cipher_top
# Design Mode: 45nm
# Analysis Mode: MMMC OCV 
# Parasitics Mode: SPEF/RCDB
# Signoff Settings: SI On 
#################################################################################
AAE_INFO: 1 threads acquired from CTE.
Calculate early delays in OCV mode...
Calculate late delays in OCV mode...
Start delay calculation (fullDC) (1 T). (MEM=1033.16)
Initializing multi-corner capacitance tables ... 
Initializing multi-corner resistance tables ...
AAE_INFO: 1 threads acquired from CTE.
Total number of fetched objects 12592
AAE_INFO: Total number of nets for which stage creation was skipped for all views 0
AAE_INFO-618: Total number of nets in the design is 12625,  100.0 percent of the nets selected for SI analysis
End delay calculation. (MEM=1060.37 CPU=0:00:02.7 REAL=0:00:03.0)
End delay calculation (fullDC). (MEM=1060.37 CPU=0:00:03.2 REAL=0:00:03.0)
Loading CTE timing window with TwFlowType 0...(CPU = 0:00:00.0, REAL = 0:00:00.0, MEM = 1052.4M)
Add other clocks and setupCteToAAEClockMapping during iter 1
Loading CTE timing window is completed (CPU = 0:00:00.1, REAL = 0:00:00.0, MEM = 1052.4M)
Starting SI iteration 2
Calculate early delays in OCV mode...
Calculate late delays in OCV mode...
Start delay calculation (fullDC) (1 T). (MEM=1031.48)
Glitch Analysis: View VIEW_TYP -- Total Number of Nets Skipped = 0. 
Glitch Analysis: View VIEW_TYP -- Total Number of Nets Analyzed = 12592. 
Total number of fetched objects 12592
AAE_INFO: Total number of nets for which stage creation was skipped for all views 0
AAE_INFO-618: Total number of nets in the design is 12625,  0.1 percent of the nets selected for SI analysis
End delay calculation. (MEM=1037.64 CPU=0:00:00.1 REAL=0:00:00.0)
End delay calculation (fullDC). (MEM=1037.64 CPU=0:00:00.2 REAL=0:00:00.0)
Load RC corner of view VIEW_TYP

Begin Power Analysis

    0.00V	    VSS
    1.10V	    VDD

Begin Processing Timing Library for Power Calculation

Begin Processing Timing Library for Power Calculation



Begin Processing Power Net/Grid for Power Calculation

Ended Processing Power Net/Grid for Power Calculation: (cpu=0:00:00, real=0:00:00, mem(process/total/peak)=931.25MB/1859.00MB/947.02MB)

Begin Processing Timing Window Data for Power Calculation

aes_clk(500MHz) CK: assigning clock aes_clk to net clk
Ended Processing Timing Window Data for Power Calculation: (cpu=0:00:00, real=0:00:00, mem(process/total/peak)=934.37MB/1859.00MB/947.02MB)

Begin Processing User Attributes

Ended Processing User Attributes: (cpu=0:00:00, real=0:00:00, mem(process/total/peak)=934.44MB/1859.00MB/947.02MB)

Begin Processing Signal Activity


Starting Levelizing
2026-Aug-20 22:56:42 (2026-Aug-20 14:56:42 GMT)
2026-Aug-20 22:56:42 (2026-Aug-20 14:56:42 GMT): 10%
2026-Aug-20 22:56:42 (2026-Aug-20 14:56:42 GMT): 20%
2026-Aug-20 22:56:42 (2026-Aug-20 14:56:42 GMT): 30%
2026-Aug-20 22:56:42 (2026-Aug-20 14:56:42 GMT): 40%
2026-Aug-20 22:56:42 (2026-Aug-20 14:56:42 GMT): 50%
2026-Aug-20 22:56:42 (2026-Aug-20 14:56:42 GMT): 60%
2026-Aug-20 22:56:42 (2026-Aug-20 14:56:42 GMT): 70%
2026-Aug-20 22:56:42 (2026-Aug-20 14:56:42 GMT): 80%
2026-Aug-20 22:56:42 (2026-Aug-20 14:56:42 GMT): 90%

Finished Levelizing
2026-Aug-20 22:56:42 (2026-Aug-20 14:56:42 GMT)

Starting Activity Propagation
2026-Aug-20 22:56:42 (2026-Aug-20 14:56:42 GMT)
** INFO:  (VOLTUS_POWR-1356): No default input activity has been set. Defaulting to 0.2.
Use 'set_default_switching_activity -input_activity' command to change the default activity value.

2026-Aug-20 22:56:42 (2026-Aug-20 14:56:42 GMT): 10%
2026-Aug-20 22:56:42 (2026-Aug-20 14:56:42 GMT): 20%
2026-Aug-20 22:56:42 (2026-Aug-20 14:56:42 GMT): 30%

Finished Activity Propagation
2026-Aug-20 22:56:43 (2026-Aug-20 14:56:43 GMT)
Ended Processing Signal Activity: (cpu=0:00:00, real=0:00:00, mem(process/total/peak)=936.64MB/1859.00MB/947.02MB)

Begin Power Computation

      ----------------------------------------------------------
      # of cell(s) missing both power/leakage table: 0
      # of cell(s) missing power table: 0
      # of cell(s) missing leakage table: 0
      # of MSMV cell(s) missing power_level: 0
      ----------------------------------------------------------



Starting Calculating power
2026-Aug-20 22:56:43 (2026-Aug-20 14:56:43 GMT)
 ... Calculating switching power
2026-Aug-20 22:56:43 (2026-Aug-20 14:56:43 GMT): 10%
2026-Aug-20 22:56:43 (2026-Aug-20 14:56:43 GMT): 20%
2026-Aug-20 22:56:43 (2026-Aug-20 14:56:43 GMT): 30%
2026-Aug-20 22:56:43 (2026-Aug-20 14:56:43 GMT): 40%
2026-Aug-20 22:56:43 (2026-Aug-20 14:56:43 GMT): 50%
 ... Calculating internal and leakage power
2026-Aug-20 22:56:43 (2026-Aug-20 14:56:43 GMT): 60%
2026-Aug-20 22:56:43 (2026-Aug-20 14:56:43 GMT): 70%
2026-Aug-20 22:56:43 (2026-Aug-20 14:56:43 GMT): 80%
2026-Aug-20 22:56:43 (2026-Aug-20 14:56:43 GMT): 90%

Finished Calculating power
2026-Aug-20 22:56:43 (2026-Aug-20 14:56:43 GMT)
Ended Power Computation: (cpu=0:00:01, real=0:00:00, mem(process/total/peak)=937.39MB/1859.00MB/947.02MB)

Begin Processing User Attributes

Ended Processing User Attributes: (cpu=0:00:00, real=0:00:00, mem(process/total/peak)=937.40MB/1859.00MB/947.02MB)

Ended Power Analysis: (cpu=0:00:01, real=0:00:01, mem(process/total/peak)=937.65MB/1859.00MB/947.02MB)

Begin Boundary Leakage Calculation
Ended Boundary Leakage Calculation: (cpu=0:00:00, real=0:00:00,
mem(process/total/peak)=937.65MB/1859.00MB/947.02MB)
Begin Static Power Report Generation
*----------------------------------------------------------------------------------------
*	Innovus 19.10-p002_1 (64bit) 04/19/2019 15:18 (Linux 2.6.32-431.11.2.el6.x86_64)
*	
*
* 	Date & Time:	2026-Aug-20 22:56:43 (2026-Aug-20 14:56:43 GMT)
*
*----------------------------------------------------------------------------------------
*
*	Design: aes_cipher_top
*
*	Liberty Libraries used:
*	        VIEW_TYP: /home/host/hold_delete_repeaters_20260820/inject_violation/scenario_0003_hold_delete_repeaters/outputs/hold_delete_repeaters.enc.dat/libs/mmmc/NangateOpenCellLibrary_typical.lib
*
*	Parasitic Files used:
*
*       Power View : VIEW_TYP
*
*       User-Defined Activity : N.A.
*
*       Activity File: N.A.
*
*       Hierarchical Global Activity: N.A.
*
*       Global Activity: N.A.
*
*       Sequential Element Activity: 0.200000
*
*       Primary Input Activity: 0.200000
*
*       Default icg ratio: N.A.
*
*       Global Comb ClockGate Ratio: N.A.
*
*	Power Units = 1mW
*
*	Time Units = 1e-09 secs
*
*       report_power
*
-----------------------------------------------------------------------------------------
*



Total Power
-----------------------------------------------------------------------------------------
Total Internal Power:        8.70248881 	   45.2388%
Total Switching Power:      10.19284985 	   52.9863%
Total Leakage Power:         0.34143524 	    1.7749%
Total Power:                19.23677394
-----------------------------------------------------------------------------------------


Group                           Internal   Switching     Leakage       Total  Percentage 
                                Power      Power         Power         Power  (%)        
-----------------------------------------------------------------------------------------
Sequential                         1.658      0.4361     0.04443       2.138       11.11
Macro                                  0           0           0           0           0
IO                                     0           0           0           0           0
Combinational                      6.947       9.273      0.2964       16.52       85.86
Clock (Combinational)            0.09806      0.4836   0.0005653      0.5822       3.026
Clock (Sequential)                     0           0           0           0           0
-----------------------------------------------------------------------------------------
Total                              8.702       10.19      0.3414       19.24         100
-----------------------------------------------------------------------------------------


Rail                  Voltage   Internal   Switching     Leakage       Total  Percentage 
                                Power      Power         Power         Power  (%)        
-----------------------------------------------------------------------------------------
VDD                       1.1      8.702       10.19      0.3414       19.24         100


Clock                           Internal   Switching     Leakage       Total  Percentage 
                                Power      Power         Power         Power  (%)        
-----------------------------------------------------------------------------------------
aes_clk                          0.09806      0.4836   0.0005653      0.5822       3.026
-----------------------------------------------------------------------------------------
Total                            0.09806      0.4836   0.0005653      0.5822       3.026
-----------------------------------------------------------------------------------------
Clock: aes_clk
Clock Period: 0.002000 usec 
Clock Toggle Rate:  1000.0000 Mhz 
Clock Static Probability:  0.5000
  
 
 
-----------------------------------------------------------------------------------------
*	Power Distribution Summary: 
*              Highest Average Power:       CTS_ccl_a_buf_00057 (CLKBUF_X3):          0.03403
*              Highest Leakage Power:     FE_PHC1763_text_in_20 (BUF_X4):        8.612e-05
*                Total Cap:      6.88808e-11 F
*                Total instances in design: 11771
*                Total instances in design with no power:     0
*                Total instances in design with no activty:     0

*                Total Fillers and Decap:     0
-----------------------------------------------------------------------------------------
 
Ended Static Power Report Generation: (cpu=0:00:00, real=0:00:00,
mem(process/total/peak)=941.12MB/1859.00MB/947.02MB)

