
Cadence Innovus(TM) Implementation System.
Copyright 2019 Cadence Design Systems, Inc. All rights reserved worldwide.

Version:	v19.10-p002_1, built Fri Apr 19 15:18:11 PDT 2019
Options:	-nowin -files /home/host/placement_overlap_0002_formal/eda-sub-ability/inject_violation/scenario_0002_placement_overlap/scripts/fresh_load_smoke.tcl 
Date:		Thu Aug 20 06:51:51 2026
Host:		qingteng (x86_64 w/Linux 4.14.174) (4cores*4cpus*Intel(R) Xeon(R) Processor @ 2.90GHz 22528KB)
OS:		CentOS Linux release 7.9.2009 (Core)

License:
		invs	Innovus Implementation System	19.1	checkout succeeded
		8 CPU jobs allowed with the current license(s). Use setMultiCpuUsage to set your required CPU count.
**ERROR: (IMPOAX-142):	Could not open shared library libinnovusoax22.so : liboaDesign.so: cannot open shared object file: No such file or directory

**ERROR: (IMPOAX-142):	Could not open shared library libcdsSkillPcell.so : /opt/cadence/INNOVUS/tools.lnx86/lib/64bit/libcdsSkillPcell.so: undefined symbol: _ZTIN12OpenAccess_413oaFSComponentE

**ERROR: (IMPOAX-142):	OA features will be disabled in this session.

Create and set the environment variable TMPDIR to /tmp/innovus_temp_15849_qingteng_host_nZy2jZ.

Change the soft stacksize limit to 0.2%RAM (15 mbytes). Set global soft_stack_size_limit to change the value.

**INFO:  MMMC transition support version v31-84 

Sourcing file "/home/host/placement_overlap_0002_formal/eda-sub-ability/inject_violation/scenario_0002_placement_overlap/scripts/fresh_load_smoke.tcl" ...
#% Begin load design ... (date=08/20 06:51:59, mem=459.5M)
Set Default Input Pin Transition as 0.1 ps.
Loading design 'aes_cipher_top' saved by 'Innovus' '19.10-p002_1' on 'Thu Aug 20 06:51:38 2026'.
**ERROR: (IMPOAX-820):	The OA features are disabled in the current session of Innovus because the oax shared library could not be loaded properly. This could be because your installation was not properly configured. To enable OA features, exit the current session and re-launch Innovus either after fixing your installation by running the Configure Installation phase, or after setting the OA_HOME variable to point to a proper OA installation. Check the "OpenAccess Installation and Configuration Guide" manual for more information.

**ERROR: (IMPOAX-850):	oaxCreateCdsLibArray command cannot be run as OA features are disabled in this session.
% Begin Load MMMC data ... (date=08/20 06:51:59, mem=461.0M)
% End Load MMMC data ... (date=08/20 06:51:59, total cpu=0:00:00.0, real=0:00:00.0, peak res=461.3M, current mem=461.3M)

Loading LEF file /home/host/placement_overlap_0002_formal/eda-sub-ability/inject_violation/scenario_0002_placement_overlap/outputs/golden_repaired.enc.dat/libs/lef/NangateOpenCellLibrary.tech.lef ...

Loading LEF file /home/host/placement_overlap_0002_formal/eda-sub-ability/inject_violation/scenario_0002_placement_overlap/outputs/golden_repaired.enc.dat/libs/lef/NangateOpenCellLibrary.macro.mod.lef ...
Set DBUPerIGU to M2 pitch 380.

viaInitial starts at Thu Aug 20 06:51:59 2026
viaInitial ends at Thu Aug 20 06:51:59 2026

##  Check design process and node:  
##  Both design process and tech node are not set.

Loading view definition file from /home/host/placement_overlap_0002_formal/eda-sub-ability/inject_violation/scenario_0002_placement_overlap/outputs/golden_repaired.enc.dat/viewDefinition.tcl
Reading LIBSET_TYP timing library '/home/host/placement_overlap_0002_formal/eda-sub-ability/baseline/aes_route.enc.dat/libs/mmmc/NangateOpenCellLibrary_typical.lib' ...
**WARN: (TECHLIB-436):	Attribute 'max_fanout' on 'output/inout' pin 'ZN' of cell 'AND2_X1' is not defined in the library. (File /home/host/placement_overlap_0002_formal/eda-sub-ability/baseline/aes_route.enc.dat/libs/mmmc/NangateOpenCellLibrary_typical.lib)
**WARN: (TECHLIB-436):	Attribute 'max_fanout' on 'output/inout' pin 'ZN' of cell 'AND2_X2' is not defined in the library. (File /home/host/placement_overlap_0002_formal/eda-sub-ability/baseline/aes_route.enc.dat/libs/mmmc/NangateOpenCellLibrary_typical.lib)
**WARN: (TECHLIB-436):	Attribute 'max_fanout' on 'output/inout' pin 'ZN' of cell 'AND2_X4' is not defined in the library. (File /home/host/placement_overlap_0002_formal/eda-sub-ability/baseline/aes_route.enc.dat/libs/mmmc/NangateOpenCellLibrary_typical.lib)
**WARN: (TECHLIB-436):	Attribute 'max_fanout' on 'output/inout' pin 'ZN' of cell 'AND3_X1' is not defined in the library. (File /home/host/placement_overlap_0002_formal/eda-sub-ability/baseline/aes_route.enc.dat/libs/mmmc/NangateOpenCellLibrary_typical.lib)
**WARN: (TECHLIB-436):	Attribute 'max_fanout' on 'output/inout' pin 'ZN' of cell 'AND3_X2' is not defined in the library. (File /home/host/placement_overlap_0002_formal/eda-sub-ability/baseline/aes_route.enc.dat/libs/mmmc/NangateOpenCellLibrary_typical.lib)
**WARN: (TECHLIB-436):	Attribute 'max_fanout' on 'output/inout' pin 'ZN' of cell 'AND3_X4' is not defined in the library. (File /home/host/placement_overlap_0002_formal/eda-sub-ability/baseline/aes_route.enc.dat/libs/mmmc/NangateOpenCellLibrary_typical.lib)
**WARN: (TECHLIB-436):	Attribute 'max_fanout' on 'output/inout' pin 'ZN' of cell 'AND4_X1' is not defined in the library. (File /home/host/placement_overlap_0002_formal/eda-sub-ability/baseline/aes_route.enc.dat/libs/mmmc/NangateOpenCellLibrary_typical.lib)
**WARN: (TECHLIB-436):	Attribute 'max_fanout' on 'output/inout' pin 'ZN' of cell 'AND4_X2' is not defined in the library. (File /home/host/placement_overlap_0002_formal/eda-sub-ability/baseline/aes_route.enc.dat/libs/mmmc/NangateOpenCellLibrary_typical.lib)
**WARN: (TECHLIB-436):	Attribute 'max_fanout' on 'output/inout' pin 'ZN' of cell 'AND4_X4' is not defined in the library. (File /home/host/placement_overlap_0002_formal/eda-sub-ability/baseline/aes_route.enc.dat/libs/mmmc/NangateOpenCellLibrary_typical.lib)
**WARN: (TECHLIB-436):	Attribute 'max_fanout' on 'output/inout' pin 'ZN' of cell 'AOI21_X1' is not defined in the library. (File /home/host/placement_overlap_0002_formal/eda-sub-ability/baseline/aes_route.enc.dat/libs/mmmc/NangateOpenCellLibrary_typical.lib)
**WARN: (TECHLIB-436):	Attribute 'max_fanout' on 'output/inout' pin 'ZN' of cell 'AOI21_X2' is not defined in the library. (File /home/host/placement_overlap_0002_formal/eda-sub-ability/baseline/aes_route.enc.dat/libs/mmmc/NangateOpenCellLibrary_typical.lib)
**WARN: (TECHLIB-436):	Attribute 'max_fanout' on 'output/inout' pin 'ZN' of cell 'AOI21_X4' is not defined in the library. (File /home/host/placement_overlap_0002_formal/eda-sub-ability/baseline/aes_route.enc.dat/libs/mmmc/NangateOpenCellLibrary_typical.lib)
**WARN: (TECHLIB-436):	Attribute 'max_fanout' on 'output/inout' pin 'ZN' of cell 'AOI22_X1' is not defined in the library. (File /home/host/placement_overlap_0002_formal/eda-sub-ability/baseline/aes_route.enc.dat/libs/mmmc/NangateOpenCellLibrary_typical.lib)
**WARN: (TECHLIB-436):	Attribute 'max_fanout' on 'output/inout' pin 'ZN' of cell 'AOI22_X2' is not defined in the library. (File /home/host/placement_overlap_0002_formal/eda-sub-ability/baseline/aes_route.enc.dat/libs/mmmc/NangateOpenCellLibrary_typical.lib)
**WARN: (TECHLIB-436):	Attribute 'max_fanout' on 'output/inout' pin 'ZN' of cell 'AOI22_X4' is not defined in the library. (File /home/host/placement_overlap_0002_formal/eda-sub-ability/baseline/aes_route.enc.dat/libs/mmmc/NangateOpenCellLibrary_typical.lib)
**WARN: (TECHLIB-436):	Attribute 'max_fanout' on 'output/inout' pin 'ZN' of cell 'AOI211_X1' is not defined in the library. (File /home/host/placement_overlap_0002_formal/eda-sub-ability/baseline/aes_route.enc.dat/libs/mmmc/NangateOpenCellLibrary_typical.lib)
**WARN: (TECHLIB-436):	Attribute 'max_fanout' on 'output/inout' pin 'ZN' of cell 'AOI211_X2' is not defined in the library. (File /home/host/placement_overlap_0002_formal/eda-sub-ability/baseline/aes_route.enc.dat/libs/mmmc/NangateOpenCellLibrary_typical.lib)
**WARN: (TECHLIB-436):	Attribute 'max_fanout' on 'output/inout' pin 'ZN' of cell 'AOI211_X4' is not defined in the library. (File /home/host/placement_overlap_0002_formal/eda-sub-ability/baseline/aes_route.enc.dat/libs/mmmc/NangateOpenCellLibrary_typical.lib)
**WARN: (TECHLIB-436):	Attribute 'max_fanout' on 'output/inout' pin 'ZN' of cell 'AOI221_X1' is not defined in the library. (File /home/host/placement_overlap_0002_formal/eda-sub-ability/baseline/aes_route.enc.dat/libs/mmmc/NangateOpenCellLibrary_typical.lib)
**WARN: (TECHLIB-436):	Attribute 'max_fanout' on 'output/inout' pin 'ZN' of cell 'AOI221_X2' is not defined in the library. (File /home/host/placement_overlap_0002_formal/eda-sub-ability/baseline/aes_route.enc.dat/libs/mmmc/NangateOpenCellLibrary_typical.lib)
Message <TECHLIB-436> has exceeded the message display limit of '20'. Use 'set_message -no_limit -id list_of_msgIDs' to reset the message limit.
Read 135 cells in library 'NangateOpenCellLibrary' 
*** End library_loading (cpu=0.00min, real=0.00min, mem=27.9M, fe_cpu=0.24min, fe_real=0.13min, fe_mem=593.7M) ***
% Begin Load netlist data ... (date=08/20 06:51:59, mem=478.5M)
*** Begin netlist parsing (mem=593.7M) ***
**WARN: (IMPVL-159):	Pin 'Z' of cell 'LOGIC1_X1' is defined in LEF but not in the timing library.
**WARN: (IMPVL-159):	Pin 'Z' of cell 'LOGIC0_X1' is defined in LEF but not in the timing library.
Created 135 new cells from 1 timing libraries.
Reading netlist ...
Backslashed names will retain backslash and a trailing blank character.
Reading verilogBinary netlist '/home/host/placement_overlap_0002_formal/eda-sub-ability/inject_violation/scenario_0002_placement_overlap/outputs/golden_repaired.enc.dat/aes_cipher_top.v.bin'
Reading binary database version 2 in 1-threaded mode

*** Memory Usage v#1 (Current mem = 604.695M, initial mem = 262.340M) ***
*** End netlist parsing (cpu=0:00:00.0, real=0:00:01.0, mem=604.7M) ***
% End Load netlist data ... (date=08/20 06:52:00, total cpu=0:00:00.0, real=0:00:01.0, peak res=487.4M, current mem=487.4M)
Set top cell to aes_cipher_top.
**WARN: (IMPTS-124):	Timing library description of pin 'Z' is missing from cell 'LOGIC1_X1' in timing library 'NangateOpenCellLibrary'.
**WARN: (IMPTS-124):	Timing library description of pin 'Z' is missing from cell 'LOGIC0_X1' in timing library 'NangateOpenCellLibrary'.
Hooked 135 DB cells to tlib cells.
Starting recursive module instantiation check.
No recursion found.
Building hierarchical netlist for Cell aes_cipher_top ...
*** Netlist is unique.
** info: there are 136 modules.
** info: there are 11773 stdCell insts.

*** Memory Usage v#1 (Current mem = 640.609M, initial mem = 262.340M) ***
*info: set bottom ioPad orient R0
Generated pitch 1.68 in metal10 is different from 1.6 defined in technology file in preferred direction.
Generated pitch 0.84 in metal8 is different from 0.8 defined in technology file in preferred direction.
Generated pitch 0.84 in metal7 is different from 0.8 defined in technology file in preferred direction.
Set Default Net Delay as 1000 ps.
Set Default Net Load as 0.5 pF. 
Set Default Input Pin Transition as 0.1 ps.
Loading preference file /home/host/placement_overlap_0002_formal/eda-sub-ability/inject_violation/scenario_0002_placement_overlap/outputs/golden_repaired.enc.dat/gui.pref.tcl ...
##  Process: 45            (User Set)               
##     Node: (not set)                           

##  Check design process and node:  
##  Design tech node is not set.

Applying the recommended capacitance filtering threshold values for 45nm process node: total_c_th=0, relative_c_th=1 and coupling_c_th=0.1.
	These values will be used by all post-route extraction engines, including TQuantus, IQuantus and Quantus QRC extraction.
	Capacitance filtering mode(-capFilterMode option of the setExtractRCMode) is 'relAndCoup' for all engines.
	The accuracy mode for postRoute effortLevel low extraction will be set to 'high'.
	Default value for EffortLevel(-effortLevel option of the setExtractRCMode) in postRoute extraction mode will be 'medium' if Quantus QRC technology file is specified else 'low'.
**WARN: (IMPTCM-77):	Option "-drouteStartIteration" for command setNanoRouteMode is obsolete and will be removed in a future release. The obsolete option still works in this release but to avoid this warning and to ensure compatibility with future releases, remove the obsolete option from your script.
*Info: initialize multi-corner CTS.
Reading timing constraints file '/home/host/placement_overlap_0002_formal/eda-sub-ability/inject_violation/scenario_0002_placement_overlap/outputs/golden_repaired.enc.dat/mmmc/modes/FUNC/FUNC.sdc' ...
Current (total cpu=0:00:14.8, real=0:00:09.0, peak res=657.3M, current mem=657.3M)
aes_cipher_top
INFO (CTE): Constraints read successfully.
Ending "Constraint file reading stats" (total cpu=0:00:00.1, real=0:00:00.0, peak res=676.8M, current mem=676.8M)
Current (total cpu=0:00:14.8, real=0:00:09.0, peak res=676.8M, current mem=676.8M)
Reading latency file '/home/host/placement_overlap_0002_formal/eda-sub-ability/inject_violation/scenario_0002_placement_overlap/outputs/golden_repaired.enc.dat/mmmc/views/VIEW_TYP/latency.sdc' ...
Total number of combinational cells: 100
Total number of sequential cells: 29
Total number of tristate cells: 6
Total number of level shifter cells: 0
Total number of power gating cells: 0
Total number of isolation cells: 0
Total number of power switch cells: 0
Total number of pulse generator cells: 0
Total number of always on buffers: 0
Total number of retention cells: 0
List of usable buffers: BUF_X1 BUF_X2 BUF_X4 BUF_X8 BUF_X16 BUF_X32 CLKBUF_X1 CLKBUF_X2 CLKBUF_X3
Total number of usable buffers: 9
List of unusable buffers:
Total number of unusable buffers: 0
List of usable inverters: INV_X1 INV_X2 INV_X4 INV_X8 INV_X16 INV_X32
Total number of usable inverters: 6
List of unusable inverters:
Total number of unusable inverters: 0
List of identified usable delay cells:
Total number of identified usable delay cells: 0
List of identified unusable delay cells:
Total number of identified unusable delay cells: 0
No delay cells were detected in the set of buffers. Buffers will be used to fix hold violations.
Reading floorplan file - /home/host/placement_overlap_0002_formal/eda-sub-ability/inject_violation/scenario_0002_placement_overlap/outputs/golden_repaired.enc.dat/aes_cipher_top.fp.gz (mem = 840.1M).
% Begin Load floorplan data ... (date=08/20 06:52:00, mem=699.5M)
*info: reset 12627 existing net BottomPreferredLayer and AvoidDetour
net ignore based on current view = 0
Deleting old partition specification.
Set FPlanBox to (0 0 355680 353920)
Generated pitch 1.68 in metal10 is different from 1.6 defined in technology file in preferred direction.
Generated pitch 0.84 in metal8 is different from 0.8 defined in technology file in preferred direction.
Generated pitch 0.84 in metal7 is different from 0.8 defined in technology file in preferred direction.
 ... processed partition successfully.
Reading binary special route file /home/host/placement_overlap_0002_formal/eda-sub-ability/inject_violation/scenario_0002_placement_overlap/outputs/golden_repaired.enc.dat/aes_cipher_top.fp.spr.gz (Created by Innovus v19.10-p002_1 on Thu Aug 20 06:51:37 2026, version: 1)
There are 20 nets with weight being set
There are 20 nets with bottomPreferredRoutingLayer being set
There are 20 nets with avoidDetour being set
Extracting standard cell pins and blockage ...... 
Pin and blockage extraction finished
Delete all existing relative floorplan constraints.
% End Load floorplan data ... (date=08/20 06:52:00, total cpu=0:00:00.1, real=0:00:00.0, peak res=703.2M, current mem=703.2M)
Reading congestion map file /home/host/placement_overlap_0002_formal/eda-sub-ability/inject_violation/scenario_0002_placement_overlap/outputs/golden_repaired.enc.dat/aes_cipher_top.route.congmap.gz ...
% Begin Load SymbolTable ... (date=08/20 06:52:00, mem=703.5M)
Suppress "**WARN ..." messages.
Un-suppress "**WARN ..." messages.
% End Load SymbolTable ... (date=08/20 06:52:00, total cpu=0:00:00.0, real=0:00:00.0, peak res=705.2M, current mem=705.2M)
Loading place ...
% Begin Load placement data ... (date=08/20 06:52:00, mem=705.2M)
Reading placement file - /home/host/placement_overlap_0002_formal/eda-sub-ability/inject_violation/scenario_0002_placement_overlap/outputs/golden_repaired.enc.dat/aes_cipher_top.place.gz.
** Reading stdCellPlacement_binary (Created by Innovus v19.10-p002_1 on Thu Aug 20 06:51:37 2026, version# 2) ...
Read Views for adaptive view pruning ...
Read 0 views from Binary DB for adaptive view pruning
*** Checked 2 GNC rules.
*** applyConnectGlobalNets disabled.
*** Completed restorePlace (cpu=0:00:00.0 real=0:00:00.0 mem=838.1M) ***
Total net length = 1.487e+05 (7.671e+04 7.198e+04) (ext = 9.167e+03)
% End Load placement data ... (date=08/20 06:52:00, total cpu=0:00:00.0, real=0:00:00.0, peak res=707.2M, current mem=707.0M)
Reading PG file /home/host/placement_overlap_0002_formal/eda-sub-ability/inject_violation/scenario_0002_placement_overlap/outputs/golden_repaired.enc.dat/aes_cipher_top.pg.gz
*** Completed restorePGFile (cpu=0:00:00.0 real=0:00:01.0 mem=834.1M) ***
% Begin Load routing data ... (date=08/20 06:52:01, mem=707.3M)
Reading routing file - /home/host/placement_overlap_0002_formal/eda-sub-ability/inject_violation/scenario_0002_placement_overlap/outputs/golden_repaired.enc.dat/aes_cipher_top.route.gz.
Reading Innovus routing data (Created by Innovus v19.10-p002_1 on Thu Aug 20 06:51:37 2026 Format: 19.1) ...
*** Total 12596 nets are successfully restored.
*** Completed restoreRoute (cpu=0:00:00.1 real=0:00:00.0 mem=849.1M) ***
% End Load routing data ... (date=08/20 06:52:01, total cpu=0:00:00.1, real=0:00:00.0, peak res=725.7M, current mem=724.7M)
TAT_INFO: restoreCongMap REAL = 0 : CPU = 0 : MEM = 0.
Reading property file /home/host/placement_overlap_0002_formal/eda-sub-ability/inject_violation/scenario_0002_placement_overlap/outputs/golden_repaired.enc.dat/aes_cipher_top.prop
*** Completed restoreProperty (cpu=0:00:00.0 real=0:00:00.0 mem=855.1M) ***
Set Default Input Pin Transition as 0.1 ps.
Extraction setup Started 
Initializing multi-corner RC extraction with 1 active RC Corners ...
Reading Capacitance Table File /home/host/placement_overlap_0002_formal/eda-sub-ability/inject_violation/scenario_0002_placement_overlap/outputs/golden_repaired.enc.dat/libs/mmmc/NangateOpenCellLibrary.captable ...
Cap table was created using Encounter 08.10-p004_1.
Process name: master_techFreePDK45.
Importing multi-corner RC tables ... 
Summary of Active RC-Corners : 
 
 Analysis View: VIEW_TYP
    RC-Corner Name        : RC_TYP
    RC-Corner Index       : 0
    RC-Corner Temperature : 25 Celsius
    RC-Corner Cap Table   : '/home/host/placement_overlap_0002_formal/eda-sub-ability/inject_violation/scenario_0002_placement_overlap/outputs/golden_repaired.enc.dat/libs/mmmc/NangateOpenCellLibrary.captable'
    RC-Corner PreRoute Res Factor         : 1
    RC-Corner PreRoute Cap Factor         : 1
    RC-Corner PostRoute Res Factor        : 1 {1 1 1}
    RC-Corner PostRoute Cap Factor        : 1 {1 1 1}
    RC-Corner PostRoute XCap Factor       : 1 {1 1 1}
    RC-Corner PreRoute Clock Res Factor   : 1	[Derived from postRoute_res (effortLevel low)]
    RC-Corner PreRoute Clock Cap Factor   : 1	[Derived from postRoute_cap (effortLevel low)]
    RC-Corner PostRoute Clock Cap Factor  : 1 {1 1 1} 	[Derived from postRoute_cap (effortLevel low)]
    RC-Corner PostRoute Clock Res Factor  : 1 {1 1 1} 	[Derived from postRoute_res (effortLevel low)]
Initializing multi-corner capacitance tables ... 
Initializing multi-corner resistance tables ...
Start generating vias ...
#Skip building auto via since it is not turned on.
Via generation completed.
% Begin Load power constraints ... (date=08/20 06:52:01, mem=752.6M)
source /home/host/placement_overlap_0002_formal/eda-sub-ability/inject_violation/scenario_0002_placement_overlap/outputs/golden_repaired.enc.dat/aes_cipher_top_power_constraints.tcl
'set_default_switching_activity' finished successfully.
% End Load power constraints ... (date=08/20 06:52:01, total cpu=0:00:00.0, real=0:00:00.0, peak res=753.1M, current mem=753.1M)
% Begin load AAE data ... (date=08/20 06:52:01, mem=753.1M)
AAE DB initialization (MEM=894.047 CPU=0:00:00.2 REAL=0:00:01.0) 
% End load AAE data ... (date=08/20 06:52:02, total cpu=0:00:00.4, real=0:00:01.0, peak res=759.9M, current mem=759.9M)
Restoring CCOpt config...
  Extracting original clock gating for aes_clk...
    clock_tree aes_clk contains 562 sinks and 0 clock gates.
    Extraction for aes_clk complete.
  Extracting original clock gating for aes_clk done.
  The skew group aes_clk/FUNC was created. It contains 562 sinks and 1 sources.
  The skew group aes_clk/FUNC was created. It contains 562 sinks and 1 sources.
**WARN: (IMPCCOPT-2332):	The property adjacent_rows_legal is deprecated. It still works, but it may be removed in a future release.
Restoring CCOpt config done.
Total number of combinational cells: 100
Total number of sequential cells: 29
Total number of tristate cells: 6
Total number of level shifter cells: 0
Total number of power gating cells: 0
Total number of isolation cells: 0
Total number of power switch cells: 0
Total number of pulse generator cells: 0
Total number of always on buffers: 0
Total number of retention cells: 0
List of usable buffers: BUF_X1 BUF_X2 BUF_X4 BUF_X8 BUF_X16 BUF_X32 CLKBUF_X1 CLKBUF_X2 CLKBUF_X3
Total number of usable buffers: 9
List of unusable buffers:
Total number of unusable buffers: 0
List of usable inverters: INV_X1 INV_X2 INV_X4 INV_X8 INV_X16 INV_X32
Total number of usable inverters: 6
List of unusable inverters:
Total number of unusable inverters: 0
List of identified usable delay cells:
Total number of identified usable delay cells: 0
List of identified unusable delay cells:
Total number of identified unusable delay cells: 0
No delay cells were detected in the set of buffers. Buffers will be used to fix hold violations.
**WARN: (IMPCTE-107):	The following globals have been obsoleted since version 19.10-p002_1. They will be removed in the next release. 
timing_enable_default_delay_arc
#% End load design ... (date=08/20 06:52:02, total cpu=0:00:02.2, real=0:00:03.0, peak res=765.1M, current mem=764.4M)

*** Summary of all messages that are not suppressed in this session:
Severity  ID               Count  Summary                                  
WARNING   IMPTS-124            2  Timing library description of pin '%s' i...
WARNING   IMPVL-159            2  Pin '%s' of cell '%s' is defined in LEF ...
WARNING   IMPCCOPT-2332        1  The property %s is deprecated. It still ...
ERROR     IMPOAX-820           1  The OA features are disabled in the curr...
ERROR     IMPOAX-850           1  %s command cannot be run as OA features ...
WARNING   IMPCTE-107           1  The following globals have been obsolete...
WARNING   IMPTCM-77            1  Option "%s" for command %s is obsolete a...
WARNING   TECHLIB-436         20  Attribute '%s' on '%s' pin '%s' of cell ...
*** Message Summary: 27 warning(s), 2 error(s)

PLACEMENT_OVERLAP_FRESH_LOAD_COMPLETE no

*** Memory Usage v#1 (Current mem = 899.047M, initial mem = 262.340M) ***
*** Message Summary: 27 warning(s), 5 error(s)

--- Ending "Innovus" (totcpu=0:00:16.1, real=0:00:11.0, mem=899.0M) ---

