###############################################################
#  Generated by:      Cadence Innovus 19.10-p002_1
#  OS:                Linux x86_64(Host ID qingteng)
#  Generated on:      Thu Aug 20 06:43:44 2026
#  Design:            aes_cipher_top
#  Command:           verifyConnectivity -type all -error 1000 -warning 1000 -report /home/host/placement_overlap_0002_trial/reports/candidate_trials/candidate_b/injected/connectivity.rpt
###############################################################
Verify Connectivity Report is created on Thu Aug 20 06:43:44 2026



Net FE_OFN307_04412, Pin Pin: _13944_/A1; Direction: INPUT; Use: SIGNAL;: has an unconnected terminal at (29.645, 62.405) (29.770, 62.580)
Net FE_OFN307_04412: has regular routing with opens at (12.580, 49.440) (32.620, 65.380)
Net FE_OFN307_04412: dangling Wire at (29.165, 62.510) (29.165, 62.510) on layer: metal1
Net _04967_, Pin Pin: _13944_/A2; Direction: INPUT; Use: SIGNAL;: has an unconnected terminal at (29.320, 62.405) (29.445, 62.580)
Net _04967_: has regular routing with opens at (27.800, 59.365) (28.785, 62.510)
Net _04967_: dangling Wire at (28.785, 62.510) (28.785, 62.510) on layer: metal1
Net _04975_, Pin Pin: _13944_/ZN; Direction: OUTPUT; Use: SIGNAL;: has an unconnected terminal at (29.510, 62.235) (29.760, 62.305)
Net _04975_: has regular routing with opens at (28.975, 62.405) (31.480, 62.650)
Net _04975_: dangling Wire at (28.975, 62.650) (28.975, 62.650) on layer: metal1

Begin Summary
    3 Problem(s) (IMPVFC-96): Terminal(s) are not connected.
    3 Problem(s) (IMPVFC-92): Pieces of the net are not connected together.
    3 Problem(s) (IMPVFC-94): The net has dangling wire(s).
    9 total info(s) created.
End Summary
