###############################################################
#  Generated by:      Cadence Innovus 19.10-p002_1
#  OS:                Linux x86_64(Host ID qingteng)
#  Generated on:      Fri Aug 21 00:23:12 2026
#  Design:            aes_cipher_top
#  Command:           report_constraint -all_violators
###############################################################
# format : frame 1 : split 1

max_delay/setup
---------------------------
No paths found

Check type : clock_period
---------------------------
No paths found

Check type : skew
---------------------------
No paths found

Check type : pulse_width
---------------------------
 No violating Checks with given description found

Check type : max_transition
---------------------------
 No Violations found

Check type : max_capacitance
---------------------------
 No Violations found

Check type : max_fanout
---------------------------
     +----------------------------------------------------------------+ 
     | Pin Name              | Required | Actual | Slack   | View     | 
     |-----------------------+----------+--------+---------+----------| 
     | CTS_ccl_a_buf_00055/Z | 16.000   | 37.000 | -21.000 | VIEW_TYP | 
     | CTS_ccl_a_buf_00063/Z | 16.000   | 35.000 | -19.000 | VIEW_TYP | 
     | CTS_ccl_a_buf_00057/Z | 16.000   | 35.000 | -19.000 | VIEW_TYP | 
     | CTS_ccl_a_buf_00067/Z | 16.000   | 35.000 | -19.000 | VIEW_TYP | 
     | CTS_ccl_a_buf_00071/Z | 16.000   | 35.000 | -19.000 | VIEW_TYP | 
     | CTS_ccl_a_buf_00049/Z | 16.000   | 35.000 | -19.000 | VIEW_TYP | 
     | CTS_ccl_a_buf_00053/Z | 16.000   | 34.000 | -18.000 | VIEW_TYP | 
     | CTS_ccl_a_buf_00059/Z | 16.000   | 34.000 | -18.000 | VIEW_TYP | 
     | CTS_ccl_a_buf_00047/Z | 16.000   | 34.000 | -18.000 | VIEW_TYP | 
     | CTS_ccl_a_buf_00061/Z | 16.000   | 33.000 | -17.000 | VIEW_TYP | 
     | CTS_ccl_a_buf_00075/Z | 16.000   | 32.000 | -16.000 | VIEW_TYP | 
     | CTS_ccl_a_buf_00065/Z | 16.000   | 32.000 | -16.000 | VIEW_TYP | 
     | CTS_ccl_a_buf_00077/Z | 16.000   | 32.000 | -16.000 | VIEW_TYP | 
     | CTS_ccl_a_buf_00051/Z | 16.000   | 32.000 | -16.000 | VIEW_TYP | 
     | CTS_ccl_a_buf_00073/Z | 16.000   | 31.000 | -15.000 | VIEW_TYP | 
     | CTS_ccl_a_buf_00079/Z | 16.000   | 31.000 | -15.000 | VIEW_TYP | 
     | CTS_ccl_a_buf_00069/Z | 16.000   | 25.000 | -9.000  | VIEW_TYP | 
     | _13365_/ZN            | 16.000   | 17.000 | -1.000  | VIEW_TYP | 
     +----------------------------------------------------------------+ 
