
Cadence Innovus(TM) Implementation System.
Copyright 2019 Cadence Design Systems, Inc. All rights reserved worldwide.

Version:	v19.10-p002_1, built Fri Apr 19 15:18:11 PDT 2019
Options:	-nowin -files verify.tcl 
Date:		Fri Aug 21 00:42:17 2026
Host:		qingteng (x86_64 w/Linux 4.14.174) (4cores*4cpus*Intel(R) Xeon(R) Processor @ 2.90GHz 22528KB)
OS:		CentOS Linux release 7.9.2009 (Core)

License:
		invs	Innovus Implementation System	19.1	checkout succeeded
		8 CPU jobs allowed with the current license(s). Use setMultiCpuUsage to set your required CPU count.
**ERROR: (IMPOAX-142):	Could not open shared library libinnovusoax22.so : liboaDesign.so: cannot open shared object file: No such file or directory

**ERROR: (IMPOAX-142):	Could not open shared library libcdsSkillPcell.so : /opt/cadence/INNOVUS/tools.lnx86/lib/64bit/libcdsSkillPcell.so: undefined symbol: _ZTIN12OpenAccess_413oaFSComponentE

**ERROR: (IMPOAX-142):	OA features will be disabled in this session.

Create and set the environment variable TMPDIR to /tmp/innovus_temp_15920_qingteng_host_5kEYfD.

Change the soft stacksize limit to 0.2%RAM (15 mbytes). Set global soft_stack_size_limit to change the value.

**INFO:  MMMC transition support version v31-84 

Sourcing file "verify.tcl" ...
#% Begin load design ... (date=08/21 00:42:26, mem=463.9M)
Set Default Input Pin Transition as 0.1 ps.
Loading design 'aes_cipher_top' saved by 'Innovus' '19.10-p002_1' on 'Fri Aug 21 00:23:17 2026'.
**ERROR: (IMPOAX-820):	The OA features are disabled in the current session of Innovus because the oax shared library could not be loaded properly. This could be because your installation was not properly configured. To enable OA features, exit the current session and re-launch Innovus either after fixing your installation by running the Configure Installation phase, or after setting the OA_HOME variable to point to a proper OA installation. Check the "OpenAccess Installation and Configuration Guide" manual for more information.

**ERROR: (IMPOAX-850):	oaxCreateCdsLibArray command cannot be run as OA features are disabled in this session.
% Begin Load MMMC data ... (date=08/21 00:42:26, mem=465.9M)
% End Load MMMC data ... (date=08/21 00:42:26, total cpu=0:00:00.0, real=0:00:00.0, peak res=466.2M, current mem=466.2M)

Loading LEF file /home/host/max_fanout_delete_repeater_20260820/atomic_runtime/09_failure_recovery/initial_state/design.enc.dat/libs/lef/NangateOpenCellLibrary.tech.lef ...

Loading LEF file /home/host/max_fanout_delete_repeater_20260820/atomic_runtime/09_failure_recovery/initial_state/design.enc.dat/libs/lef/NangateOpenCellLibrary.macro.mod.lef ...
Set DBUPerIGU to M2 pitch 380.

viaInitial starts at Fri Aug 21 00:42:26 2026
viaInitial ends at Fri Aug 21 00:42:26 2026

##  Check design process and node:  
##  Both design process and tech node are not set.

Loading view definition file from /home/host/max_fanout_delete_repeater_20260820/atomic_runtime/09_failure_recovery/initial_state/design.enc.dat/viewDefinition.tcl
Reading LIBSET_TYP timing library '/home/host/max_fanout_delete_repeater_20260820/atomic_runtime/09_failure_recovery/initial_state/design.enc.dat/libs/mmmc/NangateOpenCellLibrary_typical.lib' ...
**WARN: (TECHLIB-436):	Attribute 'max_fanout' on 'output/inout' pin 'ZN' of cell 'AND2_X1' is not defined in the library. (File /home/host/max_fanout_delete_repeater_20260820/atomic_runtime/09_failure_recovery/initial_state/design.enc.dat/libs/mmmc/NangateOpenCellLibrary_typical.lib)
**WARN: (TECHLIB-436):	Attribute 'max_fanout' on 'output/inout' pin 'ZN' of cell 'AND2_X2' is not defined in the library. (File /home/host/max_fanout_delete_repeater_20260820/atomic_runtime/09_failure_recovery/initial_state/design.enc.dat/libs/mmmc/NangateOpenCellLibrary_typical.lib)
**WARN: (TECHLIB-436):	Attribute 'max_fanout' on 'output/inout' pin 'ZN' of cell 'AND2_X4' is not defined in the library. (File /home/host/max_fanout_delete_repeater_20260820/atomic_runtime/09_failure_recovery/initial_state/design.enc.dat/libs/mmmc/NangateOpenCellLibrary_typical.lib)
**WARN: (TECHLIB-436):	Attribute 'max_fanout' on 'output/inout' pin 'ZN' of cell 'AND3_X1' is not defined in the library. (File /home/host/max_fanout_delete_repeater_20260820/atomic_runtime/09_failure_recovery/initial_state/design.enc.dat/libs/mmmc/NangateOpenCellLibrary_typical.lib)
**WARN: (TECHLIB-436):	Attribute 'max_fanout' on 'output/inout' pin 'ZN' of cell 'AND3_X2' is not defined in the library. (File /home/host/max_fanout_delete_repeater_20260820/atomic_runtime/09_failure_recovery/initial_state/design.enc.dat/libs/mmmc/NangateOpenCellLibrary_typical.lib)
**WARN: (TECHLIB-436):	Attribute 'max_fanout' on 'output/inout' pin 'ZN' of cell 'AND3_X4' is not defined in the library. (File /home/host/max_fanout_delete_repeater_20260820/atomic_runtime/09_failure_recovery/initial_state/design.enc.dat/libs/mmmc/NangateOpenCellLibrary_typical.lib)
**WARN: (TECHLIB-436):	Attribute 'max_fanout' on 'output/inout' pin 'ZN' of cell 'AND4_X1' is not defined in the library. (File /home/host/max_fanout_delete_repeater_20260820/atomic_runtime/09_failure_recovery/initial_state/design.enc.dat/libs/mmmc/NangateOpenCellLibrary_typical.lib)
**WARN: (TECHLIB-436):	Attribute 'max_fanout' on 'output/inout' pin 'ZN' of cell 'AND4_X2' is not defined in the library. (File /home/host/max_fanout_delete_repeater_20260820/atomic_runtime/09_failure_recovery/initial_state/design.enc.dat/libs/mmmc/NangateOpenCellLibrary_typical.lib)
**WARN: (TECHLIB-436):	Attribute 'max_fanout' on 'output/inout' pin 'ZN' of cell 'AND4_X4' is not defined in the library. (File /home/host/max_fanout_delete_repeater_20260820/atomic_runtime/09_failure_recovery/initial_state/design.enc.dat/libs/mmmc/NangateOpenCellLibrary_typical.lib)
**WARN: (TECHLIB-436):	Attribute 'max_fanout' on 'output/inout' pin 'ZN' of cell 'AOI21_X1' is not defined in the library. (File /home/host/max_fanout_delete_repeater_20260820/atomic_runtime/09_failure_recovery/initial_state/design.enc.dat/libs/mmmc/NangateOpenCellLibrary_typical.lib)
**WARN: (TECHLIB-436):	Attribute 'max_fanout' on 'output/inout' pin 'ZN' of cell 'AOI21_X2' is not defined in the library. (File /home/host/max_fanout_delete_repeater_20260820/atomic_runtime/09_failure_recovery/initial_state/design.enc.dat/libs/mmmc/NangateOpenCellLibrary_typical.lib)
**WARN: (TECHLIB-436):	Attribute 'max_fanout' on 'output/inout' pin 'ZN' of cell 'AOI21_X4' is not defined in the library. (File /home/host/max_fanout_delete_repeater_20260820/atomic_runtime/09_failure_recovery/initial_state/design.enc.dat/libs/mmmc/NangateOpenCellLibrary_typical.lib)
**WARN: (TECHLIB-436):	Attribute 'max_fanout' on 'output/inout' pin 'ZN' of cell 'AOI22_X1' is not defined in the library. (File /home/host/max_fanout_delete_repeater_20260820/atomic_runtime/09_failure_recovery/initial_state/design.enc.dat/libs/mmmc/NangateOpenCellLibrary_typical.lib)
**WARN: (TECHLIB-436):	Attribute 'max_fanout' on 'output/inout' pin 'ZN' of cell 'AOI22_X2' is not defined in the library. (File /home/host/max_fanout_delete_repeater_20260820/atomic_runtime/09_failure_recovery/initial_state/design.enc.dat/libs/mmmc/NangateOpenCellLibrary_typical.lib)
**WARN: (TECHLIB-436):	Attribute 'max_fanout' on 'output/inout' pin 'ZN' of cell 'AOI22_X4' is not defined in the library. (File /home/host/max_fanout_delete_repeater_20260820/atomic_runtime/09_failure_recovery/initial_state/design.enc.dat/libs/mmmc/NangateOpenCellLibrary_typical.lib)
**WARN: (TECHLIB-436):	Attribute 'max_fanout' on 'output/inout' pin 'ZN' of cell 'AOI211_X1' is not defined in the library. (File /home/host/max_fanout_delete_repeater_20260820/atomic_runtime/09_failure_recovery/initial_state/design.enc.dat/libs/mmmc/NangateOpenCellLibrary_typical.lib)
**WARN: (TECHLIB-436):	Attribute 'max_fanout' on 'output/inout' pin 'ZN' of cell 'AOI211_X2' is not defined in the library. (File /home/host/max_fanout_delete_repeater_20260820/atomic_runtime/09_failure_recovery/initial_state/design.enc.dat/libs/mmmc/NangateOpenCellLibrary_typical.lib)
**WARN: (TECHLIB-436):	Attribute 'max_fanout' on 'output/inout' pin 'ZN' of cell 'AOI211_X4' is not defined in the library. (File /home/host/max_fanout_delete_repeater_20260820/atomic_runtime/09_failure_recovery/initial_state/design.enc.dat/libs/mmmc/NangateOpenCellLibrary_typical.lib)
**WARN: (TECHLIB-436):	Attribute 'max_fanout' on 'output/inout' pin 'ZN' of cell 'AOI221_X1' is not defined in the library. (File /home/host/max_fanout_delete_repeater_20260820/atomic_runtime/09_failure_recovery/initial_state/design.enc.dat/libs/mmmc/NangateOpenCellLibrary_typical.lib)
**WARN: (TECHLIB-436):	Attribute 'max_fanout' on 'output/inout' pin 'ZN' of cell 'AOI221_X2' is not defined in the library. (File /home/host/max_fanout_delete_repeater_20260820/atomic_runtime/09_failure_recovery/initial_state/design.enc.dat/libs/mmmc/NangateOpenCellLibrary_typical.lib)
Message <TECHLIB-436> has exceeded the message display limit of '20'. Use 'set_message -no_limit -id list_of_msgIDs' to reset the message limit.
Read 135 cells in library 'NangateOpenCellLibrary' 
*** End library_loading (cpu=0.01min, real=0.00min, mem=29.9M, fe_cpu=0.24min, fe_real=0.15min, fe_mem=603.0M) ***
% Begin Load netlist data ... (date=08/21 00:42:26, mem=483.3M)
*** Begin netlist parsing (mem=603.0M) ***
**WARN: (IMPVL-159):	Pin 'Z' of cell 'LOGIC1_X1' is defined in LEF but not in the timing library.
**WARN: (IMPVL-159):	Pin 'Z' of cell 'LOGIC0_X1' is defined in LEF but not in the timing library.
Created 135 new cells from 1 timing libraries.
Reading netlist ...
Backslashed names will retain backslash and a trailing blank character.
Reading verilogBinary netlist '/home/host/max_fanout_delete_repeater_20260820/atomic_runtime/09_failure_recovery/initial_state/design.enc.dat/aes_cipher_top.v.bin'
Reading binary database version 2 in 1-threaded mode

*** Memory Usage v#1 (Current mem = 611.973M, initial mem = 262.344M) ***
*** End netlist parsing (cpu=0:00:00.0, real=0:00:00.0, mem=612.0M) ***
% End Load netlist data ... (date=08/21 00:42:26, total cpu=0:00:00.0, real=0:00:00.0, peak res=492.1M, current mem=492.1M)
Set top cell to aes_cipher_top.
**WARN: (IMPTS-124):	Timing library description of pin 'Z' is missing from cell 'LOGIC1_X1' in timing library 'NangateOpenCellLibrary'.
**WARN: (IMPTS-124):	Timing library description of pin 'Z' is missing from cell 'LOGIC0_X1' in timing library 'NangateOpenCellLibrary'.
Hooked 135 DB cells to tlib cells.
Starting recursive module instantiation check.
No recursion found.
Building hierarchical netlist for Cell aes_cipher_top ...
*** Netlist is unique.
** info: there are 136 modules.
** info: there are 11772 stdCell insts.

*** Memory Usage v#1 (Current mem = 648.887M, initial mem = 262.344M) ***
*info: set bottom ioPad orient R0
Generated pitch 1.68 in metal10 is different from 1.6 defined in technology file in preferred direction.
Generated pitch 0.84 in metal8 is different from 0.8 defined in technology file in preferred direction.
Generated pitch 0.84 in metal7 is different from 0.8 defined in technology file in preferred direction.
Set Default Net Delay as 1000 ps.
Set Default Net Load as 0.5 pF. 
Set Default Input Pin Transition as 0.1 ps.
Loading preference file /home/host/max_fanout_delete_repeater_20260820/atomic_runtime/09_failure_recovery/initial_state/design.enc.dat/gui.pref.tcl ...
##  Process: 45            (User Set)               
##     Node: (not set)                           

##  Check design process and node:  
##  Design tech node is not set.

Applying the recommended capacitance filtering threshold values for 45nm process node: total_c_th=0, relative_c_th=1 and coupling_c_th=0.1.
	These values will be used by all post-route extraction engines, including TQuantus, IQuantus and Quantus QRC extraction.
	Capacitance filtering mode(-capFilterMode option of the setExtractRCMode) is 'relAndCoup' for all engines.
	The accuracy mode for postRoute effortLevel low extraction will be set to 'high'.
	Default value for EffortLevel(-effortLevel option of the setExtractRCMode) in postRoute extraction mode will be 'medium' if Quantus QRC technology file is specified else 'low'.
**WARN: (IMPTCM-77):	Option "-drouteStartIteration" for command setNanoRouteMode is obsolete and will be removed in a future release. The obsolete option still works in this release but to avoid this warning and to ensure compatibility with future releases, remove the obsolete option from your script.
*Info: initialize multi-corner CTS.
Reading timing constraints file '/home/host/max_fanout_delete_repeater_20260820/atomic_runtime/09_failure_recovery/initial_state/design.enc.dat/mmmc/modes/FUNC/FUNC.sdc' ...
Current (total cpu=0:00:15.1, real=0:00:10.0, peak res=662.2M, current mem=662.2M)
aes_cipher_top
INFO (CTE): Constraints read successfully.
Ending "Constraint file reading stats" (total cpu=0:00:00.1, real=0:00:00.0, peak res=681.7M, current mem=681.7M)
Current (total cpu=0:00:15.2, real=0:00:10.0, peak res=681.7M, current mem=681.7M)
Reading latency file '/home/host/max_fanout_delete_repeater_20260820/atomic_runtime/09_failure_recovery/initial_state/design.enc.dat/mmmc/views/VIEW_TYP/latency.sdc' ...
Total number of combinational cells: 100
Total number of sequential cells: 29
Total number of tristate cells: 6
Total number of level shifter cells: 0
Total number of power gating cells: 0
Total number of isolation cells: 0
Total number of power switch cells: 0
Total number of pulse generator cells: 0
Total number of always on buffers: 0
Total number of retention cells: 0
List of usable buffers: BUF_X1 BUF_X2 BUF_X4 BUF_X8 BUF_X16 BUF_X32 CLKBUF_X1 CLKBUF_X2 CLKBUF_X3
Total number of usable buffers: 9
List of unusable buffers:
Total number of unusable buffers: 0
List of usable inverters: INV_X1 INV_X2 INV_X4 INV_X8 INV_X16 INV_X32
Total number of usable inverters: 6
List of unusable inverters:
Total number of unusable inverters: 0
List of identified usable delay cells:
Total number of identified usable delay cells: 0
List of identified unusable delay cells:
Total number of identified unusable delay cells: 0
No delay cells were detected in the set of buffers. Buffers will be used to fix hold violations.
Reading floorplan file - /home/host/max_fanout_delete_repeater_20260820/atomic_runtime/09_failure_recovery/initial_state/design.enc.dat/aes_cipher_top.fp.gz (mem = 848.4M).
% Begin Load floorplan data ... (date=08/21 00:42:27, mem=704.4M)
*info: reset 12626 existing net BottomPreferredLayer and AvoidDetour
net ignore based on current view = 0
Deleting old partition specification.
Set FPlanBox to (0 0 355680 353920)
Generated pitch 1.68 in metal10 is different from 1.6 defined in technology file in preferred direction.
Generated pitch 0.84 in metal8 is different from 0.8 defined in technology file in preferred direction.
Generated pitch 0.84 in metal7 is different from 0.8 defined in technology file in preferred direction.
 ... processed partition successfully.
Reading binary special route file /home/host/max_fanout_delete_repeater_20260820/atomic_runtime/09_failure_recovery/initial_state/design.enc.dat/aes_cipher_top.fp.spr.gz (Created by Innovus v19.10-p002_1 on Fri Aug 21 00:23:15 2026, version: 1)
There are 20 nets with weight being set
There are 20 nets with bottomPreferredRoutingLayer being set
There are 20 nets with avoidDetour being set
Extracting standard cell pins and blockage ...... 
Pin and blockage extraction finished
Delete all existing relative floorplan constraints.
% End Load floorplan data ... (date=08/21 00:42:27, total cpu=0:00:00.1, real=0:00:00.0, peak res=708.0M, current mem=708.0M)
Reading congestion map file /home/host/max_fanout_delete_repeater_20260820/atomic_runtime/09_failure_recovery/initial_state/design.enc.dat/aes_cipher_top.route.congmap.gz ...
% Begin Load SymbolTable ... (date=08/21 00:42:27, mem=708.3M)
Suppress "**WARN ..." messages.
Un-suppress "**WARN ..." messages.
% End Load SymbolTable ... (date=08/21 00:42:27, total cpu=0:00:00.0, real=0:00:00.0, peak res=710.0M, current mem=710.0M)
Loading place ...
% Begin Load placement data ... (date=08/21 00:42:27, mem=710.0M)
Reading placement file - /home/host/max_fanout_delete_repeater_20260820/atomic_runtime/09_failure_recovery/initial_state/design.enc.dat/aes_cipher_top.place.gz.
** Reading stdCellPlacement_binary (Created by Innovus v19.10-p002_1 on Fri Aug 21 00:23:15 2026, version# 2) ...
Read Views for adaptive view pruning ...
Read 0 views from Binary DB for adaptive view pruning
*** Checked 2 GNC rules.
*** applyConnectGlobalNets disabled.
*** Completed restorePlace (cpu=0:00:00.0 real=0:00:00.0 mem=846.4M) ***
Total net length = 1.487e+05 (7.670e+04 7.197e+04) (ext = 9.167e+03)
% End Load placement data ... (date=08/21 00:42:27, total cpu=0:00:00.0, real=0:00:00.0, peak res=712.0M, current mem=711.8M)
Reading PG file /home/host/max_fanout_delete_repeater_20260820/atomic_runtime/09_failure_recovery/initial_state/design.enc.dat/aes_cipher_top.pg.gz
*** Completed restorePGFile (cpu=0:00:00.0 real=0:00:00.0 mem=842.4M) ***
% Begin Load routing data ... (date=08/21 00:42:27, mem=712.1M)
Reading routing file - /home/host/max_fanout_delete_repeater_20260820/atomic_runtime/09_failure_recovery/initial_state/design.enc.dat/aes_cipher_top.route.gz.
Reading Innovus routing data (Created by Innovus v19.10-p002_1 on Fri Aug 21 00:23:15 2026 Format: 19.1) ...
*** Total 12595 nets are successfully restored.
*** Completed restoreRoute (cpu=0:00:00.2 real=0:00:01.0 mem=856.4M) ***
% End Load routing data ... (date=08/21 00:42:28, total cpu=0:00:00.2, real=0:00:01.0, peak res=730.2M, current mem=729.4M)
TAT_INFO: restoreCongMap REAL = 0 : CPU = 0 : MEM = 0.
Reading property file /home/host/max_fanout_delete_repeater_20260820/atomic_runtime/09_failure_recovery/initial_state/design.enc.dat/aes_cipher_top.prop
*** Completed restoreProperty (cpu=0:00:00.0 real=0:00:00.0 mem=862.4M) ***
Set Default Input Pin Transition as 0.1 ps.
Extraction setup Started 
Initializing multi-corner RC extraction with 1 active RC Corners ...
Reading Capacitance Table File /home/host/max_fanout_delete_repeater_20260820/atomic_runtime/09_failure_recovery/initial_state/design.enc.dat/libs/mmmc/NangateOpenCellLibrary.captable ...
Cap table was created using Encounter 08.10-p004_1.
Process name: master_techFreePDK45.
Importing multi-corner RC tables ... 
Summary of Active RC-Corners : 
 
 Analysis View: VIEW_TYP
    RC-Corner Name        : RC_TYP
    RC-Corner Index       : 0
    RC-Corner Temperature : 25 Celsius
    RC-Corner Cap Table   : '/home/host/max_fanout_delete_repeater_20260820/atomic_runtime/09_failure_recovery/initial_state/design.enc.dat/libs/mmmc/NangateOpenCellLibrary.captable'
    RC-Corner PreRoute Res Factor         : 1
    RC-Corner PreRoute Cap Factor         : 1
    RC-Corner PostRoute Res Factor        : 1 {1 1 1}
    RC-Corner PostRoute Cap Factor        : 1 {1 1 1}
    RC-Corner PostRoute XCap Factor       : 1 {1 1 1}
    RC-Corner PreRoute Clock Res Factor   : 1	[Derived from postRoute_res (effortLevel low)]
    RC-Corner PreRoute Clock Cap Factor   : 1	[Derived from postRoute_cap (effortLevel low)]
    RC-Corner PostRoute Clock Cap Factor  : 1 {1 1 1} 	[Derived from postRoute_cap (effortLevel low)]
    RC-Corner PostRoute Clock Res Factor  : 1 {1 1 1} 	[Derived from postRoute_res (effortLevel low)]
Initializing multi-corner capacitance tables ... 
Initializing multi-corner resistance tables ...
Start generating vias ...
#Skip building auto via since it is not turned on.
Via generation completed.
% Begin Load power constraints ... (date=08/21 00:42:28, mem=757.4M)
source /home/host/max_fanout_delete_repeater_20260820/atomic_runtime/09_failure_recovery/initial_state/design.enc.dat/aes_cipher_top_power_constraints.tcl
'set_default_switching_activity' finished successfully.
% End Load power constraints ... (date=08/21 00:42:28, total cpu=0:00:00.0, real=0:00:00.0, peak res=757.9M, current mem=757.9M)
% Begin load AAE data ... (date=08/21 00:42:28, mem=757.9M)
AAE DB initialization (MEM=902.324 CPU=0:00:00.2 REAL=0:00:00.0) 
% End load AAE data ... (date=08/21 00:42:28, total cpu=0:00:00.4, real=0:00:00.0, peak res=764.6M, current mem=764.6M)
Restoring CCOpt config...
  Extracting original clock gating for aes_clk...
    clock_tree aes_clk contains 562 sinks and 0 clock gates.
    Extraction for aes_clk complete.
  Extracting original clock gating for aes_clk done.
  The skew group aes_clk/FUNC was created. It contains 562 sinks and 1 sources.
  The skew group aes_clk/FUNC was created. It contains 562 sinks and 1 sources.
**WARN: (IMPCCOPT-2332):	The property adjacent_rows_legal is deprecated. It still works, but it may be removed in a future release.
Restoring CCOpt config done.
Total number of combinational cells: 100
Total number of sequential cells: 29
Total number of tristate cells: 6
Total number of level shifter cells: 0
Total number of power gating cells: 0
Total number of isolation cells: 0
Total number of power switch cells: 0
Total number of pulse generator cells: 0
Total number of always on buffers: 0
Total number of retention cells: 0
List of usable buffers: BUF_X1 BUF_X2 BUF_X4 BUF_X8 BUF_X16 BUF_X32 CLKBUF_X1 CLKBUF_X2 CLKBUF_X3
Total number of usable buffers: 9
List of unusable buffers:
Total number of unusable buffers: 0
List of usable inverters: INV_X1 INV_X2 INV_X4 INV_X8 INV_X16 INV_X32
Total number of usable inverters: 6
List of unusable inverters:
Total number of unusable inverters: 0
List of identified usable delay cells:
Total number of identified usable delay cells: 0
List of identified unusable delay cells:
Total number of identified unusable delay cells: 0
No delay cells were detected in the set of buffers. Buffers will be used to fix hold violations.
**WARN: (IMPCTE-107):	The following globals have been obsoleted since version 19.10-p002_1. They will be removed in the next release. 
timing_enable_default_delay_arc
#% End load design ... (date=08/21 00:42:28, total cpu=0:00:02.5, real=0:00:02.0, peak res=769.8M, current mem=769.1M)

*** Summary of all messages that are not suppressed in this session:
Severity  ID               Count  Summary                                  
WARNING   IMPTS-124            2  Timing library description of pin '%s' i...
WARNING   IMPVL-159            2  Pin '%s' of cell '%s' is defined in LEF ...
WARNING   IMPCCOPT-2332        1  The property %s is deprecated. It still ...
ERROR     IMPOAX-820           1  The OA features are disabled in the curr...
ERROR     IMPOAX-850           1  %s command cannot be run as OA features ...
WARNING   IMPCTE-107           1  The following globals have been obsolete...
WARNING   IMPTCM-77            1  Option "%s" for command %s is obsolete a...
WARNING   TECHLIB-436         20  Attribute '%s' on '%s' pin '%s' of cell ...
*** Message Summary: 27 warning(s), 2 error(s)

**WARN: (IMPOPT-6115):	ECO batchmode has been activated. Set setEcoMode -batchMode to false when done with ECO operations.
Type 'man IMPOPT-6115' for more detail.
#################################################################################
# Design Stage: PostRoute
# Design Name: aes_cipher_top
# Design Mode: 45nm
# Analysis Mode: MMMC OCV 
# Parasitics Mode: No SPEF/RCDB
# Signoff Settings: SI On 
#################################################################################
Add inst BAD_FANOUT_PARTIAL_FIX (BUF_X1) to drive load _19581_/D 
*** Starting refinePlace (0:00:16.9 mem=1078.3M) ***
Move report: Detail placement moves 0 insts, mean move: 0.00 um, max move: 0.00 um
	Runtime: CPU: 0:00:00.2 REAL: 0:00:00.0 MEM: 1078.3MB
Summary Report:
Instances move: 0 (out of 11754 movable)
Instances flipped: 0
Mean displacement: 0.00 um
Max displacement: 0.00 um 
Runtime: CPU: 0:00:00.2 REAL: 0:00:00.0 MEM: 1078.3MB
*** Finished refinePlace (0:00:17.1 mem=1078.3M) ***
#% Begin globalDetailRoute (date=08/21 00:42:29, mem=863.6M)

globalDetailRoute

#WARNING (NRIF-78) The option routeWithEco combined with routeWithTimingDriven is not recommended due to possible high memory usage, increased run-time, and increased routing pattern pertubations. Please use with caution.
#setNanoRouteMode -droutePostRouteSpreadWire "auto"
#setNanoRouteMode -routeStrictlyHonorNonDefaultRule "false"
#setNanoRouteMode -routeWithEco true
#setNanoRouteMode -routeWithSiDriven false
#setNanoRouteMode -routeWithTimingDriven true
#Start globalDetailRoute on Fri Aug 21 00:42:29 2026
#
#WARNING (NRDB-733) PIN Y in CELL_VIEW LOGIC1_X1 does not have physical port.
#WARNING (NRDB-733) PIN Y in CELL_VIEW LOGIC0_X1 does not have physical port.
Initializing multi-corner capacitance tables ... 
Initializing multi-corner resistance tables ...
#num needed restored net=0
#need_extraction net=0 (total=12627)
#Processed 1 dirty instance, 1 dirty term, 0 dirty fterms, 0 dirty pgterms, 0 misc dirty regions, 0 same cell-size swaps
#(1 inst marked dirty, reset pre-exisiting dirty flag on 1 inst, 4 nets marked need extraction)
#NanoRoute Version 19.10-p002_1 NR190418-1643/19_10-UB
#Skip comparing routing design signature in db-snapshot flow
#Start routing data preparation on Fri Aug 21 00:42:30 2026
#
#Minimum voltage of a net in the design = 0.000.
#Maximum voltage of a net in the design = 1.100.
#Voltage range [0.000 - 1.100] has 12625 nets.
#Voltage range [1.100 - 1.100] has 1 net.
#Voltage range [0.000 - 0.000] has 1 net.
#Restoring pin access data from file /home/host/max_fanout_delete_repeater_20260820/atomic_runtime/09_failure_recovery/initial_state/design.enc.dat/aes_cipher_top.apa ...
#Done restoring pin access data
# metal1       H   Track-Pitch = 0.14000    Line-2-Via Pitch = 0.13500
# metal2       V   Track-Pitch = 0.19000    Line-2-Via Pitch = 0.14000
# metal3       H   Track-Pitch = 0.14000    Line-2-Via Pitch = 0.14000
# metal4       V   Track-Pitch = 0.28000    Line-2-Via Pitch = 0.28000
# metal5       H   Track-Pitch = 0.28000    Line-2-Via Pitch = 0.28000
# metal6       V   Track-Pitch = 0.28000    Line-2-Via Pitch = 0.28000
# metal7       H   Track-Pitch = 0.84000    Line-2-Via Pitch = 0.80000
# metal8       V   Track-Pitch = 0.84000    Line-2-Via Pitch = 0.80000
# metal9       H   Track-Pitch = 1.60000    Line-2-Via Pitch = 1.60000
# metal10      V   Track-Pitch = 1.68000    Line-2-Via Pitch = 1.60000
#Regenerating Ggrids automatically.
#Auto generating G-grids with size=15 tracks, using layer metal3's pitch = 0.14000.
#Using automatically generated G-grids.
#Done routing data preparation.
#cpu time = 00:00:00, elapsed time = 00:00:00, memory = 899.29 (MB), peak = 899.29 (MB)
#Merging special wires: starts on Fri Aug 21 00:42:30 2026 with memory = 899.55 (MB), peak = 899.55 (MB)
#
#Merging special wires: cpu:00:00:00, real:00:00:00, mem:899.7 MB, peak:899.7 MB
#WARNING (NRDB-1005) Cannot establish connection to PIN A at ( 14.18500 59.69000 ) on metal1 for NET _00305_. The NET is considered partially routed. Visually verify wiring at the specified location as the wire/via origin may not touch the PIN. This NET will be rerouted with same or different wiring.
#WARNING (NRDB-1005) Cannot establish connection to PIN Z at ( 14.52500 59.79500 ) on metal1 for NET BAD_FANOUT_PARTIAL_NET. The NET is considered partially routed. Visually verify wiring at the specified location as the wire/via origin may not touch the PIN. This NET will be rerouted with same or different wiring.
#
#Connectivity extraction summary:
#2 routed nets are extracted.
#    2 (0.02%) extracted nets are partially routed.
#12035 routed net(s) are imported.
#590 nets are fixed|skipped|trivial (not extracted).
#Total number of nets = 12627.
#
#
#Finished routing data preparation on Fri Aug 21 00:42:30 2026
#
#Cpu time = 00:00:00
#Elapsed time = 00:00:00
#Increased memory = 10.46 (MB)
#Total memory = 899.68 (MB)
#Peak memory = 899.86 (MB)
#
#
#Start global routing on Fri Aug 21 00:42:30 2026
#
#
#Start global routing initialization on Fri Aug 21 00:42:30 2026
#
#Number of eco nets is 2
#
#Start global routing data preparation on Fri Aug 21 00:42:30 2026
#
#Start routing resource analysis on Fri Aug 21 00:42:30 2026
#
#Routing resource analysis is done on Fri Aug 21 00:42:30 2026
#
#  Resource Analysis:
#
#               Routing  #Avail      #Track     #Total     %Gcell
#  Layer      Direction   Track     Blocked      Gcell    Blocked
#  --------------------------------------------------------------
#  metal1         H        1264           0        7140    64.17%
#  metal2         V         936           0        7140     0.00%
#  metal3         H        1264           0        7140     0.00%
#  metal4         V         634           0        7140     0.00%
#  metal5         H         631           0        7140     0.00%
#  metal6         V         634           0        7140     0.00%
#  metal7         H         200          10        7140     9.52%
#  metal8         V         178          33        7140     9.55%
#  metal9         H          83           1        7140     1.89%
#  metal10        V          85           0        7140     0.00%
#  --------------------------------------------------------------
#  Total                   5910       2.11%       71400     8.51%
#
#  20 nets (0.16%) with 1 preferred extra spacing.
#
#
#
#Global routing data preparation is done on Fri Aug 21 00:42:30 2026
#
#cpu time = 00:00:00, elapsed time = 00:00:00, memory = 901.90 (MB), peak = 901.90 (MB)
#
#
#Global routing initialization is done on Fri Aug 21 00:42:30 2026
#
#cpu time = 00:00:00, elapsed time = 00:00:00, memory = 902.09 (MB), peak = 902.09 (MB)
#
#start global routing iteration 1...
#cpu time = 00:00:00, elapsed time = 00:00:00, memory = 905.95 (MB), peak = 905.95 (MB)
#
#start global routing iteration 2...
#cpu time = 00:00:00, elapsed time = 00:00:00, memory = 905.95 (MB), peak = 905.95 (MB)
#
#
#Total number of trivial nets (e.g. < 2 pins) = 590 (skipped).
#Total number of routable nets = 12037.
#Total number of nets in the design = 12627.
#
#2 routable nets have only global wires.
#12035 routable nets have only detail routed wires.
#20 detail routed (routable) nets have been constrained (e.g. have preferred extra spacing, require shielding etc.)
#
#Routed nets constraints summary:
#-----------------------------
#        Rules   Unconstrained  
#-----------------------------
#      Default               2  
#-----------------------------
#        Total               2  
#-----------------------------
#
#Routing constraints summary of the whole design:
#------------------------------------------------
#        Rules   Pref Extra Space   Unconstrained  
#------------------------------------------------
#      Default                 20           12017  
#------------------------------------------------
#        Total                 20           12017  
#------------------------------------------------
#
#
#  Congestion Analysis: (blocked Gcells are excluded)
#
#                 OverCon          
#                  #Gcell    %Gcell
#     Layer           (1)   OverCon
#  --------------------------------
#  metal1        0(0.00%)   (0.00%)
#  metal2        0(0.00%)   (0.00%)
#  metal3        0(0.00%)   (0.00%)
#  metal4        0(0.00%)   (0.00%)
#  metal5        0(0.00%)   (0.00%)
#  metal6        0(0.00%)   (0.00%)
#  metal7        0(0.00%)   (0.00%)
#  metal8        0(0.00%)   (0.00%)
#  metal9        0(0.00%)   (0.00%)
#  metal10       0(0.00%)   (0.00%)
#  --------------------------------
#     Total      0(0.00%)   (0.00%)
#
#  The worst congested Gcell overcon (routing demand over resource in number of tracks) = 1
#  Overflow after GR: 0.00% H + 0.00% V
#
#Complete Global Routing.
#Total number of nets with non-default rule or having extra spacing = 20
#Total wire length = 179352 um.
#Total half perimeter of net bounding box = 158414 um.
#Total wire length on LAYER metal1 = 5490 um.
#Total wire length on LAYER metal2 = 47218 um.
#Total wire length on LAYER metal3 = 57748 um.
#Total wire length on LAYER metal4 = 24472 um.
#Total wire length on LAYER metal5 = 23825 um.
#Total wire length on LAYER metal6 = 15780 um.
#Total wire length on LAYER metal7 = 1509 um.
#Total wire length on LAYER metal8 = 1663 um.
#Total wire length on LAYER metal9 = 1647 um.
#Total wire length on LAYER metal10 = 0 um.
#Total number of vias = 91182
#Up-Via Summary (total 91182):
#           
#-----------------------
# metal1          42203
# metal2          32434
# metal3          10520
# metal4           3590
# metal5           1886
# metal6            284
# metal7            171
# metal8             94
#-----------------------
#                 91182 
#
#Max overcon = 0 track.
#Total overcon = 0.00%.
#Worst layer Gcell overcon rate = 0.00%.
#
#Global routing statistics:
#Cpu time = 00:00:00
#Elapsed time = 00:00:00
#Increased memory = 7.20 (MB)
#Total memory = 907.07 (MB)
#Peak memory = 907.07 (MB)
#
#Finished global routing on Fri Aug 21 00:42:30 2026
#
#
#cpu time = 00:00:00, elapsed time = 00:00:00, memory = 905.52 (MB), peak = 907.13 (MB)
#Start Track Assignment.
#Done with 2 horizontal wires in 1 hboxes and 1 vertical wires in 1 hboxes.
#Done with 0 horizontal wires in 1 hboxes and 1 vertical wires in 1 hboxes.
#Complete Track Assignment.
#Total number of nets with non-default rule or having extra spacing = 20
#Total wire length = 179353 um.
#Total half perimeter of net bounding box = 158414 um.
#Total wire length on LAYER metal1 = 5490 um.
#Total wire length on LAYER metal2 = 47218 um.
#Total wire length on LAYER metal3 = 57749 um.
#Total wire length on LAYER metal4 = 24472 um.
#Total wire length on LAYER metal5 = 23825 um.
#Total wire length on LAYER metal6 = 15780 um.
#Total wire length on LAYER metal7 = 1509 um.
#Total wire length on LAYER metal8 = 1663 um.
#Total wire length on LAYER metal9 = 1647 um.
#Total wire length on LAYER metal10 = 0 um.
#Total number of vias = 91182
#Up-Via Summary (total 91182):
#           
#-----------------------
# metal1          42203
# metal2          32434
# metal3          10520
# metal4           3590
# metal5           1886
# metal6            284
# metal7            171
# metal8             94
#-----------------------
#                 91182 
#
#cpu time = 00:00:01, elapsed time = 00:00:01, memory = 943.93 (MB), peak = 944.06 (MB)
#
#number of short segments in preferred routing layers
#	
#	
#
#Routing data preparation, pin analysis, global routing and track assignment statistics:
#Cpu time = 00:00:02
#Elapsed time = 00:00:02
#Increased memory = 55.17 (MB)
#Total memory = 944.06 (MB)
#Peak memory = 944.06 (MB)
#
#Start Detail Routing..
#start initial detail routing ...
# ECO: 0.0% of the total area was rechecked for DRC, and 1.5% required routing.
#   number of violations = 0
#1 out of 12781 instances (0.0%) need to be verified(marked ipoed), dirty area = 0.0%.
#0.0% of the total area is being checked for drcs
#0.0% of the total area was checked
#   number of violations = 0
#cpu time = 00:00:00, elapsed time = 00:00:00, memory = 946.09 (MB), peak = 946.09 (MB)
#Complete Detail Routing.
#Total number of nets with non-default rule or having extra spacing = 20
#Total wire length = 179353 um.
#Total half perimeter of net bounding box = 158414 um.
#Total wire length on LAYER metal1 = 5491 um.
#Total wire length on LAYER metal2 = 47218 um.
#Total wire length on LAYER metal3 = 57745 um.
#Total wire length on LAYER metal4 = 24472 um.
#Total wire length on LAYER metal5 = 23828 um.
#Total wire length on LAYER metal6 = 15780 um.
#Total wire length on LAYER metal7 = 1509 um.
#Total wire length on LAYER metal8 = 1663 um.
#Total wire length on LAYER metal9 = 1647 um.
#Total wire length on LAYER metal10 = 0 um.
#Total number of vias = 91182
#Up-Via Summary (total 91182):
#           
#-----------------------
# metal1          42203
# metal2          32434
# metal3          10520
# metal4           3590
# metal5           1886
# metal6            284
# metal7            171
# metal8             94
#-----------------------
#                 91182 
#
#Total number of DRC violations = 0
#Cpu time = 00:00:01
#Elapsed time = 00:00:01
#Increased memory = -34.54 (MB)
#Total memory = 909.52 (MB)
#Peak memory = 946.14 (MB)
#detailRoute Statistics:
#Cpu time = 00:00:01
#Elapsed time = 00:00:01
#Increased memory = -34.54 (MB)
#Total memory = 909.52 (MB)
#Peak memory = 946.14 (MB)
#Skip updating routing design signature in db-snapshot flow
#
#globalDetailRoute statistics:
#Cpu time = 00:00:03
#Elapsed time = 00:00:03
#Increased memory = 35.35 (MB)
#Total memory = 898.98 (MB)
#Peak memory = 946.14 (MB)
#Number of warnings = 5
#Total number of warnings = 5
#Number of fails = 0
#Total number of fails = 0
#Complete globalDetailRoute on Fri Aug 21 00:42:32 2026
#
#% End globalDetailRoute (date=08/21 00:42:32, total cpu=0:00:03.1, real=0:00:03.0, peak res=946.1M, current mem=899.0M)
Extraction called for design 'aes_cipher_top' of instances=12781 and nets=12627 using extraction engine 'postRoute' at effort level 'low' .
PostRoute (effortLevel low) RC Extraction called for design aes_cipher_top.
RC Extraction called in multi-corner(1) mode.
Process corner(s) are loaded.
 Corner: RC_TYP
extractDetailRC Option : -outfile /tmp/innovus_temp_15920_qingteng_host_5kEYfD/aes_cipher_top_15920_LFRjsX.rcdb.d  -extended
RC Mode: PostRoute -effortLevel low [Extended CapTable, RC Table Resistances]
      RC Corner Indexes            0   
Capacitance Scaling Factor   : 1.00000 
Coupling Cap. Scaling Factor : 1.00000 
Resistance Scaling Factor    : 1.00000 
Clock Cap. Scaling Factor    : 1.00000 
Clock Res. Scaling Factor    : 1.00000 
Shrink Factor                : 1.00000
Initializing multi-corner capacitance tables ... 
Initializing multi-corner resistance tables ...
Checking LVS Completed (CPU Time= 0:00:00.0  MEM= 1055.1M)
Extracted 10.0014% (CPU Time= 0:00:00.3  MEM= 1145.4M)
Extracted 20.0014% (CPU Time= 0:00:00.4  MEM= 1145.4M)
Extracted 30.0014% (CPU Time= 0:00:00.5  MEM= 1145.4M)
Extracted 40.0014% (CPU Time= 0:00:00.5  MEM= 1147.4M)
Extracted 50.0014% (CPU Time= 0:00:00.6  MEM= 1151.4M)
Extracted 60.0014% (CPU Time= 0:00:00.7  MEM= 1154.4M)
Extracted 70.0014% (CPU Time= 0:00:00.8  MEM= 1156.4M)
Extracted 80.0014% (CPU Time= 0:00:00.9  MEM= 1159.4M)
Extracted 90.0014% (CPU Time= 0:00:01.0  MEM= 1164.4M)
Extracted 100% (CPU Time= 0:00:01.4  MEM= 1166.4M)
Number of Extracted Resistors     : 232272
Number of Extracted Ground Cap.   : 243126
Number of Extracted Coupling Cap. : 801588
Filtering XCap in 'relativeAndCoupling' mode using values coupling_c_threshold=0.1fF, relative_c_threshold=1, and total_c_threshold=0fF.
 Corner: RC_TYP
Checking LVS Completed (CPU Time= 0:00:00.0  MEM= 1150.4M)
PostRoute (effortLevel low) RC Extraction DONE (CPU Time: 0:00:02.0  Real Time: 0:00:02.0  MEM: 1150.406M)
**WARN: (IMPOPT-6115):	ECO batchmode has been activated. Set setEcoMode -batchMode to false when done with ECO operations.
Type 'man IMPOPT-6115' for more detail.
#################################################################################
# Design Stage: PostRoute
# Design Name: aes_cipher_top
# Design Mode: 45nm
# Analysis Mode: MMMC OCV 
# Parasitics Mode: SPEF/RCDB
# Signoff Settings: SI On 
#################################################################################
Delete BAD_FANOUT_PARTIAL_FIX (BUF_X1).
**WARN: (IMPOPT-6115):	ECO batchmode has been activated. Set setEcoMode -batchMode to false when done with ECO operations.
Type 'man IMPOPT-6115' for more detail.
#################################################################################
# Design Stage: PostRoute
# Design Name: aes_cipher_top
# Design Mode: 45nm
# Analysis Mode: MMMC OCV 
# Parasitics Mode: SPEF/RCDB
# Signoff Settings: SI On 
#################################################################################
**WARN: (IMPOPT-6106):	There is mismatch between RC data and routing for net _00305_. Rebuilding the RC network for the net; coupling caps will be grounded.
**WARN: (IMPOPT-6253):	Wires for the net '_00305_' have not been cut and moved to net 'FE_OFN611_00305', because the added instance cannot drive all the necessary sink terms if the mentioned nets reuse the original routing. You can run ecoRoute to get optimized routing for these nets after ECO.
Starting Steiner route of net _00305_ ... Done.
**WARN: (IMPOPT-3706):	RC data of net '_00305_' has been disabled because it could not be updated as part of this buffer insertion. Timing results for this net may be inaccurate and may require re-extraction.
Add inst FE_OFC611_00305 (BUF_X1) to drive load _13704_/A _13736_/A1 _13799_/A1 _13812_/A1 _13913_/A _13929_/A1 _13946_/A _13985_/A _19581_/D 
*** Starting refinePlace (0:00:27.1 mem=1129.6M) ***
Move report: Detail placement moves 0 insts, mean move: 0.00 um, max move: 0.00 um
	Runtime: CPU: 0:00:00.2 REAL: 0:00:00.0 MEM: 1129.6MB
Summary Report:
Instances move: 0 (out of 11754 movable)
Instances flipped: 0
Mean displacement: 0.00 um
Max displacement: 0.00 um 
Runtime: CPU: 0:00:00.2 REAL: 0:00:00.0 MEM: 1129.6MB
*** Finished refinePlace (0:00:27.2 mem=1129.6M) ***
#% Begin globalDetailRoute (date=08/21 00:42:39, mem=955.9M)

globalDetailRoute

#WARNING (NRIF-78) The option routeWithEco combined with routeWithTimingDriven is not recommended due to possible high memory usage, increased run-time, and increased routing pattern pertubations. Please use with caution.
#setNanoRouteMode -droutePostRouteSpreadWire "auto"
#setNanoRouteMode -routeStrictlyHonorNonDefaultRule "false"
#setNanoRouteMode -routeWithEco true
#setNanoRouteMode -routeWithSiDriven false
#setNanoRouteMode -routeWithTimingDriven true
#Start globalDetailRoute on Fri Aug 21 00:42:39 2026
#
Initializing multi-corner capacitance tables ... 
Initializing multi-corner resistance tables ...
#num needed restored net=0
#need_extraction net=0 (total=12627)
#Processed 0 dirty instances, 10 dirty terms, 0 dirty fterms, 0 dirty pgterms, 0 misc dirty regions, 0 same cell-size swaps
#(0 insts marked dirty, reset pre-exisiting dirty flag on 1 inst, 0 nets marked need extraction)
#NanoRoute Version 19.10-p002_1 NR190418-1643/19_10-UB
#Skip comparing routing design signature in db-snapshot flow
#Start routing data preparation on Fri Aug 21 00:42:40 2026
#
#Minimum voltage of a net in the design = 0.000.
#Maximum voltage of a net in the design = 1.100.
#Voltage range [0.000 - 1.100] has 12625 nets.
#Voltage range [1.100 - 1.100] has 1 net.
#Voltage range [0.000 - 0.000] has 1 net.
# metal1       H   Track-Pitch = 0.14000    Line-2-Via Pitch = 0.13500
# metal2       V   Track-Pitch = 0.19000    Line-2-Via Pitch = 0.14000
# metal3       H   Track-Pitch = 0.14000    Line-2-Via Pitch = 0.14000
# metal4       V   Track-Pitch = 0.28000    Line-2-Via Pitch = 0.28000
# metal5       H   Track-Pitch = 0.28000    Line-2-Via Pitch = 0.28000
# metal6       V   Track-Pitch = 0.28000    Line-2-Via Pitch = 0.28000
# metal7       H   Track-Pitch = 0.84000    Line-2-Via Pitch = 0.80000
# metal8       V   Track-Pitch = 0.84000    Line-2-Via Pitch = 0.80000
# metal9       H   Track-Pitch = 1.60000    Line-2-Via Pitch = 1.60000
# metal10      V   Track-Pitch = 1.68000    Line-2-Via Pitch = 1.60000
#Regenerating Ggrids automatically.
#Auto generating G-grids with size=15 tracks, using layer metal3's pitch = 0.14000.
#Using automatically generated G-grids.
#Done routing data preparation.
#cpu time = 00:00:00, elapsed time = 00:00:00, memory = 948.56 (MB), peak = 1048.44 (MB)
#Merging special wires: starts on Fri Aug 21 00:42:40 2026 with memory = 948.89 (MB), peak = 1048.44 (MB)
#
#Merging special wires: cpu:00:00:00, real:00:00:00, mem:949.0 MB, peak:1.0 GB
#
#Finished routing data preparation on Fri Aug 21 00:42:40 2026
#
#Cpu time = 00:00:00
#Elapsed time = 00:00:00
#Increased memory = 5.11 (MB)
#Total memory = 949.00 (MB)
#Peak memory = 1048.44 (MB)
#
#
#Start global routing on Fri Aug 21 00:42:40 2026
#
#
#Start global routing initialization on Fri Aug 21 00:42:40 2026
#
#Number of eco nets is 1
#
#Start global routing data preparation on Fri Aug 21 00:42:40 2026
#
#Start routing resource analysis on Fri Aug 21 00:42:40 2026
#
#Routing resource analysis is done on Fri Aug 21 00:42:40 2026
#
#  Resource Analysis:
#
#               Routing  #Avail      #Track     #Total     %Gcell
#  Layer      Direction   Track     Blocked      Gcell    Blocked
#  --------------------------------------------------------------
#  metal1         H        1264           0        7140    64.17%
#  metal2         V         936           0        7140     0.00%
#  metal3         H        1264           0        7140     0.00%
#  metal4         V         634           0        7140     0.00%
#  metal5         H         631           0        7140     0.00%
#  metal6         V         634           0        7140     0.00%
#  metal7         H         200          10        7140     9.52%
#  metal8         V         178          33        7140     9.55%
#  metal9         H          83           1        7140     1.89%
#  metal10        V          85           0        7140     0.00%
#  --------------------------------------------------------------
#  Total                   5910       2.11%       71400     8.51%
#
#  20 nets (0.16%) with 1 preferred extra spacing.
#
#
#
#Global routing data preparation is done on Fri Aug 21 00:42:40 2026
#
#cpu time = 00:00:00, elapsed time = 00:00:00, memory = 950.75 (MB), peak = 1048.44 (MB)
#
#
#Global routing initialization is done on Fri Aug 21 00:42:40 2026
#
#cpu time = 00:00:00, elapsed time = 00:00:00, memory = 950.75 (MB), peak = 1048.44 (MB)
#
#start global routing iteration 1...
#cpu time = 00:00:00, elapsed time = 00:00:00, memory = 954.53 (MB), peak = 1048.44 (MB)
#
#start global routing iteration 2...
#cpu time = 00:00:00, elapsed time = 00:00:00, memory = 954.53 (MB), peak = 1048.44 (MB)
#
#
#Total number of trivial nets (e.g. < 2 pins) = 590 (skipped).
#Total number of routable nets = 12037.
#Total number of nets in the design = 12627.
#
#2 routable nets have only global wires.
#12035 routable nets have only detail routed wires.
#20 detail routed (routable) nets have been constrained (e.g. have preferred extra spacing, require shielding etc.)
#
#Routed nets constraints summary:
#-----------------------------
#        Rules   Unconstrained  
#-----------------------------
#      Default               2  
#-----------------------------
#        Total               2  
#-----------------------------
#
#Routing constraints summary of the whole design:
#------------------------------------------------
#        Rules   Pref Extra Space   Unconstrained  
#------------------------------------------------
#      Default                 20           12017  
#------------------------------------------------
#        Total                 20           12017  
#------------------------------------------------
#
#
#  Congestion Analysis: (blocked Gcells are excluded)
#
#                 OverCon          
#                  #Gcell    %Gcell
#     Layer           (1)   OverCon
#  --------------------------------
#  metal1        0(0.00%)   (0.00%)
#  metal2        6(0.08%)   (0.08%)
#  metal3        0(0.00%)   (0.00%)
#  metal4        0(0.00%)   (0.00%)
#  metal5        0(0.00%)   (0.00%)
#  metal6        0(0.00%)   (0.00%)
#  metal7        0(0.00%)   (0.00%)
#  metal8        0(0.00%)   (0.00%)
#  metal9        0(0.00%)   (0.00%)
#  metal10       0(0.00%)   (0.00%)
#  --------------------------------
#     Total      6(0.01%)   (0.01%)
#
#  The worst congested Gcell overcon (routing demand over resource in number of tracks) = 1
#  Overflow after GR: 0.00% H + 0.01% V
#
#Complete Global Routing.
#Total number of nets with non-default rule or having extra spacing = 20
#Total wire length = 179332 um.
#Total half perimeter of net bounding box = 158411 um.
#Total wire length on LAYER metal1 = 5488 um.
#Total wire length on LAYER metal2 = 47220 um.
#Total wire length on LAYER metal3 = 57750 um.
#Total wire length on LAYER metal4 = 24470 um.
#Total wire length on LAYER metal5 = 23810 um.
#Total wire length on LAYER metal6 = 15776 um.
#Total wire length on LAYER metal7 = 1509 um.
#Total wire length on LAYER metal8 = 1663 um.
#Total wire length on LAYER metal9 = 1647 um.
#Total wire length on LAYER metal10 = 0 um.
#Total number of vias = 91174
#Up-Via Summary (total 91174):
#           
#-----------------------
# metal1          42204
# metal2          32433
# metal3          10517
# metal4           3587
# metal5           1884
# metal6            284
# metal7            171
# metal8             94
#-----------------------
#                 91174 
#
#Max overcon = 1 tracks.
#Total overcon = 0.01%.
#Worst layer Gcell overcon rate = 0.00%.
#
#Global routing statistics:
#Cpu time = 00:00:01
#Elapsed time = 00:00:01
#Increased memory = 6.52 (MB)
#Total memory = 955.53 (MB)
#Peak memory = 1048.44 (MB)
#
#Finished global routing on Fri Aug 21 00:42:41 2026
#
#
#cpu time = 00:00:00, elapsed time = 00:00:00, memory = 953.88 (MB), peak = 1048.44 (MB)
#Start Track Assignment.
#Done with 5 horizontal wires in 1 hboxes and 5 vertical wires in 1 hboxes.
#Done with 0 horizontal wires in 1 hboxes and 1 vertical wires in 1 hboxes.
#Complete Track Assignment.
#Total number of nets with non-default rule or having extra spacing = 20
#Total wire length = 179337 um.
#Total half perimeter of net bounding box = 158411 um.
#Total wire length on LAYER metal1 = 5490 um.
#Total wire length on LAYER metal2 = 47219 um.
#Total wire length on LAYER metal3 = 57751 um.
#Total wire length on LAYER metal4 = 24472 um.
#Total wire length on LAYER metal5 = 23810 um.
#Total wire length on LAYER metal6 = 15776 um.
#Total wire length on LAYER metal7 = 1509 um.
#Total wire length on LAYER metal8 = 1663 um.
#Total wire length on LAYER metal9 = 1647 um.
#Total wire length on LAYER metal10 = 0 um.
#Total number of vias = 91174
#Up-Via Summary (total 91174):
#           
#-----------------------
# metal1          42204
# metal2          32433
# metal3          10517
# metal4           3587
# metal5           1884
# metal6            284
# metal7            171
# metal8             94
#-----------------------
#                 91174 
#
#cpu time = 00:00:01, elapsed time = 00:00:01, memory = 989.40 (MB), peak = 1048.44 (MB)
#
#number of short segments in preferred routing layers
#	
#	
#
#Routing data preparation, pin analysis, global routing and track assignment statistics:
#Cpu time = 00:00:02
#Elapsed time = 00:00:02
#Increased memory = 45.59 (MB)
#Total memory = 989.40 (MB)
#Peak memory = 1048.44 (MB)
#
#Start Detail Routing..
#start initial detail routing ...
# ECO: 0.0% of the total area was rechecked for DRC, and 3.1% required routing.
#   number of violations = 0
#0 out of 12781 instances (0.0%) need to be verified(marked ipoed), dirty area = 0.0%.
#0.0% of the total area was checked
#   number of violations = 0
#cpu time = 00:00:00, elapsed time = 00:00:00, memory = 990.37 (MB), peak = 1048.44 (MB)
#Complete Detail Routing.
#Total number of nets with non-default rule or having extra spacing = 20
#Total wire length = 179339 um.
#Total half perimeter of net bounding box = 158411 um.
#Total wire length on LAYER metal1 = 5490 um.
#Total wire length on LAYER metal2 = 47219 um.
#Total wire length on LAYER metal3 = 57750 um.
#Total wire length on LAYER metal4 = 24474 um.
#Total wire length on LAYER metal5 = 23811 um.
#Total wire length on LAYER metal6 = 15776 um.
#Total wire length on LAYER metal7 = 1509 um.
#Total wire length on LAYER metal8 = 1663 um.
#Total wire length on LAYER metal9 = 1647 um.
#Total wire length on LAYER metal10 = 0 um.
#Total number of vias = 91184
#Up-Via Summary (total 91184):
#           
#-----------------------
# metal1          42205
# metal2          32436
# metal3          10523
# metal4           3587
# metal5           1884
# metal6            284
# metal7            171
# metal8             94
#-----------------------
#                 91184 
#
#Total number of DRC violations = 0
#Cpu time = 00:00:01
#Elapsed time = 00:00:01
#Increased memory = -31.68 (MB)
#Total memory = 957.72 (MB)
#Peak memory = 1048.44 (MB)
#detailRoute Statistics:
#Cpu time = 00:00:01
#Elapsed time = 00:00:01
#Increased memory = -31.68 (MB)
#Total memory = 957.72 (MB)
#Peak memory = 1048.44 (MB)
#Skip updating routing design signature in db-snapshot flow
#
#globalDetailRoute statistics:
#Cpu time = 00:00:03
#Elapsed time = 00:00:03
#Increased memory = -16.55 (MB)
#Total memory = 939.33 (MB)
#Peak memory = 1048.44 (MB)
#Number of warnings = 1
#Total number of warnings = 6
#Number of fails = 0
#Total number of fails = 0
#Complete globalDetailRoute on Fri Aug 21 00:42:42 2026
#
#% End globalDetailRoute (date=08/21 00:42:42, total cpu=0:00:03.2, real=0:00:03.0, peak res=955.9M, current mem=939.4M)
Extraction called for design 'aes_cipher_top' of instances=12781 and nets=12627 using extraction engine 'postRoute' at effort level 'low' .
PostRoute (effortLevel low) RC Extraction called for design aes_cipher_top.
RC Extraction called in multi-corner(1) mode.
Process corner(s) are loaded.
 Corner: RC_TYP
extractDetailRC Option : -outfile /tmp/innovus_temp_15920_qingteng_host_5kEYfD/aes_cipher_top_15920_LFRjsX.rcdb.d -maxResLength 200  -extended
RC Mode: PostRoute -effortLevel low [Extended CapTable, RC Table Resistances]
      RC Corner Indexes            0   
Capacitance Scaling Factor   : 1.00000 
Coupling Cap. Scaling Factor : 1.00000 
Resistance Scaling Factor    : 1.00000 
Clock Cap. Scaling Factor    : 1.00000 
Clock Res. Scaling Factor    : 1.00000 
Shrink Factor                : 1.00000
Initializing multi-corner capacitance tables ... 
Initializing multi-corner resistance tables ...
Checking LVS Completed (CPU Time= 0:00:00.0  MEM= 1098.9M)
Extracted 10.0009% (CPU Time= 0:00:00.4  MEM= 1189.3M)
Extracted 20.001% (CPU Time= 0:00:00.4  MEM= 1189.3M)
Extracted 30.0011% (CPU Time= 0:00:00.5  MEM= 1189.3M)
Extracted 40.0013% (CPU Time= 0:00:00.6  MEM= 1189.3M)
Extracted 50.0014% (CPU Time= 0:00:00.6  MEM= 1189.3M)
Extracted 60.0009% (CPU Time= 0:00:00.7  MEM= 1189.3M)
Extracted 70.001% (CPU Time= 0:00:00.8  MEM= 1189.3M)
Extracted 80.0011% (CPU Time= 0:00:00.9  MEM= 1191.3M)
Extracted 90.0013% (CPU Time= 0:00:01.0  MEM= 1197.3M)
Extracted 100% (CPU Time= 0:00:01.4  MEM= 1198.3M)
Number of Extracted Resistors     : 232272
Number of Extracted Ground Cap.   : 243131
Number of Extracted Coupling Cap. : 801528
Filtering XCap in 'relativeAndCoupling' mode using values coupling_c_threshold=0.1fF, relative_c_threshold=1, and total_c_threshold=0fF.
 Corner: RC_TYP
Checking LVS Completed (CPU Time= 0:00:00.0  MEM= 1178.3M)
PostRoute (effortLevel low) RC Extraction DONE (CPU Time: 0:00:01.9  Real Time: 0:00:03.0  MEM: 1178.266M)
Extraction called for design 'aes_cipher_top' of instances=12781 and nets=12627 using extraction engine 'postRoute' at effort level 'low' .
PostRoute (effortLevel low) RC Extraction called for design aes_cipher_top.
RC Extraction called in multi-corner(1) mode.
Process corner(s) are loaded.
 Corner: RC_TYP
extractDetailRC Option : -outfile /tmp/innovus_temp_15920_qingteng_host_5kEYfD/aes_cipher_top_15920_LFRjsX.rcdb.d -maxResLength 200  -extended
RC Mode: PostRoute -effortLevel low [Extended CapTable, RC Table Resistances]
      RC Corner Indexes            0   
Capacitance Scaling Factor   : 1.00000 
Coupling Cap. Scaling Factor : 1.00000 
Resistance Scaling Factor    : 1.00000 
Clock Cap. Scaling Factor    : 1.00000 
Clock Res. Scaling Factor    : 1.00000 
Shrink Factor                : 1.00000
Initializing multi-corner capacitance tables ... 
Initializing multi-corner resistance tables ...
Checking LVS Completed (CPU Time= 0:00:00.0  MEM= 1116.3M)
Extracted 10.0009% (CPU Time= 0:00:00.3  MEM= 1190.6M)
Extracted 20.001% (CPU Time= 0:00:00.4  MEM= 1190.6M)
Extracted 30.0011% (CPU Time= 0:00:00.4  MEM= 1190.6M)
Extracted 40.0013% (CPU Time= 0:00:00.5  MEM= 1190.6M)
Extracted 50.0014% (CPU Time= 0:00:00.6  MEM= 1190.6M)
Extracted 60.0009% (CPU Time= 0:00:00.6  MEM= 1190.6M)
Extracted 70.001% (CPU Time= 0:00:00.7  MEM= 1190.6M)
Extracted 80.0011% (CPU Time= 0:00:00.8  MEM= 1190.6M)
Extracted 90.0013% (CPU Time= 0:00:01.0  MEM= 1196.6M)
Extracted 100% (CPU Time= 0:00:01.4  MEM= 1198.6M)
Number of Extracted Resistors     : 232272
Number of Extracted Ground Cap.   : 243131
Number of Extracted Coupling Cap. : 801528
Filtering XCap in 'relativeAndCoupling' mode using values coupling_c_threshold=0.1fF, relative_c_threshold=1, and total_c_threshold=0fF.
 Corner: RC_TYP
Checking LVS Completed (CPU Time= 0:00:00.0  MEM= 1178.6M)
PostRoute (effortLevel low) RC Extraction DONE (CPU Time: 0:00:01.9  Real Time: 0:00:01.0  MEM: 1178.586M)
VERIFY_CONNECTIVITY use new engine.

******** Start: VERIFY CONNECTIVITY ********
Start Time: Fri Aug 21 00:42:56 2026

Design Name: aes_cipher_top
Database Units: 2000
Design Boundary: (0.0000, 0.0000) (177.8400, 176.9600)
Error Limit = 1000; Warning Limit = 1000
Check all nets
**** 00:42:56 **** Processed 5000 nets.
**** 00:42:56 **** Processed 10000 nets.

Begin Summary 
  Found no problems or warnings.
End Summary

End Time: Fri Aug 21 00:42:56 2026
Time Elapsed: 0:00:00.0

******** End: VERIFY CONNECTIVITY ********
  Verification Complete : 0 Viols.  0 Wrngs.
  (CPU Time: 0:00:00.5  MEM: 0.000M)

#-report /home/host/max_fanout_delete_repeater_20260820/atomic_runtime/09_failure_recovery/verifier_reports/drc.rpt # string, default="", user setting
 *** Starting Verify DRC (MEM: 1167.5) ***

  VERIFY DRC ...... Starting Verification
  VERIFY DRC ...... Initializing
  VERIFY DRC ...... Deleting Existing Violations
  VERIFY DRC ...... Creating Sub-Areas
  VERIFY DRC ...... Using new threading
  VERIFY DRC ...... Sub-Area: {0.000 0.000 59.400 59.400} 1 of 9
  VERIFY DRC ...... Sub-Area : 1 complete 0 Viols.
  VERIFY DRC ...... Sub-Area: {59.400 0.000 118.800 59.400} 2 of 9
  VERIFY DRC ...... Sub-Area : 2 complete 0 Viols.
  VERIFY DRC ...... Sub-Area: {118.800 0.000 177.840 59.400} 3 of 9
  VERIFY DRC ...... Sub-Area : 3 complete 0 Viols.
  VERIFY DRC ...... Sub-Area: {0.000 59.400 59.400 118.800} 4 of 9
  VERIFY DRC ...... Sub-Area : 4 complete 0 Viols.
  VERIFY DRC ...... Sub-Area: {59.400 59.400 118.800 118.800} 5 of 9
  VERIFY DRC ...... Sub-Area : 5 complete 0 Viols.
  VERIFY DRC ...... Sub-Area: {118.800 59.400 177.840 118.800} 6 of 9
  VERIFY DRC ...... Sub-Area : 6 complete 0 Viols.
  VERIFY DRC ...... Sub-Area: {0.000 118.800 59.400 176.960} 7 of 9
  VERIFY DRC ...... Sub-Area : 7 complete 0 Viols.
  VERIFY DRC ...... Sub-Area: {59.400 118.800 118.800 176.960} 8 of 9
  VERIFY DRC ...... Sub-Area : 8 complete 0 Viols.
  VERIFY DRC ...... Sub-Area: {118.800 118.800 177.840 176.960} 9 of 9
  VERIFY DRC ...... Sub-Area : 9 complete 0 Viols.

  Verification Complete : 0 Viols.

 *** End Verify DRC (CPU: 0:00:01.6  ELAPSED TIME: 2.00  MEM: 33.0M) ***

MAX_FANOUT_ATOMIC_09_COMPLETE setup=0.390 hold=0.026

*** Memory Usage v#1 (Current mem = 1162.531M, initial mem = 262.344M) ***
*** Message Summary: 33 warning(s), 5 error(s)

--- Ending "Innovus" (totcpu=0:00:45.7, real=0:00:41.0, mem=1162.5M) ---

