
Cadence Innovus(TM) Implementation System.
Copyright 2019 Cadence Design Systems, Inc. All rights reserved worldwide.

Version:	v19.10-p002_1, built Fri Apr 19 15:18:11 PDT 2019
Options:	-nowin -execute set probe_candidate clkbuf3 -files /home/host/hold_upsize_probe_20260820/hold_upsize_probe.tcl 
Date:		Thu Aug 20 22:38:37 2026
Host:		qingteng (x86_64 w/Linux 4.14.174) (4cores*4cpus*Intel(R) Xeon(R) Processor @ 2.90GHz 22528KB)
OS:		CentOS Linux release 7.9.2009 (Core)

License:
		invs	Innovus Implementation System	19.1	checkout succeeded
		8 CPU jobs allowed with the current license(s). Use setMultiCpuUsage to set your required CPU count.
**ERROR: (IMPOAX-142):	Could not open shared library libinnovusoax22.so : liboaDesign.so: cannot open shared object file: No such file or directory

**ERROR: (IMPOAX-142):	Could not open shared library libcdsSkillPcell.so : /opt/cadence/INNOVUS/tools.lnx86/lib/64bit/libcdsSkillPcell.so: undefined symbol: _ZTIN12OpenAccess_413oaFSComponentE

**ERROR: (IMPOAX-142):	OA features will be disabled in this session.

Create and set the environment variable TMPDIR to /tmp/innovus_temp_2184_qingteng_host_jpdETE.

Change the soft stacksize limit to 0.2%RAM (15 mbytes). Set global soft_stack_size_limit to change the value.

**INFO:  MMMC transition support version v31-84 

Executing cmd 'set probe_candidate clkbuf3' ...
Sourcing file "/home/host/hold_upsize_probe_20260820/hold_upsize_probe.tcl" ...
#% Begin load design ... (date=08/20 22:38:46, mem=464.1M)
Set Default Input Pin Transition as 0.1 ps.
Loading design 'aes_cipher_top' saved by 'Innovus' '19.10-p002_1' on 'Fri Aug 14 20:29:52 2026'.
**ERROR: (IMPOAX-820):	The OA features are disabled in the current session of Innovus because the oax shared library could not be loaded properly. This could be because your installation was not properly configured. To enable OA features, exit the current session and re-launch Innovus either after fixing your installation by running the Configure Installation phase, or after setting the OA_HOME variable to point to a proper OA installation. Check the "OpenAccess Installation and Configuration Guide" manual for more information.

**ERROR: (IMPOAX-850):	oaxCreateCdsLibArray command cannot be run as OA features are disabled in this session.
% Begin Load MMMC data ... (date=08/20 22:38:46, mem=465.8M)
% End Load MMMC data ... (date=08/20 22:38:46, total cpu=0:00:00.0, real=0:00:00.0, peak res=466.1M, current mem=466.1M)

Loading LEF file /home/host/hold_upsize_probe_20260820/baseline/aes_route.enc.dat/libs/lef/NangateOpenCellLibrary.tech.lef ...

Loading LEF file /home/host/hold_upsize_probe_20260820/baseline/aes_route.enc.dat/libs/lef/NangateOpenCellLibrary.macro.mod.lef ...
Set DBUPerIGU to M2 pitch 380.

viaInitial starts at Thu Aug 20 22:38:46 2026
viaInitial ends at Thu Aug 20 22:38:46 2026

##  Check design process and node:  
##  Both design process and tech node are not set.

Loading view definition file from /home/host/hold_upsize_probe_20260820/baseline/aes_route.enc.dat/viewDefinition.tcl
Reading LIBSET_TYP timing library '/home/host/hold_upsize_probe_20260820/baseline/aes_route.enc.dat/libs/mmmc/NangateOpenCellLibrary_typical.lib' ...
**WARN: (TECHLIB-436):	Attribute 'max_fanout' on 'output/inout' pin 'ZN' of cell 'AND2_X1' is not defined in the library. (File /home/host/hold_upsize_probe_20260820/baseline/aes_route.enc.dat/libs/mmmc/NangateOpenCellLibrary_typical.lib)
**WARN: (TECHLIB-436):	Attribute 'max_fanout' on 'output/inout' pin 'ZN' of cell 'AND2_X2' is not defined in the library. (File /home/host/hold_upsize_probe_20260820/baseline/aes_route.enc.dat/libs/mmmc/NangateOpenCellLibrary_typical.lib)
**WARN: (TECHLIB-436):	Attribute 'max_fanout' on 'output/inout' pin 'ZN' of cell 'AND2_X4' is not defined in the library. (File /home/host/hold_upsize_probe_20260820/baseline/aes_route.enc.dat/libs/mmmc/NangateOpenCellLibrary_typical.lib)
**WARN: (TECHLIB-436):	Attribute 'max_fanout' on 'output/inout' pin 'ZN' of cell 'AND3_X1' is not defined in the library. (File /home/host/hold_upsize_probe_20260820/baseline/aes_route.enc.dat/libs/mmmc/NangateOpenCellLibrary_typical.lib)
**WARN: (TECHLIB-436):	Attribute 'max_fanout' on 'output/inout' pin 'ZN' of cell 'AND3_X2' is not defined in the library. (File /home/host/hold_upsize_probe_20260820/baseline/aes_route.enc.dat/libs/mmmc/NangateOpenCellLibrary_typical.lib)
**WARN: (TECHLIB-436):	Attribute 'max_fanout' on 'output/inout' pin 'ZN' of cell 'AND3_X4' is not defined in the library. (File /home/host/hold_upsize_probe_20260820/baseline/aes_route.enc.dat/libs/mmmc/NangateOpenCellLibrary_typical.lib)
**WARN: (TECHLIB-436):	Attribute 'max_fanout' on 'output/inout' pin 'ZN' of cell 'AND4_X1' is not defined in the library. (File /home/host/hold_upsize_probe_20260820/baseline/aes_route.enc.dat/libs/mmmc/NangateOpenCellLibrary_typical.lib)
**WARN: (TECHLIB-436):	Attribute 'max_fanout' on 'output/inout' pin 'ZN' of cell 'AND4_X2' is not defined in the library. (File /home/host/hold_upsize_probe_20260820/baseline/aes_route.enc.dat/libs/mmmc/NangateOpenCellLibrary_typical.lib)
**WARN: (TECHLIB-436):	Attribute 'max_fanout' on 'output/inout' pin 'ZN' of cell 'AND4_X4' is not defined in the library. (File /home/host/hold_upsize_probe_20260820/baseline/aes_route.enc.dat/libs/mmmc/NangateOpenCellLibrary_typical.lib)
**WARN: (TECHLIB-436):	Attribute 'max_fanout' on 'output/inout' pin 'ZN' of cell 'AOI21_X1' is not defined in the library. (File /home/host/hold_upsize_probe_20260820/baseline/aes_route.enc.dat/libs/mmmc/NangateOpenCellLibrary_typical.lib)
**WARN: (TECHLIB-436):	Attribute 'max_fanout' on 'output/inout' pin 'ZN' of cell 'AOI21_X2' is not defined in the library. (File /home/host/hold_upsize_probe_20260820/baseline/aes_route.enc.dat/libs/mmmc/NangateOpenCellLibrary_typical.lib)
**WARN: (TECHLIB-436):	Attribute 'max_fanout' on 'output/inout' pin 'ZN' of cell 'AOI21_X4' is not defined in the library. (File /home/host/hold_upsize_probe_20260820/baseline/aes_route.enc.dat/libs/mmmc/NangateOpenCellLibrary_typical.lib)
**WARN: (TECHLIB-436):	Attribute 'max_fanout' on 'output/inout' pin 'ZN' of cell 'AOI22_X1' is not defined in the library. (File /home/host/hold_upsize_probe_20260820/baseline/aes_route.enc.dat/libs/mmmc/NangateOpenCellLibrary_typical.lib)
**WARN: (TECHLIB-436):	Attribute 'max_fanout' on 'output/inout' pin 'ZN' of cell 'AOI22_X2' is not defined in the library. (File /home/host/hold_upsize_probe_20260820/baseline/aes_route.enc.dat/libs/mmmc/NangateOpenCellLibrary_typical.lib)
**WARN: (TECHLIB-436):	Attribute 'max_fanout' on 'output/inout' pin 'ZN' of cell 'AOI22_X4' is not defined in the library. (File /home/host/hold_upsize_probe_20260820/baseline/aes_route.enc.dat/libs/mmmc/NangateOpenCellLibrary_typical.lib)
**WARN: (TECHLIB-436):	Attribute 'max_fanout' on 'output/inout' pin 'ZN' of cell 'AOI211_X1' is not defined in the library. (File /home/host/hold_upsize_probe_20260820/baseline/aes_route.enc.dat/libs/mmmc/NangateOpenCellLibrary_typical.lib)
**WARN: (TECHLIB-436):	Attribute 'max_fanout' on 'output/inout' pin 'ZN' of cell 'AOI211_X2' is not defined in the library. (File /home/host/hold_upsize_probe_20260820/baseline/aes_route.enc.dat/libs/mmmc/NangateOpenCellLibrary_typical.lib)
**WARN: (TECHLIB-436):	Attribute 'max_fanout' on 'output/inout' pin 'ZN' of cell 'AOI211_X4' is not defined in the library. (File /home/host/hold_upsize_probe_20260820/baseline/aes_route.enc.dat/libs/mmmc/NangateOpenCellLibrary_typical.lib)
**WARN: (TECHLIB-436):	Attribute 'max_fanout' on 'output/inout' pin 'ZN' of cell 'AOI221_X1' is not defined in the library. (File /home/host/hold_upsize_probe_20260820/baseline/aes_route.enc.dat/libs/mmmc/NangateOpenCellLibrary_typical.lib)
**WARN: (TECHLIB-436):	Attribute 'max_fanout' on 'output/inout' pin 'ZN' of cell 'AOI221_X2' is not defined in the library. (File /home/host/hold_upsize_probe_20260820/baseline/aes_route.enc.dat/libs/mmmc/NangateOpenCellLibrary_typical.lib)
Message <TECHLIB-436> has exceeded the message display limit of '20'. Use 'set_message -no_limit -id list_of_msgIDs' to reset the message limit.
Read 135 cells in library 'NangateOpenCellLibrary' 
*** End library_loading (cpu=0.01min, real=0.00min, mem=27.9M, fe_cpu=0.25min, fe_real=0.15min, fe_mem=601.7M) ***
% Begin Load netlist data ... (date=08/20 22:38:46, mem=483.3M)
*** Begin netlist parsing (mem=601.7M) ***
**WARN: (IMPVL-159):	Pin 'Z' of cell 'LOGIC1_X1' is defined in LEF but not in the timing library.
**WARN: (IMPVL-159):	Pin 'Z' of cell 'LOGIC0_X1' is defined in LEF but not in the timing library.
Created 135 new cells from 1 timing libraries.
Reading netlist ...
Backslashed names will retain backslash and a trailing blank character.
Reading verilogBinary netlist '/home/host/hold_upsize_probe_20260820/baseline/aes_route.enc.dat/vbin/aes_cipher_top.v.bin'
Reading binary database version 2 in 1-threaded mode

*** Memory Usage v#1 (Current mem = 616.703M, initial mem = 262.344M) ***
*** End netlist parsing (cpu=0:00:00.0, real=0:00:00.0, mem=616.7M) ***
% End Load netlist data ... (date=08/20 22:38:46, total cpu=0:00:00.0, real=0:00:00.0, peak res=492.3M, current mem=492.3M)
Set top cell to aes_cipher_top.
**WARN: (IMPTS-124):	Timing library description of pin 'Z' is missing from cell 'LOGIC1_X1' in timing library 'NangateOpenCellLibrary'.
**WARN: (IMPTS-124):	Timing library description of pin 'Z' is missing from cell 'LOGIC0_X1' in timing library 'NangateOpenCellLibrary'.
Hooked 135 DB cells to tlib cells.
Starting recursive module instantiation check.
No recursion found.
Building hierarchical netlist for Cell aes_cipher_top ...
*** Netlist is unique.
** info: there are 136 modules.
** info: there are 11773 stdCell insts.

*** Memory Usage v#1 (Current mem = 648.617M, initial mem = 262.344M) ***
*info: set bottom ioPad orient R0
Generated pitch 1.68 in metal10 is different from 1.6 defined in technology file in preferred direction.
Generated pitch 0.84 in metal8 is different from 0.8 defined in technology file in preferred direction.
Generated pitch 0.84 in metal7 is different from 0.8 defined in technology file in preferred direction.
Set Default Net Delay as 1000 ps.
Set Default Net Load as 0.5 pF. 
Set Default Input Pin Transition as 0.1 ps.
Loading preference file /home/host/hold_upsize_probe_20260820/baseline/aes_route.enc.dat/gui.pref.tcl ...
##  Process: 45            (User Set)               
##     Node: (not set)                           

##  Check design process and node:  
##  Design tech node is not set.

Applying the recommended capacitance filtering threshold values for 45nm process node: total_c_th=0, relative_c_th=1 and coupling_c_th=0.1.
	These values will be used by all post-route extraction engines, including TQuantus, IQuantus and Quantus QRC extraction.
	Capacitance filtering mode(-capFilterMode option of the setExtractRCMode) is 'relAndCoup' for all engines.
	The accuracy mode for postRoute effortLevel low extraction will be set to 'high'.
	Default value for EffortLevel(-effortLevel option of the setExtractRCMode) in postRoute extraction mode will be 'medium' if Quantus QRC technology file is specified else 'low'.
**WARN: (IMPTCM-77):	Option "-drouteStartIteration" for command setNanoRouteMode is obsolete and will be removed in a future release. The obsolete option still works in this release but to avoid this warning and to ensure compatibility with future releases, remove the obsolete option from your script.
*Info: initialize multi-corner CTS.
Reading timing constraints file '/home/host/hold_upsize_probe_20260820/baseline/aes_route.enc.dat/mmmc/modes/FUNC/FUNC.sdc' ...
Current (total cpu=0:00:15.3, real=0:00:10.0, peak res=662.2M, current mem=662.2M)
aes_cipher_top
INFO (CTE): Constraints read successfully.
Ending "Constraint file reading stats" (total cpu=0:00:00.1, real=0:00:00.0, peak res=681.7M, current mem=681.7M)
Current (total cpu=0:00:15.4, real=0:00:10.0, peak res=681.7M, current mem=681.7M)
Reading latency file '/home/host/hold_upsize_probe_20260820/baseline/aes_route.enc.dat/mmmc/views/VIEW_TYP/latency.sdc' ...
Total number of combinational cells: 100
Total number of sequential cells: 29
Total number of tristate cells: 6
Total number of level shifter cells: 0
Total number of power gating cells: 0
Total number of isolation cells: 0
Total number of power switch cells: 0
Total number of pulse generator cells: 0
Total number of always on buffers: 0
Total number of retention cells: 0
List of usable buffers: BUF_X1 BUF_X2 BUF_X4 BUF_X8 BUF_X16 BUF_X32 CLKBUF_X1 CLKBUF_X2 CLKBUF_X3
Total number of usable buffers: 9
List of unusable buffers:
Total number of unusable buffers: 0
List of usable inverters: INV_X1 INV_X2 INV_X4 INV_X8 INV_X16 INV_X32
Total number of usable inverters: 6
List of unusable inverters:
Total number of unusable inverters: 0
List of identified usable delay cells:
Total number of identified usable delay cells: 0
List of identified unusable delay cells:
Total number of identified unusable delay cells: 0
No delay cells were detected in the set of buffers. Buffers will be used to fix hold violations.
Reading floorplan file - /home/host/hold_upsize_probe_20260820/baseline/aes_route.enc.dat/aes_cipher_top.fp.gz (mem = 850.1M).
% Begin Load floorplan data ... (date=08/20 22:38:47, mem=704.4M)
*info: reset 12627 existing net BottomPreferredLayer and AvoidDetour
net ignore based on current view = 0
Deleting old partition specification.
Set FPlanBox to (0 0 355680 353920)
Generated pitch 1.68 in metal10 is different from 1.6 defined in technology file in preferred direction.
Generated pitch 0.84 in metal8 is different from 0.8 defined in technology file in preferred direction.
Generated pitch 0.84 in metal7 is different from 0.8 defined in technology file in preferred direction.
 ... processed partition successfully.
Reading binary special route file /home/host/hold_upsize_probe_20260820/baseline/aes_route.enc.dat/aes_cipher_top.fp.spr.gz (Created by Innovus v19.10-p002_1 on Fri Aug 14 20:29:51 2026, version: 1)
There are 20 nets with weight being set
There are 20 nets with bottomPreferredRoutingLayer being set
There are 20 nets with avoidDetour being set
Extracting standard cell pins and blockage ...... 
Pin and blockage extraction finished
Delete all existing relative floorplan constraints.
% End Load floorplan data ... (date=08/20 22:38:47, total cpu=0:00:00.0, real=0:00:00.0, peak res=708.0M, current mem=708.0M)
Reading congestion map file /home/host/hold_upsize_probe_20260820/baseline/aes_route.enc.dat/aes_cipher_top.route.congmap.gz ...
% Begin Load SymbolTable ... (date=08/20 22:38:47, mem=708.4M)
Suppress "**WARN ..." messages.
Un-suppress "**WARN ..." messages.
% End Load SymbolTable ... (date=08/20 22:38:47, total cpu=0:00:00.1, real=0:00:00.0, peak res=710.1M, current mem=710.0M)
Loading place ...
% Begin Load placement data ... (date=08/20 22:38:47, mem=710.0M)
Reading placement file - /home/host/hold_upsize_probe_20260820/baseline/aes_route.enc.dat/aes_cipher_top.place.gz.
** Reading stdCellPlacement_binary (Created by Innovus v19.10-p002_1 on Fri Aug 14 20:29:51 2026, version# 2) ...
Read Views for adaptive view pruning ...
Read 0 views from Binary DB for adaptive view pruning
*** Checked 2 GNC rules.
*** applyConnectGlobalNets disabled.
*** Completed restorePlace (cpu=0:00:00.0 real=0:00:00.0 mem=846.1M) ***
Total net length = 1.487e+05 (7.671e+04 7.198e+04) (ext = 9.167e+03)
% End Load placement data ... (date=08/20 22:38:47, total cpu=0:00:00.0, real=0:00:00.0, peak res=712.1M, current mem=711.9M)
Reading PG file /home/host/hold_upsize_probe_20260820/baseline/aes_route.enc.dat/aes_cipher_top.pg.gz
*** Completed restorePGFile (cpu=0:00:00.0 real=0:00:00.0 mem=842.1M) ***
% Begin Load routing data ... (date=08/20 22:38:47, mem=712.2M)
Reading routing file - /home/host/hold_upsize_probe_20260820/baseline/aes_route.enc.dat/aes_cipher_top.route.gz.
Reading Innovus routing data (Created by Innovus v19.10-p002_1 on Fri Aug 14 20:29:51 2026 Format: 19.1) ...
*** Total 12596 nets are successfully restored.
*** Completed restoreRoute (cpu=0:00:00.1 real=0:00:01.0 mem=857.1M) ***
% End Load routing data ... (date=08/20 22:38:48, total cpu=0:00:00.1, real=0:00:01.0, peak res=730.4M, current mem=729.4M)
TAT_INFO: restoreCongMap REAL = 0 : CPU = 0 : MEM = 0.
Reading property file /home/host/hold_upsize_probe_20260820/baseline/aes_route.enc.dat/aes_cipher_top.prop
*** Completed restoreProperty (cpu=0:00:00.0 real=0:00:00.0 mem=863.1M) ***
Set Default Input Pin Transition as 0.1 ps.
Extraction setup Started 
Initializing multi-corner RC extraction with 1 active RC Corners ...
Reading Capacitance Table File /home/host/hold_upsize_probe_20260820/baseline/aes_route.enc.dat/libs/mmmc/NangateOpenCellLibrary.captable ...
Cap table was created using Encounter 08.10-p004_1.
Process name: master_techFreePDK45.
Importing multi-corner RC tables ... 
Summary of Active RC-Corners : 
 
 Analysis View: VIEW_TYP
    RC-Corner Name        : RC_TYP
    RC-Corner Index       : 0
    RC-Corner Temperature : 25 Celsius
    RC-Corner Cap Table   : '/home/host/hold_upsize_probe_20260820/baseline/aes_route.enc.dat/libs/mmmc/NangateOpenCellLibrary.captable'
    RC-Corner PreRoute Res Factor         : 1
    RC-Corner PreRoute Cap Factor         : 1
    RC-Corner PostRoute Res Factor        : 1 {1 1 1}
    RC-Corner PostRoute Cap Factor        : 1 {1 1 1}
    RC-Corner PostRoute XCap Factor       : 1 {1 1 1}
    RC-Corner PreRoute Clock Res Factor   : 1	[Derived from postRoute_res (effortLevel low)]
    RC-Corner PreRoute Clock Cap Factor   : 1	[Derived from postRoute_cap (effortLevel low)]
    RC-Corner PostRoute Clock Cap Factor  : 1 {1 1 1} 	[Derived from postRoute_cap (effortLevel low)]
    RC-Corner PostRoute Clock Res Factor  : 1 {1 1 1} 	[Derived from postRoute_res (effortLevel low)]
Initializing multi-corner capacitance tables ... 
Initializing multi-corner resistance tables ...
Start generating vias ...
#Skip building auto via since it is not turned on.
Via generation completed.
% Begin Load power constraints ... (date=08/20 22:38:48, mem=757.5M)
source /home/host/hold_upsize_probe_20260820/baseline/aes_route.enc.dat/aes_cipher_top_power_constraints.tcl
'set_default_switching_activity' finished successfully.
% End Load power constraints ... (date=08/20 22:38:48, total cpu=0:00:00.0, real=0:00:00.0, peak res=758.0M, current mem=758.0M)
% Begin load AAE data ... (date=08/20 22:38:48, mem=758.0M)
AAE DB initialization (MEM=902.055 CPU=0:00:00.2 REAL=0:00:00.0) 
% End load AAE data ... (date=08/20 22:38:48, total cpu=0:00:00.4, real=0:00:00.0, peak res=764.7M, current mem=764.7M)
Restoring CCOpt config...
  Extracting original clock gating for aes_clk...
    clock_tree aes_clk contains 562 sinks and 0 clock gates.
    Extraction for aes_clk complete.
  Extracting original clock gating for aes_clk done.
  The skew group aes_clk/FUNC was created. It contains 562 sinks and 1 sources.
  The skew group aes_clk/FUNC was created. It contains 562 sinks and 1 sources.
**WARN: (IMPCCOPT-2332):	The property adjacent_rows_legal is deprecated. It still works, but it may be removed in a future release.
Restoring CCOpt config done.
Total number of combinational cells: 100
Total number of sequential cells: 29
Total number of tristate cells: 6
Total number of level shifter cells: 0
Total number of power gating cells: 0
Total number of isolation cells: 0
Total number of power switch cells: 0
Total number of pulse generator cells: 0
Total number of always on buffers: 0
Total number of retention cells: 0
List of usable buffers: BUF_X1 BUF_X2 BUF_X4 BUF_X8 BUF_X16 BUF_X32 CLKBUF_X1 CLKBUF_X2 CLKBUF_X3
Total number of usable buffers: 9
List of unusable buffers:
Total number of unusable buffers: 0
List of usable inverters: INV_X1 INV_X2 INV_X4 INV_X8 INV_X16 INV_X32
Total number of usable inverters: 6
List of unusable inverters:
Total number of unusable inverters: 0
List of identified usable delay cells:
Total number of identified usable delay cells: 0
List of identified unusable delay cells:
Total number of identified unusable delay cells: 0
No delay cells were detected in the set of buffers. Buffers will be used to fix hold violations.
**WARN: (IMPCTE-107):	The following globals have been obsoleted since version 19.10-p002_1. They will be removed in the next release. 
timing_enable_default_delay_arc
#% End load design ... (date=08/20 22:38:48, total cpu=0:00:02.4, real=0:00:02.0, peak res=769.9M, current mem=769.2M)

*** Summary of all messages that are not suppressed in this session:
Severity  ID               Count  Summary                                  
WARNING   IMPTS-124            2  Timing library description of pin '%s' i...
WARNING   IMPVL-159            2  Pin '%s' of cell '%s' is defined in LEF ...
WARNING   IMPCCOPT-2332        1  The property %s is deprecated. It still ...
ERROR     IMPOAX-820           1  The OA features are disabled in the curr...
ERROR     IMPOAX-850           1  %s command cannot be run as OA features ...
WARNING   IMPCTE-107           1  The following globals have been obsolete...
WARNING   IMPTCM-77            1  Option "%s" for command %s is obsolete a...
WARNING   TECHLIB-436         20  Attribute '%s' on '%s' pin '%s' of cell ...
*** Message Summary: 27 warning(s), 2 error(s)

**WARN: (IMPOPT-6115):	ECO batchmode has been activated. Set setEcoMode -batchMode to false when done with ECO operations.
Type 'man IMPOPT-6115' for more detail.
PROBE_MAPPING	FE_PHC1475_text_in_23	CLKBUF_X1	CLKBUF_X3	placed	{47.88 28.28}
#################################################################################
# Design Stage: PostRoute
# Design Name: aes_cipher_top
# Design Mode: 45nm
# Analysis Mode: MMMC OCV 
# Parasitics Mode: No SPEF/RCDB
# Signoff Settings: SI On 
#################################################################################
Resize FE_PHC1475_text_in_23 (CLKBUF_X1) to CLKBUF_X3.
PROBE_MAPPING	FE_PHC917_00140	CLKBUF_X1	CLKBUF_X3	placed	{47.31 19.88}
Resize FE_PHC917_00140 (CLKBUF_X1) to CLKBUF_X3.
PROBE_MAPPING	FE_PHC963_00140	CLKBUF_X1	CLKBUF_X3	placed	{50.16 21.28}
Resize FE_PHC963_00140 (CLKBUF_X1) to CLKBUF_X3.
*** Starting refinePlace (0:00:16.9 mem=1068.9M) ***
Move report: Detail placement moves 24 insts, mean move: 2.08 um, max move: 5.79 um
	Max move on inst (FE_PHC986_00125): (65.74, 15.68) --> (65.93, 21.28)
	Runtime: CPU: 0:00:00.2 REAL: 0:00:00.0 MEM: 997.9MB
Summary Report:
Instances move: 24 (out of 11754 movable)
Instances flipped: 0
Mean displacement: 2.08 um
Max displacement: 5.79 um (Instance: FE_PHC986_00125) (65.74, 15.68) -> (65.93, 21.28)
	Length: 3 sites, height: 1 rows, site name: FreePDK45_38x28_10R_NP_162NW_34O, cell type: CLKBUF_X1
Runtime: CPU: 0:00:00.2 REAL: 0:00:00.0 MEM: 997.9MB
*** Finished refinePlace (0:00:17.0 mem=997.9M) ***
#% Begin globalDetailRoute (date=08/20 22:38:49, mem=858.3M)

globalDetailRoute

#WARNING (NRIF-78) The option routeWithEco combined with routeWithTimingDriven is not recommended due to possible high memory usage, increased run-time, and increased routing pattern pertubations. Please use with caution.
#setNanoRouteMode -droutePostRouteSpreadWire "auto"
#setNanoRouteMode -routeStrictlyHonorNonDefaultRule "false"
#setNanoRouteMode -routeWithEco true
#setNanoRouteMode -routeWithSiDriven false
#setNanoRouteMode -routeWithTimingDriven true
#Start globalDetailRoute on Thu Aug 20 22:38:49 2026
#
#WARNING (NRDB-733) PIN Y in CELL_VIEW LOGIC1_X1 does not have physical port.
#WARNING (NRDB-733) PIN Y in CELL_VIEW LOGIC0_X1 does not have physical port.
Initializing multi-corner capacitance tables ... 
Initializing multi-corner resistance tables ...
#num needed restored net=0
#need_extraction net=0 (total=12627)
#Processed 32 dirty instances, 36 dirty terms, 0 dirty fterms, 0 dirty pgterms, 0 misc dirty regions, 0 same cell-size swaps
#(16 insts marked dirty, reset pre-exisiting dirty flag on 25 insts, 34 nets marked need extraction)
#NanoRoute Version 19.10-p002_1 NR190418-1643/19_10-UB
#Skip comparing routing design signature in db-snapshot flow
#Start routing data preparation on Thu Aug 20 22:38:49 2026
#
#Minimum voltage of a net in the design = 0.000.
#Maximum voltage of a net in the design = 1.100.
#Voltage range [0.000 - 1.100] has 12625 nets.
#Voltage range [1.100 - 1.100] has 1 net.
#Voltage range [0.000 - 0.000] has 1 net.
#Restoring pin access data from file /home/host/hold_upsize_probe_20260820/baseline/aes_route.enc.dat/aes_cipher_top.apa ...
#Done restoring pin access data
# metal1       H   Track-Pitch = 0.14000    Line-2-Via Pitch = 0.13500
# metal2       V   Track-Pitch = 0.19000    Line-2-Via Pitch = 0.14000
# metal3       H   Track-Pitch = 0.14000    Line-2-Via Pitch = 0.14000
# metal4       V   Track-Pitch = 0.28000    Line-2-Via Pitch = 0.28000
# metal5       H   Track-Pitch = 0.28000    Line-2-Via Pitch = 0.28000
# metal6       V   Track-Pitch = 0.28000    Line-2-Via Pitch = 0.28000
# metal7       H   Track-Pitch = 0.84000    Line-2-Via Pitch = 0.80000
# metal8       V   Track-Pitch = 0.84000    Line-2-Via Pitch = 0.80000
# metal9       H   Track-Pitch = 1.60000    Line-2-Via Pitch = 1.60000
# metal10      V   Track-Pitch = 1.68000    Line-2-Via Pitch = 1.60000
#Regenerating Ggrids automatically.
#Auto generating G-grids with size=15 tracks, using layer metal3's pitch = 0.14000.
#Using automatically generated G-grids.
#Done routing data preparation.
#cpu time = 00:00:00, elapsed time = 00:00:00, memory = 894.46 (MB), peak = 894.87 (MB)
#Merging special wires: starts on Thu Aug 20 22:38:50 2026 with memory = 895.13 (MB), peak = 895.13 (MB)
#
#Merging special wires: cpu:00:00:00, real:00:00:00, mem:895.2 MB, peak:895.2 MB
#WARNING (NRDB-1005) Cannot establish connection to PIN B2 at ( 47.06000 26.09000 ) on metal1 for NET FE_OFN41_00986. The NET is considered partially routed. Visually verify wiring at the specified location as the wire/via origin may not touch the PIN. This NET will be rerouted with same or different wiring.
#WARNING (NRDB-1005) Cannot establish connection to PIN ZN at ( 47.32500 26.11000 ) on metal1 for NET _07533_. The NET is considered partially routed. Visually verify wiring at the specified location as the wire/via origin may not touch the PIN. This NET will be rerouted with same or different wiring.
#WARNING (NRDB-1005) Cannot establish connection to PIN A at ( 47.81500 26.09000 ) on metal1 for NET text_in[23]. The NET is considered partially routed. Visually verify wiring at the specified location as the wire/via origin may not touch the PIN. This NET will be rerouted with same or different wiring.
#WARNING (NRDB-1005) Cannot establish connection to PIN A at ( 70.24500 23.29000 ) on metal1 for NET text_in[43]. The NET is considered partially routed. Visually verify wiring at the specified location as the wire/via origin may not touch the PIN. This NET will be rerouted with same or different wiring.
#WARNING (NRDB-1005) Cannot establish connection to PIN A at ( 63.77500 14.89000 ) on metal1 for NET FE_PHN801_00149. The NET is considered partially routed. Visually verify wiring at the specified location as the wire/via origin may not touch the PIN. This NET will be rerouted with same or different wiring.
#WARNING (NRDB-1005) Cannot establish connection to PIN Z at ( 56.70500 19.16500 ) on metal1 for NET FE_PHN1302_00132. The NET is considered partially routed. Visually verify wiring at the specified location as the wire/via origin may not touch the PIN. This NET will be rerouted with same or different wiring.
#WARNING (NRDB-1005) Cannot establish connection to PIN Z at ( 64.11500 14.99500 ) on metal1 for NET FE_PHN1308_00149. The NET is considered partially routed. Visually verify wiring at the specified location as the wire/via origin may not touch the PIN. This NET will be rerouted with same or different wiring.
#WARNING (NRDB-1005) Cannot establish connection to PIN Z at ( 46.43500 19.20000 ) on metal1 for NET FE_PHN917_00140. The NET is considered partially routed. Visually verify wiring at the specified location as the wire/via origin may not touch the PIN. This NET will be rerouted with same or different wiring.
#WARNING (NRDB-1005) Cannot establish connection to PIN Z at ( 70.58500 23.37500 ) on metal1 for NET FE_PHN1454_text_in_43. The NET is considered partially routed. Visually verify wiring at the specified location as the wire/via origin may not touch the PIN. This NET will be rerouted with same or different wiring.
#WARNING (NRDB-1005) Cannot establish connection to PIN A at ( 61.69500 13.66500 ) on metal1 for NET FE_PHN1325_00129. The NET is considered partially routed. Visually verify wiring at the specified location as the wire/via origin may not touch the PIN. This NET will be rerouted with same or different wiring.
#WARNING (NRDB-1005) Cannot establish connection to PIN A at ( 47.25500 20.49000 ) on metal1 for NET FE_PHN1345_00141. The NET is considered partially routed. Visually verify wiring at the specified location as the wire/via origin may not touch the PIN. This NET will be rerouted with same or different wiring.
#WARNING (NRDB-1005) Cannot establish connection to PIN B1 at ( 47.38500 26.09000 ) on metal1 for NET _07532_. The NET is considered partially routed. Visually verify wiring at the specified location as the wire/via origin may not touch the PIN. This NET will be rerouted with same or different wiring.
#WARNING (NRDB-1005) Cannot establish connection to PIN Z at ( 48.54500 27.58500 ) on metal1 for NET FE_PHN1054_00156. The NET is considered partially routed. Visually verify wiring at the specified location as the wire/via origin may not touch the PIN. This NET will be rerouted with same or different wiring.
#WARNING (NRDB-1005) Cannot establish connection to PIN A at ( 53.52500 20.49000 ) on metal1 for NET FE_PHN1247_00133. The NET is considered partially routed. Visually verify wiring at the specified location as the wire/via origin may not touch the PIN. This NET will be rerouted with same or different wiring.
#WARNING (NRDB-1005) Cannot establish connection to PIN A at ( 56.36500 19.26500 ) on metal1 for NET FE_PHN888_00132. The NET is considered partially routed. Visually verify wiring at the specified location as the wire/via origin may not touch the PIN. This NET will be rerouted with same or different wiring.
#WARNING (NRDB-1005) Cannot establish connection to PIN Z at ( 48.33500 26.15500 ) on metal1 for NET FE_PHN1475_text_in_23. The NET is considered partially routed. Visually verify wiring at the specified location as the wire/via origin may not touch the PIN. This NET will be rerouted with same or different wiring.
#WARNING (NRDB-1005) Cannot establish connection to PIN Z at ( 62.03500 13.58500 ) on metal1 for NET FE_PHN970_00129. The NET is considered partially routed. Visually verify wiring at the specified location as the wire/via origin may not touch the PIN. This NET will be rerouted with same or different wiring.
#WARNING (NRDB-1005) Cannot establish connection to PIN A at ( 48.00500 28.89000 ) on metal1 for NET FE_PHN762_00156. The NET is considered partially routed. Visually verify wiring at the specified location as the wire/via origin may not touch the PIN. This NET will be rerouted with same or different wiring.
#WARNING (NRDB-1005) Cannot establish connection to PIN A at ( 57.69500 17.69000 ) on metal1 for NET FE_PHN881_00128. The NET is considered partially routed. Visually verify wiring at the specified location as the wire/via origin may not touch the PIN. This NET will be rerouted with same or different wiring.
#WARNING (NRDB-1005) Cannot establish connection to PIN Z at ( 59.75500 14.97500 ) on metal1 for NET FE_PHN881_00128. The NET is considered partially routed. Visually verify wiring at the specified location as the wire/via origin may not touch the PIN. This NET will be rerouted with same or different wiring.
#WARNING (EMS-27) Message (NRDB-1005) has exceeded the current message display limit of 20.
#To increase the message display limit, refer to the product command reference manual.
#
#Connectivity extraction summary:
#32 routed nets are extracted.
#    30 (0.24%) extracted nets are partially routed.
#12005 routed net(s) are imported.
#590 nets are fixed|skipped|trivial (not extracted).
#Total number of nets = 12627.
#
#
#Finished routing data preparation on Thu Aug 20 22:38:50 2026
#
#Cpu time = 00:00:00
#Elapsed time = 00:00:00
#Increased memory = 10.30 (MB)
#Total memory = 895.24 (MB)
#Peak memory = 895.44 (MB)
#
#
#Start global routing on Thu Aug 20 22:38:50 2026
#
#
#Start global routing initialization on Thu Aug 20 22:38:50 2026
#
#Number of eco nets is 44
#
#Start global routing data preparation on Thu Aug 20 22:38:50 2026
#
#Start routing resource analysis on Thu Aug 20 22:38:50 2026
#
#Routing resource analysis is done on Thu Aug 20 22:38:50 2026
#
#  Resource Analysis:
#
#               Routing  #Avail      #Track     #Total     %Gcell
#  Layer      Direction   Track     Blocked      Gcell    Blocked
#  --------------------------------------------------------------
#  metal1         H        1264           0        7140    64.17%
#  metal2         V         936           0        7140     0.00%
#  metal3         H        1264           0        7140     0.00%
#  metal4         V         634           0        7140     0.00%
#  metal5         H         631           0        7140     0.00%
#  metal6         V         634           0        7140     0.00%
#  metal7         H         200          10        7140     9.52%
#  metal8         V         178          33        7140     9.55%
#  metal9         H          83           1        7140     1.89%
#  metal10        V          85           0        7140     0.00%
#  --------------------------------------------------------------
#  Total                   5910       2.11%       71400     8.51%
#
#  20 nets (0.16%) with 1 preferred extra spacing.
#
#
#
#Global routing data preparation is done on Thu Aug 20 22:38:50 2026
#
#cpu time = 00:00:00, elapsed time = 00:00:00, memory = 897.48 (MB), peak = 897.48 (MB)
#
#
#Global routing initialization is done on Thu Aug 20 22:38:50 2026
#
#cpu time = 00:00:00, elapsed time = 00:00:00, memory = 897.67 (MB), peak = 897.67 (MB)
#
#start global routing iteration 1...
#cpu time = 00:00:00, elapsed time = 00:00:00, memory = 901.52 (MB), peak = 901.52 (MB)
#
#start global routing iteration 2...
#cpu time = 00:00:00, elapsed time = 00:00:00, memory = 901.52 (MB), peak = 901.52 (MB)
#
#
#Total number of trivial nets (e.g. < 2 pins) = 590 (skipped).
#Total number of routable nets = 12037.
#Total number of nets in the design = 12627.
#
#44 routable nets have only global wires.
#11993 routable nets have only detail routed wires.
#20 detail routed (routable) nets have been constrained (e.g. have preferred extra spacing, require shielding etc.)
#
#Routed nets constraints summary:
#-----------------------------
#        Rules   Unconstrained  
#-----------------------------
#      Default              44  
#-----------------------------
#        Total              44  
#-----------------------------
#
#Routing constraints summary of the whole design:
#------------------------------------------------
#        Rules   Pref Extra Space   Unconstrained  
#------------------------------------------------
#      Default                 20           12017  
#------------------------------------------------
#        Total                 20           12017  
#------------------------------------------------
#
#
#  Congestion Analysis: (blocked Gcells are excluded)
#
#                 OverCon          
#                  #Gcell    %Gcell
#     Layer           (1)   OverCon
#  --------------------------------
#  metal1        0(0.00%)   (0.00%)
#  metal2        3(0.04%)   (0.04%)
#  metal3        0(0.00%)   (0.00%)
#  metal4        0(0.00%)   (0.00%)
#  metal5        0(0.00%)   (0.00%)
#  metal6        0(0.00%)   (0.00%)
#  metal7        0(0.00%)   (0.00%)
#  metal8        0(0.00%)   (0.00%)
#  metal9        0(0.00%)   (0.00%)
#  metal10       0(0.00%)   (0.00%)
#  --------------------------------
#     Total      3(0.00%)   (0.00%)
#
#  The worst congested Gcell overcon (routing demand over resource in number of tracks) = 1
#  Overflow after GR: 0.00% H + 0.00% V
#
#Complete Global Routing.
#Total number of nets with non-default rule or having extra spacing = 20
#Total wire length = 179367 um.
#Total half perimeter of net bounding box = 158445 um.
#Total wire length on LAYER metal1 = 5490 um.
#Total wire length on LAYER metal2 = 47226 um.
#Total wire length on LAYER metal3 = 57766 um.
#Total wire length on LAYER metal4 = 24474 um.
#Total wire length on LAYER metal5 = 23813 um.
#Total wire length on LAYER metal6 = 15780 um.
#Total wire length on LAYER metal7 = 1509 um.
#Total wire length on LAYER metal8 = 1663 um.
#Total wire length on LAYER metal9 = 1647 um.
#Total wire length on LAYER metal10 = 0 um.
#Total number of vias = 91176
#Up-Via Summary (total 91176):
#           
#-----------------------
# metal1          42191
# metal2          32442
# metal3          10518
# metal4           3590
# metal5           1886
# metal6            284
# metal7            171
# metal8             94
#-----------------------
#                 91176 
#
#Max overcon = 1 tracks.
#Total overcon = 0.00%.
#Worst layer Gcell overcon rate = 0.00%.
#
#Global routing statistics:
#Cpu time = 00:00:00
#Elapsed time = 00:00:00
#Increased memory = 7.26 (MB)
#Total memory = 902.70 (MB)
#Peak memory = 902.70 (MB)
#
#Finished global routing on Thu Aug 20 22:38:50 2026
#
#
#cpu time = 00:00:00, elapsed time = 00:00:00, memory = 901.20 (MB), peak = 902.76 (MB)
#Start Track Assignment.
#Done with 15 horizontal wires in 1 hboxes and 13 vertical wires in 1 hboxes.
#Done with 1 horizontal wires in 1 hboxes and 1 vertical wires in 1 hboxes.
#Complete Track Assignment.
#Total number of nets with non-default rule or having extra spacing = 20
#Total wire length = 179397 um.
#Total half perimeter of net bounding box = 158445 um.
#Total wire length on LAYER metal1 = 5492 um.
#Total wire length on LAYER metal2 = 47244 um.
#Total wire length on LAYER metal3 = 57775 um.
#Total wire length on LAYER metal4 = 24475 um.
#Total wire length on LAYER metal5 = 23812 um.
#Total wire length on LAYER metal6 = 15780 um.
#Total wire length on LAYER metal7 = 1509 um.
#Total wire length on LAYER metal8 = 1663 um.
#Total wire length on LAYER metal9 = 1647 um.
#Total wire length on LAYER metal10 = 0 um.
#Total number of vias = 91176
#Up-Via Summary (total 91176):
#           
#-----------------------
# metal1          42191
# metal2          32442
# metal3          10518
# metal4           3590
# metal5           1886
# metal6            284
# metal7            171
# metal8             94
#-----------------------
#                 91176 
#
#cpu time = 00:00:01, elapsed time = 00:00:01, memory = 940.38 (MB), peak = 940.54 (MB)
#
#number of short segments in preferred routing layers
#	
#	
#
#Routing data preparation, pin analysis, global routing and track assignment statistics:
#Cpu time = 00:00:02
#Elapsed time = 00:00:02
#Increased memory = 55.94 (MB)
#Total memory = 940.54 (MB)
#Peak memory = 940.54 (MB)
#
#Start Detail Routing..
#start initial detail routing ...
# ECO: 0.5% of the total area was rechecked for DRC, and 3.1% required routing.
#   number of violations = 2
#
#    By Layer and Type :
#	          Short   Totals
#	metal1        0        0
#	metal2        2        2
#	Totals        2        2
#16 out of 12781 instances (0.1%) need to be verified(marked ipoed), dirty area = 0.1%.
#0.0% of the total area is being checked for drcs
#0.0% of the total area was checked
#   number of violations = 2
#
#    By Layer and Type :
#	          Short   Totals
#	metal1        0        0
#	metal2        2        2
#	Totals        2        2
#cpu time = 00:00:00, elapsed time = 00:00:00, memory = 940.29 (MB), peak = 941.36 (MB)
#start 1st optimization iteration ...
#   number of violations = 0
#cpu time = 00:00:00, elapsed time = 00:00:00, memory = 940.55 (MB), peak = 941.36 (MB)
#Complete Detail Routing.
#Total number of nets with non-default rule or having extra spacing = 20
#Total wire length = 179393 um.
#Total half perimeter of net bounding box = 158445 um.
#Total wire length on LAYER metal1 = 5491 um.
#Total wire length on LAYER metal2 = 47222 um.
#Total wire length on LAYER metal3 = 57780 um.
#Total wire length on LAYER metal4 = 24484 um.
#Total wire length on LAYER metal5 = 23814 um.
#Total wire length on LAYER metal6 = 15782 um.
#Total wire length on LAYER metal7 = 1511 um.
#Total wire length on LAYER metal8 = 1663 um.
#Total wire length on LAYER metal9 = 1647 um.
#Total wire length on LAYER metal10 = 0 um.
#Total number of vias = 91250
#Up-Via Summary (total 91250):
#           
#-----------------------
# metal1          42203
# metal2          32478
# metal3          10536
# metal4           3593
# metal5           1889
# metal6            286
# metal7            171
# metal8             94
#-----------------------
#                 91250 
#
#Total number of DRC violations = 0
#Cpu time = 00:00:01
#Elapsed time = 00:00:01
#Increased memory = -36.26 (MB)
#Total memory = 904.28 (MB)
#Peak memory = 941.36 (MB)
#detailRoute Statistics:
#Cpu time = 00:00:01
#Elapsed time = 00:00:01
#Increased memory = -36.26 (MB)
#Total memory = 904.28 (MB)
#Peak memory = 941.36 (MB)
#Skip updating routing design signature in db-snapshot flow
#
#globalDetailRoute statistics:
#Cpu time = 00:00:03
#Elapsed time = 00:00:03
#Increased memory = 37.97 (MB)
#Total memory = 896.25 (MB)
#Peak memory = 941.36 (MB)
#Number of warnings = 24
#Total number of warnings = 24
#Number of fails = 0
#Total number of fails = 0
#Complete globalDetailRoute on Thu Aug 20 22:38:52 2026
#
#% End globalDetailRoute (date=08/20 22:38:52, total cpu=0:00:03.1, real=0:00:03.0, peak res=941.4M, current mem=896.5M)
Extraction called for design 'aes_cipher_top' of instances=12781 and nets=12627 using extraction engine 'postRoute' at effort level 'low' .
PostRoute (effortLevel low) RC Extraction called for design aes_cipher_top.
RC Extraction called in multi-corner(1) mode.
Process corner(s) are loaded.
 Corner: RC_TYP
extractDetailRC Option : -outfile /tmp/innovus_temp_2184_qingteng_host_jpdETE/aes_cipher_top_2184_zwwHF5.rcdb.d  -extended
RC Mode: PostRoute -effortLevel low [Extended CapTable, RC Table Resistances]
      RC Corner Indexes            0   
Capacitance Scaling Factor   : 1.00000 
Coupling Cap. Scaling Factor : 1.00000 
Resistance Scaling Factor    : 1.00000 
Clock Cap. Scaling Factor    : 1.00000 
Clock Res. Scaling Factor    : 1.00000 
Shrink Factor                : 1.00000
Initializing multi-corner capacitance tables ... 
Initializing multi-corner resistance tables ...
Checking LVS Completed (CPU Time= 0:00:00.0  MEM= 1028.7M)
Extracted 10.0009% (CPU Time= 0:00:00.3  MEM= 1119.0M)
Extracted 20.001% (CPU Time= 0:00:00.4  MEM= 1121.0M)
Extracted 30.0011% (CPU Time= 0:00:00.4  MEM= 1124.0M)
Extracted 40.0013% (CPU Time= 0:00:00.5  MEM= 1127.0M)
Extracted 50.0014% (CPU Time= 0:00:00.6  MEM= 1131.0M)
Extracted 60.0009% (CPU Time= 0:00:00.6  MEM= 1135.0M)
Extracted 70.001% (CPU Time= 0:00:00.7  MEM= 1137.0M)
Extracted 80.0011% (CPU Time= 0:00:00.8  MEM= 1139.0M)
Extracted 90.0013% (CPU Time= 0:00:01.0  MEM= 1145.0M)
Extracted 100% (CPU Time= 0:00:01.4  MEM= 1146.0M)
Number of Extracted Resistors     : 232389
Number of Extracted Ground Cap.   : 243236
Number of Extracted Coupling Cap. : 802130
Filtering XCap in 'relativeAndCoupling' mode using values coupling_c_threshold=0.1fF, relative_c_threshold=1, and total_c_threshold=0fF.
 Corner: RC_TYP
Checking LVS Completed (CPU Time= 0:00:00.0  MEM= 1126.0M)
PostRoute (effortLevel low) RC Extraction DONE (CPU Time: 0:00:01.9  Real Time: 0:00:02.0  MEM: 1126.008M)
 Reset EOS DB
Ignoring AAE DB Resetting ...
Extraction called for design 'aes_cipher_top' of instances=12781 and nets=12627 using extraction engine 'postRoute' at effort level 'low' .
PostRoute (effortLevel low) RC Extraction called for design aes_cipher_top.
RC Extraction called in multi-corner(1) mode.
Process corner(s) are loaded.
 Corner: RC_TYP
extractDetailRC Option : -outfile /tmp/innovus_temp_2184_qingteng_host_jpdETE/aes_cipher_top_2184_zwwHF5.rcdb.d -maxResLength 200  -extended
RC Mode: PostRoute -effortLevel low [Extended CapTable, RC Table Resistances]
      RC Corner Indexes            0   
Capacitance Scaling Factor   : 1.00000 
Coupling Cap. Scaling Factor : 1.00000 
Resistance Scaling Factor    : 1.00000 
Clock Cap. Scaling Factor    : 1.00000 
Clock Res. Scaling Factor    : 1.00000 
Shrink Factor                : 1.00000
Initializing multi-corner capacitance tables ... 
Initializing multi-corner resistance tables ...
Checking LVS Completed (CPU Time= 0:00:00.0  MEM= 1057.0M)
Extracted 10.0009% (CPU Time= 0:00:00.3  MEM= 1131.3M)
Extracted 20.001% (CPU Time= 0:00:00.4  MEM= 1131.3M)
Extracted 30.0011% (CPU Time= 0:00:00.4  MEM= 1131.3M)
Extracted 40.0013% (CPU Time= 0:00:00.5  MEM= 1131.3M)
Extracted 50.0014% (CPU Time= 0:00:00.6  MEM= 1131.3M)
Extracted 60.0009% (CPU Time= 0:00:00.6  MEM= 1134.3M)
Extracted 70.001% (CPU Time= 0:00:00.7  MEM= 1136.3M)
Extracted 80.0011% (CPU Time= 0:00:00.8  MEM= 1138.3M)
Extracted 90.0013% (CPU Time= 0:00:01.0  MEM= 1144.3M)
Extracted 100% (CPU Time= 0:00:01.3  MEM= 1145.3M)
Number of Extracted Resistors     : 232389
Number of Extracted Ground Cap.   : 243236
Number of Extracted Coupling Cap. : 802130
Filtering XCap in 'relativeAndCoupling' mode using values coupling_c_threshold=0.1fF, relative_c_threshold=1, and total_c_threshold=0fF.
 Corner: RC_TYP
Checking LVS Completed (CPU Time= 0:00:00.0  MEM= 1125.3M)
PostRoute (effortLevel low) RC Extraction DONE (CPU Time: 0:00:01.7  Real Time: 0:00:02.0  MEM: 1125.328M)
Starting delay calculation for Setup views
Starting SI iteration 1 using Infinite Timing Windows
#################################################################################
# Design Stage: PostRoute
# Design Name: aes_cipher_top
# Design Mode: 45nm
# Analysis Mode: MMMC OCV 
# Parasitics Mode: SPEF/RCDB
# Signoff Settings: SI On 
#################################################################################
AAE_INFO: 1 threads acquired from CTE.
Calculate early delays in OCV mode...
Calculate late delays in OCV mode...
Start delay calculation (fullDC) (1 T). (MEM=1141.62)
Initializing multi-corner capacitance tables ... 
Initializing multi-corner resistance tables ...
AAE_INFO: 1 threads acquired from CTE.
Total number of fetched objects 12594
AAE_INFO: Total number of nets for which stage creation was skipped for all views 0
AAE_INFO-618: Total number of nets in the design is 12627,  100.0 percent of the nets selected for SI analysis
End delay calculation. (MEM=1187.91 CPU=0:00:02.7 REAL=0:00:02.0)
End delay calculation (fullDC). (MEM=1187.91 CPU=0:00:03.2 REAL=0:00:03.0)
Loading CTE timing window with TwFlowType 0...(CPU = 0:00:00.0, REAL = 0:00:00.0, MEM = 1175.9M)
Add other clocks and setupCteToAAEClockMapping during iter 1
Loading CTE timing window is completed (CPU = 0:00:00.1, REAL = 0:00:00.0, MEM = 1175.9M)
Starting SI iteration 2
Calculate early delays in OCV mode...
Calculate late delays in OCV mode...
Start delay calculation (fullDC) (1 T). (MEM=1144.03)
Glitch Analysis: View VIEW_TYP -- Total Number of Nets Skipped = 0. 
Glitch Analysis: View VIEW_TYP -- Total Number of Nets Analyzed = 12594. 
Total number of fetched objects 12594
AAE_INFO: Total number of nets for which stage creation was skipped for all views 0
AAE_INFO-618: Total number of nets in the design is 12627,  0.1 percent of the nets selected for SI analysis
End delay calculation. (MEM=1150.19 CPU=0:00:00.1 REAL=0:00:00.0)
End delay calculation (fullDC). (MEM=1150.19 CPU=0:00:00.1 REAL=0:00:00.0)
*** Done Building Timing Graph (cpu=0:00:04.6 real=0:00:04.0 totSessionCpu=0:00:28.3 mem=1150.2M)

------------------------------------------------------------
          timeDesign Summary                             
------------------------------------------------------------

Setup views included:
 VIEW_TYP 

+--------------------+---------+---------+---------+
|     Setup mode     |   all   | reg2reg | default |
+--------------------+---------+---------+---------+
|           WNS (ns):|  0.389  |  0.389  |  0.500  |
|           TNS (ns):|  0.000  |  0.000  |  0.000  |
|    Violating Paths:|    0    |    0    |    0    |
|          All Paths:|   691   |   561   |   435   |
+--------------------+---------+---------+---------+

+----------------+-------------------------------+------------------+
|                |              Real             |       Total      |
|    DRVs        +------------------+------------+------------------|
|                |  Nr nets(terms)  | Worst Vio  |  Nr nets(terms)  |
+----------------+------------------+------------+------------------+
|   max_cap      |      0 (0)       |   0.000    |      0 (0)       |
|   max_tran     |      0 (0)       |   0.000    |      0 (0)       |
|   max_fanout   |      0 (0)       |     0      |     17 (17)      |
|   max_length   |      0 (0)       |     0      |      0 (0)       |
+----------------+------------------+------------+------------------+

Density: 61.566%
Total number of glitch violations: 0
------------------------------------------------------------
Reported timing to dir /home/host/hold_upsize_probe_20260820/probe_outputs/clkbuf3/setup
Total CPU time: 7.33 sec
Total Real time: 8.0 sec
Total Memory Usage: 1131.457031 Mbytes
Reset AAE Options
 Reset EOS DB
Ignoring AAE DB Resetting ...
Extraction called for design 'aes_cipher_top' of instances=12781 and nets=12627 using extraction engine 'postRoute' at effort level 'low' .
PostRoute (effortLevel low) RC Extraction called for design aes_cipher_top.
RC Extraction called in multi-corner(1) mode.
Process corner(s) are loaded.
 Corner: RC_TYP
extractDetailRC Option : -outfile /tmp/innovus_temp_2184_qingteng_host_jpdETE/aes_cipher_top_2184_zwwHF5.rcdb.d -maxResLength 200  -extended
RC Mode: PostRoute -effortLevel low [Extended CapTable, RC Table Resistances]
      RC Corner Indexes            0   
Capacitance Scaling Factor   : 1.00000 
Coupling Cap. Scaling Factor : 1.00000 
Resistance Scaling Factor    : 1.00000 
Clock Cap. Scaling Factor    : 1.00000 
Clock Res. Scaling Factor    : 1.00000 
Shrink Factor                : 1.00000
Initializing multi-corner capacitance tables ... 
Initializing multi-corner resistance tables ...
Checking LVS Completed (CPU Time= 0:00:00.0  MEM= 1127.5M)
Extracted 10.0009% (CPU Time= 0:00:00.3  MEM= 1225.8M)
Extracted 20.001% (CPU Time= 0:00:00.4  MEM= 1225.8M)
Extracted 30.0011% (CPU Time= 0:00:00.5  MEM= 1225.8M)
Extracted 40.0013% (CPU Time= 0:00:00.5  MEM= 1227.8M)
Extracted 50.0014% (CPU Time= 0:00:00.6  MEM= 1231.8M)
Extracted 60.0009% (CPU Time= 0:00:00.7  MEM= 1234.8M)
Extracted 70.001% (CPU Time= 0:00:00.8  MEM= 1236.8M)
Extracted 80.0011% (CPU Time= 0:00:00.9  MEM= 1238.8M)
Extracted 90.0013% (CPU Time= 0:00:01.0  MEM= 1244.8M)
Extracted 100% (CPU Time= 0:00:01.4  MEM= 1246.8M)
Number of Extracted Resistors     : 232389
Number of Extracted Ground Cap.   : 243236
Number of Extracted Coupling Cap. : 802130
Filtering XCap in 'relativeAndCoupling' mode using values coupling_c_threshold=0.1fF, relative_c_threshold=1, and total_c_threshold=0fF.
 Corner: RC_TYP
Checking LVS Completed (CPU Time= 0:00:00.0  MEM= 1223.5M)
PostRoute (effortLevel low) RC Extraction DONE (CPU Time: 0:00:01.8  Real Time: 0:00:02.0  MEM: 1223.516M)
Starting delay calculation for Hold views
Starting SI iteration 1 using Infinite Timing Windows
#################################################################################
# Design Stage: PostRoute
# Design Name: aes_cipher_top
# Design Mode: 45nm
# Analysis Mode: MMMC OCV 
# Parasitics Mode: SPEF/RCDB
# Signoff Settings: SI On 
#################################################################################
AAE_INFO: 1 threads acquired from CTE.
Calculate late delays in OCV mode...
Calculate early delays in OCV mode...
Start delay calculation (fullDC) (1 T). (MEM=1142.79)
Initializing multi-corner capacitance tables ... 
Initializing multi-corner resistance tables ...
AAE_INFO: 1 threads acquired from CTE.
Total number of fetched objects 12594
AAE_INFO: Total number of nets for which stage creation was skipped for all views 0
AAE_INFO-618: Total number of nets in the design is 12627,  100.0 percent of the nets selected for SI analysis
End delay calculation. (MEM=1190.61 CPU=0:00:02.7 REAL=0:00:03.0)
End delay calculation (fullDC). (MEM=1190.61 CPU=0:00:03.3 REAL=0:00:04.0)
Loading CTE timing window with TwFlowType 0...(CPU = 0:00:00.0, REAL = 0:00:00.0, MEM = 1190.6M)
Add other clocks and setupCteToAAEClockMapping during iter 1
Loading CTE timing window is completed (CPU = 0:00:00.1, REAL = 0:00:00.0, MEM = 1190.6M)
Starting SI iteration 2
AAE_INFO: 1 threads acquired from CTE.
Calculate late delays in OCV mode...
Calculate early delays in OCV mode...
Start delay calculation (fullDC) (1 T). (MEM=1153.73)
Glitch Analysis: View VIEW_TYP -- Total Number of Nets Skipped = 0. 
Glitch Analysis: View VIEW_TYP -- Total Number of Nets Analyzed = 12594. 
Total number of fetched objects 12594
AAE_INFO: Total number of nets for which stage creation was skipped for all views 0
AAE_INFO-618: Total number of nets in the design is 12627,  2.1 percent of the nets selected for SI analysis
End delay calculation. (MEM=1159.89 CPU=0:00:00.1 REAL=0:00:00.0)
End delay calculation (fullDC). (MEM=1159.89 CPU=0:00:00.2 REAL=0:00:00.0)
*** Done Building Timing Graph (cpu=0:00:04.4 real=0:00:05.0 totSessionCpu=0:00:36.0 mem=1159.9M)

------------------------------------------------------------
          timeDesign Summary                             
------------------------------------------------------------

Hold  views included:
 VIEW_TYP 

+--------------------+---------+---------+---------+
|     Hold mode      |   all   | reg2reg | default |
+--------------------+---------+---------+---------+
|           WNS (ns):|  0.027  |  0.133  |  0.027  |
|           TNS (ns):|  0.000  |  0.000  |  0.000  |
|    Violating Paths:|    0    |    0    |    0    |
|          All Paths:|   691   |   561   |   435   |
+--------------------+---------+---------+---------+

Density: 61.566%
------------------------------------------------------------
Reported timing to dir /home/host/hold_upsize_probe_20260820/probe_outputs/clkbuf3/hold
Total CPU time: 6.87 sec
Total Real time: 7.0 sec
Total Memory Usage: 1092.335938 Mbytes
Reset AAE Options
VERIFY_CONNECTIVITY use new engine.

******** Start: VERIFY CONNECTIVITY ********
Start Time: Thu Aug 20 22:39:22 2026

Design Name: aes_cipher_top
Database Units: 2000
Design Boundary: (0.0000, 0.0000) (177.8400, 176.9600)
Error Limit = 1000; Warning Limit = 1000
Check all nets
**** 22:39:22 **** Processed 5000 nets.
**** 22:39:22 **** Processed 10000 nets.

Begin Summary 
  Found no problems or warnings.
End Summary

End Time: Thu Aug 20 22:39:23 2026
Time Elapsed: 0:00:01.0

******** End: VERIFY CONNECTIVITY ********
  Verification Complete : 0 Viols.  0 Wrngs.
  (CPU Time: 0:00:00.5  MEM: 0.000M)

#-report /home/host/hold_upsize_probe_20260820/probe_outputs/clkbuf3/drc.rpt # string, default="", user setting
 *** Starting Verify DRC (MEM: 1161.6) ***

  VERIFY DRC ...... Starting Verification
  VERIFY DRC ...... Initializing
  VERIFY DRC ...... Deleting Existing Violations
  VERIFY DRC ...... Creating Sub-Areas
  VERIFY DRC ...... Using new threading
  VERIFY DRC ...... Sub-Area: {0.000 0.000 59.400 59.400} 1 of 9
  VERIFY DRC ...... Sub-Area : 1 complete 0 Viols.
  VERIFY DRC ...... Sub-Area: {59.400 0.000 118.800 59.400} 2 of 9
  VERIFY DRC ...... Sub-Area : 2 complete 0 Viols.
  VERIFY DRC ...... Sub-Area: {118.800 0.000 177.840 59.400} 3 of 9
  VERIFY DRC ...... Sub-Area : 3 complete 0 Viols.
  VERIFY DRC ...... Sub-Area: {0.000 59.400 59.400 118.800} 4 of 9
  VERIFY DRC ...... Sub-Area : 4 complete 0 Viols.
  VERIFY DRC ...... Sub-Area: {59.400 59.400 118.800 118.800} 5 of 9
  VERIFY DRC ...... Sub-Area : 5 complete 0 Viols.
  VERIFY DRC ...... Sub-Area: {118.800 59.400 177.840 118.800} 6 of 9
  VERIFY DRC ...... Sub-Area : 6 complete 0 Viols.
  VERIFY DRC ...... Sub-Area: {0.000 118.800 59.400 176.960} 7 of 9
  VERIFY DRC ...... Sub-Area : 7 complete 0 Viols.
  VERIFY DRC ...... Sub-Area: {59.400 118.800 118.800 176.960} 8 of 9
  VERIFY DRC ...... Sub-Area : 8 complete 0 Viols.
  VERIFY DRC ...... Sub-Area: {118.800 118.800 177.840 176.960} 9 of 9
  VERIFY DRC ...... Sub-Area : 9 complete 0 Viols.

  Verification Complete : 0 Viols.

 *** End Verify DRC (CPU: 0:00:01.5  ELAPSED TIME: 1.00  MEM: 33.0M) ***

**WARN: (TCLCMD-1131):	'The -max_points parameter of the report_timing command is obsolete. The timing engine will map it to -max_paths parameter. For future releases, you should remove this parameter from your scripts.'
Starting SI iteration 1 using Infinite Timing Windows
#################################################################################
# Design Stage: PostRoute
# Design Name: aes_cipher_top
# Design Mode: 45nm
# Analysis Mode: MMMC OCV 
# Parasitics Mode: SPEF/RCDB
# Signoff Settings: SI On 
#################################################################################
AAE_INFO: 1 threads acquired from CTE.
Calculate late delays in OCV mode...
Calculate early delays in OCV mode...
Start delay calculation (fullDC) (1 T). (MEM=1162.51)
Total number of fetched objects 12594
AAE_INFO: Total number of nets for which stage creation was skipped for all views 0
AAE_INFO-618: Total number of nets in the design is 12627,  100.0 percent of the nets selected for SI analysis
End delay calculation. (MEM=1242.34 CPU=0:00:02.5 REAL=0:00:03.0)
End delay calculation (fullDC). (MEM=1242.34 CPU=0:00:03.0 REAL=0:00:03.0)
Loading CTE timing window with TwFlowType 0...(CPU = 0:00:00.0, REAL = 0:00:00.0, MEM = 1242.3M)
Add other clocks and setupCteToAAEClockMapping during iter 1
Loading CTE timing window is completed (CPU = 0:00:00.1, REAL = 0:00:00.0, MEM = 1242.3M)
Starting SI iteration 2
AAE_INFO: 1 threads acquired from CTE.
Calculate late delays in OCV mode...
Calculate early delays in OCV mode...
Start delay calculation (fullDC) (1 T). (MEM=1205.45)
Glitch Analysis: View VIEW_TYP -- Total Number of Nets Skipped = 0. 
Glitch Analysis: View VIEW_TYP -- Total Number of Nets Analyzed = 12594. 
Total number of fetched objects 12594
AAE_INFO: Total number of nets for which stage creation was skipped for all views 0
AAE_INFO-618: Total number of nets in the design is 12627,  2.1 percent of the nets selected for SI analysis
End delay calculation. (MEM=1192.61 CPU=0:00:00.2 REAL=0:00:00.0)
End delay calculation (fullDC). (MEM=1192.61 CPU=0:00:00.2 REAL=0:00:00.0)
**WARN: (TCLCMD-1131):	'The -max_points parameter of the report_timing command is obsolete. The timing engine will map it to -max_paths parameter. For future releases, you should remove this parameter from your scripts.'
**WARN: (TCLCMD-1131):	'The software has performed a full/partial timing reset. All existing timing path and timing point collection references have been invalidated and may no longer be referenced.'
Starting SI iteration 1 using Infinite Timing Windows
#################################################################################
# Design Stage: PostRoute
# Design Name: aes_cipher_top
# Design Mode: 45nm
# Analysis Mode: MMMC OCV 
# Parasitics Mode: SPEF/RCDB
# Signoff Settings: SI On 
#################################################################################
AAE_INFO: 1 threads acquired from CTE.
Calculate early delays in OCV mode...
Calculate late delays in OCV mode...
Start delay calculation (fullDC) (1 T). (MEM=1184.36)
Total number of fetched objects 12594
AAE_INFO: Total number of nets for which stage creation was skipped for all views 0
AAE_INFO-618: Total number of nets in the design is 12627,  100.0 percent of the nets selected for SI analysis
End delay calculation. (MEM=1254.65 CPU=0:00:02.5 REAL=0:00:03.0)
End delay calculation (fullDC). (MEM=1254.65 CPU=0:00:02.9 REAL=0:00:03.0)
Loading CTE timing window with TwFlowType 0...(CPU = 0:00:00.0, REAL = 0:00:00.0, MEM = 1254.6M)
Add other clocks and setupCteToAAEClockMapping during iter 1
Loading CTE timing window is completed (CPU = 0:00:00.1, REAL = 0:00:00.0, MEM = 1254.6M)
Starting SI iteration 2
AAE_INFO: 1 threads acquired from CTE.
Calculate early delays in OCV mode...
Calculate late delays in OCV mode...
Start delay calculation (fullDC) (1 T). (MEM=1210.77)
Glitch Analysis: View VIEW_TYP -- Total Number of Nets Skipped = 0. 
Glitch Analysis: View VIEW_TYP -- Total Number of Nets Analyzed = 12594. 
Total number of fetched objects 12594
AAE_INFO: Total number of nets for which stage creation was skipped for all views 0
AAE_INFO-618: Total number of nets in the design is 12627,  0.1 percent of the nets selected for SI analysis
End delay calculation. (MEM=1216.92 CPU=0:00:00.1 REAL=0:00:00.0)
End delay calculation (fullDC). (MEM=1216.92 CPU=0:00:00.2 REAL=0:00:00.0)
**WARN: (TCLCMD-746):	Empty collection specified as argument to 'get_object_name'
**WARN: (TCLCMD-746):	Empty collection specified as argument to 'get_object_name'
**WARN: (TCLCMD-746):	Empty collection specified as argument to 'get_object_name'
The in-memory database contained RC information but was not saved. To save 
the RC information, use saveDesign's -rc option. Note: Saving RC information can be quite large, 
so it should only be saved when it is really desired.
#% Begin save design ... (date=08/20 22:39:33, mem=1065.0M)
% Begin Save ccopt configuration ... (date=08/20 22:39:33, mem=1068.0M)
% End Save ccopt configuration ... (date=08/20 22:39:33, total cpu=0:00:00.0, real=0:00:00.0, peak res=1069.6M, current mem=1069.6M)
% Begin Save netlist data ... (date=08/20 22:39:33, mem=1069.6M)
Writing Binary DB to /home/host/hold_upsize_probe_20260820/probe_outputs/clkbuf3/clkbuf3.enc.dat/aes_cipher_top.v.bin in single-threaded mode...
% End Save netlist data ... (date=08/20 22:39:33, total cpu=0:00:00.0, real=0:00:00.0, peak res=1069.6M, current mem=1069.6M)
Saving congestion map file /home/host/hold_upsize_probe_20260820/probe_outputs/clkbuf3/clkbuf3.enc.dat/aes_cipher_top.route.congmap.gz ...
% Begin Save AAE data ... (date=08/20 22:39:33, mem=1070.1M)
Saving AAE Data ...
% End Save AAE data ... (date=08/20 22:39:33, total cpu=0:00:00.0, real=0:00:00.0, peak res=1070.2M, current mem=1070.2M)
% Begin Save clock tree data ... (date=08/20 22:39:33, mem=1071.4M)
% End Save clock tree data ... (date=08/20 22:39:33, total cpu=0:00:00.0, real=0:00:00.0, peak res=1071.5M, current mem=1071.5M)
Saving preference file /home/host/hold_upsize_probe_20260820/probe_outputs/clkbuf3/clkbuf3.enc.dat/gui.pref.tcl ...
Saving mode setting ...
Saving global file ...
% Begin Save floorplan data ... (date=08/20 22:39:34, mem=1071.7M)
Saving floorplan file ...
% End Save floorplan data ... (date=08/20 22:39:34, total cpu=0:00:00.1, real=0:00:00.0, peak res=1072.0M, current mem=1072.0M)
Saving PG file /home/host/hold_upsize_probe_20260820/probe_outputs/clkbuf3/clkbuf3.enc.dat/aes_cipher_top.pg.gz
*** Completed savePGFile (cpu=0:00:00.0 real=0:00:00.0 mem=1173.9M) ***
Saving Drc markers ...
... No Drc file written since there is no markers found.
% Begin Save placement data ... (date=08/20 22:39:34, mem=1072.3M)
** Saving stdCellPlacement_binary (version# 2) ...
Save Adaptive View Pruing View Names to Binary file
% End Save placement data ... (date=08/20 22:39:34, total cpu=0:00:00.0, real=0:00:00.0, peak res=1072.4M, current mem=1072.4M)
% Begin Save routing data ... (date=08/20 22:39:34, mem=1072.4M)
Saving route file ...
*** Completed saveRoute (cpu=0:00:00.1 real=0:00:00.0 mem=1173.9M) ***
% End Save routing data ... (date=08/20 22:39:34, total cpu=0:00:00.1, real=0:00:00.0, peak res=1072.4M, current mem=1072.4M)
Saving property file /home/host/hold_upsize_probe_20260820/probe_outputs/clkbuf3/clkbuf3.enc.dat/aes_cipher_top.prop
*** Completed saveProperty (cpu=0:00:00.0 real=0:00:00.0 mem=1176.9M) ***
#Saving pin access data to file /home/host/hold_upsize_probe_20260820/probe_outputs/clkbuf3/clkbuf3.enc.dat/aes_cipher_top.apa ...
#
**ERROR: (IMPOAX-142):	Could not open shared library libinnovusoax22.so : liboaDesign.so: cannot open shared object file: No such file or directory

**ERROR: (IMPOAX-142):	Could not open shared library libcdsSkillPcell.so : /opt/cadence/INNOVUS/tools.lnx86/lib/64bit/libcdsSkillPcell.so: undefined symbol: _ZTIN12OpenAccess_413oaFSComponentE

**ERROR: (IMPSYT-6245):	Error , while saving MS constraint file.
% Begin Save power constraints data ... (date=08/20 22:39:34, mem=1073.4M)
% End Save power constraints data ... (date=08/20 22:39:34, total cpu=0:00:00.0, real=0:00:00.0, peak res=1073.5M, current mem=1073.5M)
Generated self-contained design clkbuf3.enc.dat
#% End save design ... (date=08/20 22:39:35, total cpu=0:00:01.6, real=0:00:02.0, peak res=1076.9M, current mem=1076.9M)

*** Summary of all messages that are not suppressed in this session:
Severity  ID               Count  Summary                                  
ERROR     IMPSYT-6245          1  Error %s, while saving MS constraint fil...
ERROR     IMPOAX-142           2  %s                                       
*** Message Summary: 0 warning(s), 3 error(s)

HOLD_UPSIZE_PROBE_COMPLETE	clkbuf3		0.389

*** Memory Usage v#1 (Current mem = 1208.277M, initial mem = 262.344M) ***
*** Message Summary: 34 warning(s), 8 error(s)

--- Ending "Innovus" (totcpu=0:01:02, real=0:00:58.0, mem=1208.3M) ---

