
Cadence Innovus(TM) Implementation System.
Copyright 2019 Cadence Design Systems, Inc. All rights reserved worldwide.

Version:	v19.10-p002_1, built Fri Apr 19 15:18:11 PDT 2019
Options:	-nowin -files /home/host/max_fanout_delete_repeater_20260820/formal_run1_retry/inject_violation/scenario_0004_max_fanout_delete_repeater/scripts/fresh_load_smoke.tcl 
Date:		Fri Aug 21 00:24:08 2026
Host:		qingteng (x86_64 w/Linux 4.14.174) (4cores*4cpus*Intel(R) Xeon(R) Processor @ 2.90GHz 22528KB)
OS:		CentOS Linux release 7.9.2009 (Core)

License:
		invs	Innovus Implementation System	19.1	checkout succeeded
		8 CPU jobs allowed with the current license(s). Use setMultiCpuUsage to set your required CPU count.
**ERROR: (IMPOAX-142):	Could not open shared library libinnovusoax22.so : liboaDesign.so: cannot open shared object file: No such file or directory

**ERROR: (IMPOAX-142):	Could not open shared library libcdsSkillPcell.so : /opt/cadence/INNOVUS/tools.lnx86/lib/64bit/libcdsSkillPcell.so: undefined symbol: _ZTIN12OpenAccess_413oaFSComponentE

**ERROR: (IMPOAX-142):	OA features will be disabled in this session.

Create and set the environment variable TMPDIR to /tmp/innovus_temp_7085_qingteng_host_CkNqqv.

Change the soft stacksize limit to 0.2%RAM (15 mbytes). Set global soft_stack_size_limit to change the value.

**INFO:  MMMC transition support version v31-84 

Sourcing file "/home/host/max_fanout_delete_repeater_20260820/formal_run1_retry/inject_violation/scenario_0004_max_fanout_delete_repeater/scripts/fresh_load_smoke.tcl" ...
#% Begin load design ... (date=08/21 00:24:17, mem=460.0M)
Set Default Input Pin Transition as 0.1 ps.
Loading design 'aes_cipher_top' saved by 'Innovus' '19.10-p002_1' on 'Fri Aug 21 00:23:17 2026'.
**ERROR: (IMPOAX-820):	The OA features are disabled in the current session of Innovus because the oax shared library could not be loaded properly. This could be because your installation was not properly configured. To enable OA features, exit the current session and re-launch Innovus either after fixing your installation by running the Configure Installation phase, or after setting the OA_HOME variable to point to a proper OA installation. Check the "OpenAccess Installation and Configuration Guide" manual for more information.

**ERROR: (IMPOAX-850):	oaxCreateCdsLibArray command cannot be run as OA features are disabled in this session.
% Begin Load MMMC data ... (date=08/21 00:24:17, mem=461.7M)
% End Load MMMC data ... (date=08/21 00:24:17, total cpu=0:00:00.0, real=0:00:00.0, peak res=462.0M, current mem=462.0M)

Loading LEF file /home/host/max_fanout_delete_repeater_20260820/formal_run1_retry/inject_violation/scenario_0004_max_fanout_delete_repeater/outputs/max_fanout_delete_repeater.enc.dat/libs/lef/NangateOpenCellLibrary.tech.lef ...

Loading LEF file /home/host/max_fanout_delete_repeater_20260820/formal_run1_retry/inject_violation/scenario_0004_max_fanout_delete_repeater/outputs/max_fanout_delete_repeater.enc.dat/libs/lef/NangateOpenCellLibrary.macro.mod.lef ...
Set DBUPerIGU to M2 pitch 380.

viaInitial starts at Fri Aug 21 00:24:17 2026
viaInitial ends at Fri Aug 21 00:24:17 2026

##  Check design process and node:  
##  Both design process and tech node are not set.

Loading view definition file from /home/host/max_fanout_delete_repeater_20260820/formal_run1_retry/inject_violation/scenario_0004_max_fanout_delete_repeater/outputs/max_fanout_delete_repeater.enc.dat/viewDefinition.tcl
Reading LIBSET_TYP timing library '/home/host/max_fanout_delete_repeater_20260820/formal_run1_retry/baseline/aes_route.enc.dat/libs/mmmc/NangateOpenCellLibrary_typical.lib' ...
**WARN: (TECHLIB-436):	Attribute 'max_fanout' on 'output/inout' pin 'ZN' of cell 'AND2_X1' is not defined in the library. (File /home/host/max_fanout_delete_repeater_20260820/formal_run1_retry/baseline/aes_route.enc.dat/libs/mmmc/NangateOpenCellLibrary_typical.lib)
**WARN: (TECHLIB-436):	Attribute 'max_fanout' on 'output/inout' pin 'ZN' of cell 'AND2_X2' is not defined in the library. (File /home/host/max_fanout_delete_repeater_20260820/formal_run1_retry/baseline/aes_route.enc.dat/libs/mmmc/NangateOpenCellLibrary_typical.lib)
**WARN: (TECHLIB-436):	Attribute 'max_fanout' on 'output/inout' pin 'ZN' of cell 'AND2_X4' is not defined in the library. (File /home/host/max_fanout_delete_repeater_20260820/formal_run1_retry/baseline/aes_route.enc.dat/libs/mmmc/NangateOpenCellLibrary_typical.lib)
**WARN: (TECHLIB-436):	Attribute 'max_fanout' on 'output/inout' pin 'ZN' of cell 'AND3_X1' is not defined in the library. (File /home/host/max_fanout_delete_repeater_20260820/formal_run1_retry/baseline/aes_route.enc.dat/libs/mmmc/NangateOpenCellLibrary_typical.lib)
**WARN: (TECHLIB-436):	Attribute 'max_fanout' on 'output/inout' pin 'ZN' of cell 'AND3_X2' is not defined in the library. (File /home/host/max_fanout_delete_repeater_20260820/formal_run1_retry/baseline/aes_route.enc.dat/libs/mmmc/NangateOpenCellLibrary_typical.lib)
**WARN: (TECHLIB-436):	Attribute 'max_fanout' on 'output/inout' pin 'ZN' of cell 'AND3_X4' is not defined in the library. (File /home/host/max_fanout_delete_repeater_20260820/formal_run1_retry/baseline/aes_route.enc.dat/libs/mmmc/NangateOpenCellLibrary_typical.lib)
**WARN: (TECHLIB-436):	Attribute 'max_fanout' on 'output/inout' pin 'ZN' of cell 'AND4_X1' is not defined in the library. (File /home/host/max_fanout_delete_repeater_20260820/formal_run1_retry/baseline/aes_route.enc.dat/libs/mmmc/NangateOpenCellLibrary_typical.lib)
**WARN: (TECHLIB-436):	Attribute 'max_fanout' on 'output/inout' pin 'ZN' of cell 'AND4_X2' is not defined in the library. (File /home/host/max_fanout_delete_repeater_20260820/formal_run1_retry/baseline/aes_route.enc.dat/libs/mmmc/NangateOpenCellLibrary_typical.lib)
**WARN: (TECHLIB-436):	Attribute 'max_fanout' on 'output/inout' pin 'ZN' of cell 'AND4_X4' is not defined in the library. (File /home/host/max_fanout_delete_repeater_20260820/formal_run1_retry/baseline/aes_route.enc.dat/libs/mmmc/NangateOpenCellLibrary_typical.lib)
**WARN: (TECHLIB-436):	Attribute 'max_fanout' on 'output/inout' pin 'ZN' of cell 'AOI21_X1' is not defined in the library. (File /home/host/max_fanout_delete_repeater_20260820/formal_run1_retry/baseline/aes_route.enc.dat/libs/mmmc/NangateOpenCellLibrary_typical.lib)
**WARN: (TECHLIB-436):	Attribute 'max_fanout' on 'output/inout' pin 'ZN' of cell 'AOI21_X2' is not defined in the library. (File /home/host/max_fanout_delete_repeater_20260820/formal_run1_retry/baseline/aes_route.enc.dat/libs/mmmc/NangateOpenCellLibrary_typical.lib)
**WARN: (TECHLIB-436):	Attribute 'max_fanout' on 'output/inout' pin 'ZN' of cell 'AOI21_X4' is not defined in the library. (File /home/host/max_fanout_delete_repeater_20260820/formal_run1_retry/baseline/aes_route.enc.dat/libs/mmmc/NangateOpenCellLibrary_typical.lib)
**WARN: (TECHLIB-436):	Attribute 'max_fanout' on 'output/inout' pin 'ZN' of cell 'AOI22_X1' is not defined in the library. (File /home/host/max_fanout_delete_repeater_20260820/formal_run1_retry/baseline/aes_route.enc.dat/libs/mmmc/NangateOpenCellLibrary_typical.lib)
**WARN: (TECHLIB-436):	Attribute 'max_fanout' on 'output/inout' pin 'ZN' of cell 'AOI22_X2' is not defined in the library. (File /home/host/max_fanout_delete_repeater_20260820/formal_run1_retry/baseline/aes_route.enc.dat/libs/mmmc/NangateOpenCellLibrary_typical.lib)
**WARN: (TECHLIB-436):	Attribute 'max_fanout' on 'output/inout' pin 'ZN' of cell 'AOI22_X4' is not defined in the library. (File /home/host/max_fanout_delete_repeater_20260820/formal_run1_retry/baseline/aes_route.enc.dat/libs/mmmc/NangateOpenCellLibrary_typical.lib)
**WARN: (TECHLIB-436):	Attribute 'max_fanout' on 'output/inout' pin 'ZN' of cell 'AOI211_X1' is not defined in the library. (File /home/host/max_fanout_delete_repeater_20260820/formal_run1_retry/baseline/aes_route.enc.dat/libs/mmmc/NangateOpenCellLibrary_typical.lib)
**WARN: (TECHLIB-436):	Attribute 'max_fanout' on 'output/inout' pin 'ZN' of cell 'AOI211_X2' is not defined in the library. (File /home/host/max_fanout_delete_repeater_20260820/formal_run1_retry/baseline/aes_route.enc.dat/libs/mmmc/NangateOpenCellLibrary_typical.lib)
**WARN: (TECHLIB-436):	Attribute 'max_fanout' on 'output/inout' pin 'ZN' of cell 'AOI211_X4' is not defined in the library. (File /home/host/max_fanout_delete_repeater_20260820/formal_run1_retry/baseline/aes_route.enc.dat/libs/mmmc/NangateOpenCellLibrary_typical.lib)
**WARN: (TECHLIB-436):	Attribute 'max_fanout' on 'output/inout' pin 'ZN' of cell 'AOI221_X1' is not defined in the library. (File /home/host/max_fanout_delete_repeater_20260820/formal_run1_retry/baseline/aes_route.enc.dat/libs/mmmc/NangateOpenCellLibrary_typical.lib)
**WARN: (TECHLIB-436):	Attribute 'max_fanout' on 'output/inout' pin 'ZN' of cell 'AOI221_X2' is not defined in the library. (File /home/host/max_fanout_delete_repeater_20260820/formal_run1_retry/baseline/aes_route.enc.dat/libs/mmmc/NangateOpenCellLibrary_typical.lib)
Message <TECHLIB-436> has exceeded the message display limit of '20'. Use 'set_message -no_limit -id list_of_msgIDs' to reset the message limit.
Read 135 cells in library 'NangateOpenCellLibrary' 
*** End library_loading (cpu=0.00min, real=0.00min, mem=31.9M, fe_cpu=0.25min, fe_real=0.15min, fe_mem=597.0M) ***
% Begin Load netlist data ... (date=08/21 00:24:17, mem=479.2M)
*** Begin netlist parsing (mem=597.0M) ***
**WARN: (IMPVL-159):	Pin 'Z' of cell 'LOGIC1_X1' is defined in LEF but not in the timing library.
**WARN: (IMPVL-159):	Pin 'Z' of cell 'LOGIC0_X1' is defined in LEF but not in the timing library.
Created 135 new cells from 1 timing libraries.
Reading netlist ...
Backslashed names will retain backslash and a trailing blank character.
Reading verilogBinary netlist '/home/host/max_fanout_delete_repeater_20260820/formal_run1_retry/inject_violation/scenario_0004_max_fanout_delete_repeater/outputs/max_fanout_delete_repeater.enc.dat/aes_cipher_top.v.bin'
Reading binary database version 2 in 1-threaded mode

*** Memory Usage v#1 (Current mem = 603.973M, initial mem = 262.344M) ***
*** End netlist parsing (cpu=0:00:00.0, real=0:00:00.0, mem=604.0M) ***
% End Load netlist data ... (date=08/21 00:24:17, total cpu=0:00:00.0, real=0:00:00.0, peak res=488.0M, current mem=488.0M)
Set top cell to aes_cipher_top.
**WARN: (IMPTS-124):	Timing library description of pin 'Z' is missing from cell 'LOGIC1_X1' in timing library 'NangateOpenCellLibrary'.
**WARN: (IMPTS-124):	Timing library description of pin 'Z' is missing from cell 'LOGIC0_X1' in timing library 'NangateOpenCellLibrary'.
Hooked 135 DB cells to tlib cells.
Starting recursive module instantiation check.
No recursion found.
Building hierarchical netlist for Cell aes_cipher_top ...
*** Netlist is unique.
** info: there are 136 modules.
** info: there are 11772 stdCell insts.

*** Memory Usage v#1 (Current mem = 640.887M, initial mem = 262.344M) ***
*info: set bottom ioPad orient R0
Generated pitch 1.68 in metal10 is different from 1.6 defined in technology file in preferred direction.
Generated pitch 0.84 in metal8 is different from 0.8 defined in technology file in preferred direction.
Generated pitch 0.84 in metal7 is different from 0.8 defined in technology file in preferred direction.
Set Default Net Delay as 1000 ps.
Set Default Net Load as 0.5 pF. 
Set Default Input Pin Transition as 0.1 ps.
Loading preference file /home/host/max_fanout_delete_repeater_20260820/formal_run1_retry/inject_violation/scenario_0004_max_fanout_delete_repeater/outputs/max_fanout_delete_repeater.enc.dat/gui.pref.tcl ...
##  Process: 45            (User Set)               
##     Node: (not set)                           

##  Check design process and node:  
##  Design tech node is not set.

Applying the recommended capacitance filtering threshold values for 45nm process node: total_c_th=0, relative_c_th=1 and coupling_c_th=0.1.
	These values will be used by all post-route extraction engines, including TQuantus, IQuantus and Quantus QRC extraction.
	Capacitance filtering mode(-capFilterMode option of the setExtractRCMode) is 'relAndCoup' for all engines.
	The accuracy mode for postRoute effortLevel low extraction will be set to 'high'.
	Default value for EffortLevel(-effortLevel option of the setExtractRCMode) in postRoute extraction mode will be 'medium' if Quantus QRC technology file is specified else 'low'.
**WARN: (IMPTCM-77):	Option "-drouteStartIteration" for command setNanoRouteMode is obsolete and will be removed in a future release. The obsolete option still works in this release but to avoid this warning and to ensure compatibility with future releases, remove the obsolete option from your script.
*Info: initialize multi-corner CTS.
Reading timing constraints file '/home/host/max_fanout_delete_repeater_20260820/formal_run1_retry/inject_violation/scenario_0004_max_fanout_delete_repeater/outputs/max_fanout_delete_repeater.enc.dat/mmmc/modes/FUNC/FUNC.sdc' ...
Current (total cpu=0:00:15.2, real=0:00:10.0, peak res=658.1M, current mem=658.1M)
aes_cipher_top
INFO (CTE): Constraints read successfully.
Ending "Constraint file reading stats" (total cpu=0:00:00.1, real=0:00:00.0, peak res=677.6M, current mem=677.6M)
Current (total cpu=0:00:15.2, real=0:00:10.0, peak res=677.6M, current mem=677.6M)
Reading latency file '/home/host/max_fanout_delete_repeater_20260820/formal_run1_retry/inject_violation/scenario_0004_max_fanout_delete_repeater/outputs/max_fanout_delete_repeater.enc.dat/mmmc/views/VIEW_TYP/latency.sdc' ...
Total number of combinational cells: 100
Total number of sequential cells: 29
Total number of tristate cells: 6
Total number of level shifter cells: 0
Total number of power gating cells: 0
Total number of isolation cells: 0
Total number of power switch cells: 0
Total number of pulse generator cells: 0
Total number of always on buffers: 0
Total number of retention cells: 0
List of usable buffers: BUF_X1 BUF_X2 BUF_X4 BUF_X8 BUF_X16 BUF_X32 CLKBUF_X1 CLKBUF_X2 CLKBUF_X3
Total number of usable buffers: 9
List of unusable buffers:
Total number of unusable buffers: 0
List of usable inverters: INV_X1 INV_X2 INV_X4 INV_X8 INV_X16 INV_X32
Total number of usable inverters: 6
List of unusable inverters:
Total number of unusable inverters: 0
List of identified usable delay cells:
Total number of identified usable delay cells: 0
List of identified unusable delay cells:
Total number of identified unusable delay cells: 0
No delay cells were detected in the set of buffers. Buffers will be used to fix hold violations.
Reading floorplan file - /home/host/max_fanout_delete_repeater_20260820/formal_run1_retry/inject_violation/scenario_0004_max_fanout_delete_repeater/outputs/max_fanout_delete_repeater.enc.dat/aes_cipher_top.fp.gz (mem = 840.4M).
% Begin Load floorplan data ... (date=08/21 00:24:18, mem=700.3M)
*info: reset 12626 existing net BottomPreferredLayer and AvoidDetour
net ignore based on current view = 0
Deleting old partition specification.
Set FPlanBox to (0 0 355680 353920)
Generated pitch 1.68 in metal10 is different from 1.6 defined in technology file in preferred direction.
Generated pitch 0.84 in metal8 is different from 0.8 defined in technology file in preferred direction.
Generated pitch 0.84 in metal7 is different from 0.8 defined in technology file in preferred direction.
 ... processed partition successfully.
Reading binary special route file /home/host/max_fanout_delete_repeater_20260820/formal_run1_retry/inject_violation/scenario_0004_max_fanout_delete_repeater/outputs/max_fanout_delete_repeater.enc.dat/aes_cipher_top.fp.spr.gz (Created by Innovus v19.10-p002_1 on Fri Aug 21 00:23:15 2026, version: 1)
There are 20 nets with weight being set
There are 20 nets with bottomPreferredRoutingLayer being set
There are 20 nets with avoidDetour being set
Extracting standard cell pins and blockage ...... 
Pin and blockage extraction finished
Delete all existing relative floorplan constraints.
% End Load floorplan data ... (date=08/21 00:24:18, total cpu=0:00:00.0, real=0:00:00.0, peak res=703.9M, current mem=703.9M)
Reading congestion map file /home/host/max_fanout_delete_repeater_20260820/formal_run1_retry/inject_violation/scenario_0004_max_fanout_delete_repeater/outputs/max_fanout_delete_repeater.enc.dat/aes_cipher_top.route.congmap.gz ...
% Begin Load SymbolTable ... (date=08/21 00:24:18, mem=704.2M)
Suppress "**WARN ..." messages.
Un-suppress "**WARN ..." messages.
% End Load SymbolTable ... (date=08/21 00:24:18, total cpu=0:00:00.0, real=0:00:00.0, peak res=705.9M, current mem=705.9M)
Loading place ...
% Begin Load placement data ... (date=08/21 00:24:18, mem=705.9M)
Reading placement file - /home/host/max_fanout_delete_repeater_20260820/formal_run1_retry/inject_violation/scenario_0004_max_fanout_delete_repeater/outputs/max_fanout_delete_repeater.enc.dat/aes_cipher_top.place.gz.
** Reading stdCellPlacement_binary (Created by Innovus v19.10-p002_1 on Fri Aug 21 00:23:15 2026, version# 2) ...
Read Views for adaptive view pruning ...
Read 0 views from Binary DB for adaptive view pruning
*** Checked 2 GNC rules.
*** applyConnectGlobalNets disabled.
*** Completed restorePlace (cpu=0:00:00.0 real=0:00:00.0 mem=838.4M) ***
Total net length = 1.487e+05 (7.670e+04 7.197e+04) (ext = 9.167e+03)
% End Load placement data ... (date=08/21 00:24:18, total cpu=0:00:00.0, real=0:00:00.0, peak res=708.0M, current mem=707.7M)
Reading PG file /home/host/max_fanout_delete_repeater_20260820/formal_run1_retry/inject_violation/scenario_0004_max_fanout_delete_repeater/outputs/max_fanout_delete_repeater.enc.dat/aes_cipher_top.pg.gz
*** Completed restorePGFile (cpu=0:00:00.0 real=0:00:00.0 mem=834.4M) ***
% Begin Load routing data ... (date=08/21 00:24:18, mem=708.1M)
Reading routing file - /home/host/max_fanout_delete_repeater_20260820/formal_run1_retry/inject_violation/scenario_0004_max_fanout_delete_repeater/outputs/max_fanout_delete_repeater.enc.dat/aes_cipher_top.route.gz.
Reading Innovus routing data (Created by Innovus v19.10-p002_1 on Fri Aug 21 00:23:15 2026 Format: 19.1) ...
*** Total 12595 nets are successfully restored.
*** Completed restoreRoute (cpu=0:00:00.1 real=0:00:01.0 mem=848.4M) ***
% End Load routing data ... (date=08/21 00:24:19, total cpu=0:00:00.1, real=0:00:01.0, peak res=726.2M, current mem=725.4M)
TAT_INFO: restoreCongMap REAL = 0 : CPU = 0 : MEM = 0.
Reading property file /home/host/max_fanout_delete_repeater_20260820/formal_run1_retry/inject_violation/scenario_0004_max_fanout_delete_repeater/outputs/max_fanout_delete_repeater.enc.dat/aes_cipher_top.prop
*** Completed restoreProperty (cpu=0:00:00.0 real=0:00:00.0 mem=854.4M) ***
Set Default Input Pin Transition as 0.1 ps.
Extraction setup Started 
Initializing multi-corner RC extraction with 1 active RC Corners ...
Reading Capacitance Table File /home/host/max_fanout_delete_repeater_20260820/formal_run1_retry/inject_violation/scenario_0004_max_fanout_delete_repeater/outputs/max_fanout_delete_repeater.enc.dat/libs/mmmc/NangateOpenCellLibrary.captable ...
Cap table was created using Encounter 08.10-p004_1.
Process name: master_techFreePDK45.
Importing multi-corner RC tables ... 
Summary of Active RC-Corners : 
 
 Analysis View: VIEW_TYP
    RC-Corner Name        : RC_TYP
    RC-Corner Index       : 0
    RC-Corner Temperature : 25 Celsius
    RC-Corner Cap Table   : '/home/host/max_fanout_delete_repeater_20260820/formal_run1_retry/inject_violation/scenario_0004_max_fanout_delete_repeater/outputs/max_fanout_delete_repeater.enc.dat/libs/mmmc/NangateOpenCellLibrary.captable'
    RC-Corner PreRoute Res Factor         : 1
    RC-Corner PreRoute Cap Factor         : 1
    RC-Corner PostRoute Res Factor        : 1 {1 1 1}
    RC-Corner PostRoute Cap Factor        : 1 {1 1 1}
    RC-Corner PostRoute XCap Factor       : 1 {1 1 1}
    RC-Corner PreRoute Clock Res Factor   : 1	[Derived from postRoute_res (effortLevel low)]
    RC-Corner PreRoute Clock Cap Factor   : 1	[Derived from postRoute_cap (effortLevel low)]
    RC-Corner PostRoute Clock Cap Factor  : 1 {1 1 1} 	[Derived from postRoute_cap (effortLevel low)]
    RC-Corner PostRoute Clock Res Factor  : 1 {1 1 1} 	[Derived from postRoute_res (effortLevel low)]
Initializing multi-corner capacitance tables ... 
Initializing multi-corner resistance tables ...
Start generating vias ...
#Skip building auto via since it is not turned on.
Via generation completed.
% Begin Load power constraints ... (date=08/21 00:24:19, mem=753.3M)
source /home/host/max_fanout_delete_repeater_20260820/formal_run1_retry/inject_violation/scenario_0004_max_fanout_delete_repeater/outputs/max_fanout_delete_repeater.enc.dat/aes_cipher_top_power_constraints.tcl
'set_default_switching_activity' finished successfully.
% End Load power constraints ... (date=08/21 00:24:19, total cpu=0:00:00.0, real=0:00:00.0, peak res=753.8M, current mem=753.8M)
% Begin load AAE data ... (date=08/21 00:24:19, mem=753.8M)
AAE DB initialization (MEM=902.324 CPU=0:00:00.2 REAL=0:00:00.0) 
% End load AAE data ... (date=08/21 00:24:19, total cpu=0:00:00.4, real=0:00:00.0, peak res=763.6M, current mem=763.6M)
Restoring CCOpt config...
  Extracting original clock gating for aes_clk...
    clock_tree aes_clk contains 562 sinks and 0 clock gates.
    Extraction for aes_clk complete.
  Extracting original clock gating for aes_clk done.
  The skew group aes_clk/FUNC was created. It contains 562 sinks and 1 sources.
  The skew group aes_clk/FUNC was created. It contains 562 sinks and 1 sources.
**WARN: (IMPCCOPT-2332):	The property adjacent_rows_legal is deprecated. It still works, but it may be removed in a future release.
Restoring CCOpt config done.
Total number of combinational cells: 100
Total number of sequential cells: 29
Total number of tristate cells: 6
Total number of level shifter cells: 0
Total number of power gating cells: 0
Total number of isolation cells: 0
Total number of power switch cells: 0
Total number of pulse generator cells: 0
Total number of always on buffers: 0
Total number of retention cells: 0
List of usable buffers: BUF_X1 BUF_X2 BUF_X4 BUF_X8 BUF_X16 BUF_X32 CLKBUF_X1 CLKBUF_X2 CLKBUF_X3
Total number of usable buffers: 9
List of unusable buffers:
Total number of unusable buffers: 0
List of usable inverters: INV_X1 INV_X2 INV_X4 INV_X8 INV_X16 INV_X32
Total number of usable inverters: 6
List of unusable inverters:
Total number of unusable inverters: 0
List of identified usable delay cells:
Total number of identified usable delay cells: 0
List of identified unusable delay cells:
Total number of identified unusable delay cells: 0
No delay cells were detected in the set of buffers. Buffers will be used to fix hold violations.
**WARN: (IMPCTE-107):	The following globals have been obsoleted since version 19.10-p002_1. They will be removed in the next release. 
timing_enable_default_delay_arc
#% End load design ... (date=08/21 00:24:20, total cpu=0:00:02.2, real=0:00:03.0, peak res=768.8M, current mem=768.1M)

*** Summary of all messages that are not suppressed in this session:
Severity  ID               Count  Summary                                  
WARNING   IMPTS-124            2  Timing library description of pin '%s' i...
WARNING   IMPVL-159            2  Pin '%s' of cell '%s' is defined in LEF ...
WARNING   IMPCCOPT-2332        1  The property %s is deprecated. It still ...
ERROR     IMPOAX-820           1  The OA features are disabled in the curr...
ERROR     IMPOAX-850           1  %s command cannot be run as OA features ...
WARNING   IMPCTE-107           1  The following globals have been obsolete...
WARNING   IMPTCM-77            1  Option "%s" for command %s is obsolete a...
WARNING   TECHLIB-436         20  Attribute '%s' on '%s' pin '%s' of cell ...
*** Message Summary: 27 warning(s), 2 error(s)

Extraction called for design 'aes_cipher_top' of instances=12780 and nets=12626 using extraction engine 'postRoute' at effort level 'low' .
PostRoute (effortLevel low) RC Extraction called for design aes_cipher_top.
RC Extraction called in multi-corner(1) mode.
Process corner(s) are loaded.
 Corner: RC_TYP
extractDetailRC Option : -outfile /tmp/innovus_temp_7085_qingteng_host_CkNqqv/aes_cipher_top_7085_hfZtJH.rcdb.d  -extended
RC Mode: PostRoute -effortLevel low [Extended CapTable, RC Table Resistances]
      RC Corner Indexes            0   
Capacitance Scaling Factor   : 1.00000 
Coupling Cap. Scaling Factor : 1.00000 
Resistance Scaling Factor    : 1.00000 
Clock Cap. Scaling Factor    : 1.00000 
Clock Res. Scaling Factor    : 1.00000 
Shrink Factor                : 1.00000
Initializing multi-corner capacitance tables ... 
Initializing multi-corner resistance tables ...
Checking LVS Completed (CPU Time= 0:00:00.0  MEM= 901.3M)
Extracted 10.0012% (CPU Time= 0:00:00.3  MEM= 1002.7M)
Extracted 20.001% (CPU Time= 0:00:00.3  MEM= 1003.6M)
Extracted 30.0008% (CPU Time= 0:00:00.4  MEM= 1006.6M)
Extracted 40.0013% (CPU Time= 0:00:00.4  MEM= 1010.6M)
Extracted 50.0011% (CPU Time= 0:00:00.5  MEM= 1014.6M)
Extracted 60.0009% (CPU Time= 0:00:00.6  MEM= 1018.7M)
Extracted 70.0013% (CPU Time= 0:00:00.7  MEM= 1020.7M)
Extracted 80.0011% (CPU Time= 0:00:00.8  MEM= 1022.7M)
Extracted 90.0009% (CPU Time= 0:00:00.9  MEM= 1027.7M)
Extracted 100% (CPU Time= 0:00:01.3  MEM= 1029.7M)
Number of Extracted Resistors     : 232259
Number of Extracted Ground Cap.   : 243112
Number of Extracted Coupling Cap. : 801472
Filtering XCap in 'relativeAndCoupling' mode using values coupling_c_threshold=0.1fF, relative_c_threshold=1, and total_c_threshold=0fF.
 Corner: RC_TYP
Checking LVS Completed (CPU Time= 0:00:00.0  MEM= 1011.7M)
PostRoute (effortLevel low) RC Extraction DONE (CPU Time: 0:00:01.8  Real Time: 0:00:01.0  MEM: 1011.672M)
 Reset EOS DB
Ignoring AAE DB Resetting ...
Extraction called for design 'aes_cipher_top' of instances=12780 and nets=12626 using extraction engine 'postRoute' at effort level 'low' .
PostRoute (effortLevel low) RC Extraction called for design aes_cipher_top.
RC Extraction called in multi-corner(1) mode.
Process corner(s) are loaded.
 Corner: RC_TYP
extractDetailRC Option : -outfile /tmp/innovus_temp_7085_qingteng_host_CkNqqv/aes_cipher_top_7085_hfZtJH.rcdb.d -maxResLength 200  -extended
RC Mode: PostRoute -effortLevel low [Extended CapTable, RC Table Resistances]
      RC Corner Indexes            0   
Capacitance Scaling Factor   : 1.00000 
Coupling Cap. Scaling Factor : 1.00000 
Resistance Scaling Factor    : 1.00000 
Clock Cap. Scaling Factor    : 1.00000 
Clock Res. Scaling Factor    : 1.00000 
Shrink Factor                : 1.00000
Initializing multi-corner capacitance tables ... 
Initializing multi-corner resistance tables ...
Checking LVS Completed (CPU Time= 0:00:00.0  MEM= 918.7M)
Extracted 10.0012% (CPU Time= 0:00:00.3  MEM= 1002.0M)
Extracted 20.001% (CPU Time= 0:00:00.4  MEM= 1004.0M)
Extracted 30.0008% (CPU Time= 0:00:00.5  MEM= 1007.0M)
Extracted 40.0013% (CPU Time= 0:00:00.5  MEM= 1010.0M)
Extracted 50.0011% (CPU Time= 0:00:00.6  MEM= 1014.0M)
Extracted 60.0009% (CPU Time= 0:00:00.7  MEM= 1018.0M)
Extracted 70.0013% (CPU Time= 0:00:00.8  MEM= 1020.0M)
Extracted 80.0011% (CPU Time= 0:00:00.9  MEM= 1022.0M)
Extracted 90.0009% (CPU Time= 0:00:01.0  MEM= 1028.0M)
Extracted 100% (CPU Time= 0:00:01.4  MEM= 1029.0M)
Number of Extracted Resistors     : 232259
Number of Extracted Ground Cap.   : 243112
Number of Extracted Coupling Cap. : 801472
Filtering XCap in 'relativeAndCoupling' mode using values coupling_c_threshold=0.1fF, relative_c_threshold=1, and total_c_threshold=0fF.
 Corner: RC_TYP
Checking LVS Completed (CPU Time= 0:00:00.0  MEM= 1009.0M)
PostRoute (effortLevel low) RC Extraction DONE (CPU Time: 0:00:01.9  Real Time: 0:00:02.0  MEM: 1008.992M)
Starting delay calculation for Setup views
Starting SI iteration 1 using Infinite Timing Windows
#################################################################################
# Design Stage: PostRoute
# Design Name: aes_cipher_top
# Design Mode: 45nm
# Analysis Mode: MMMC OCV 
# Parasitics Mode: SPEF/RCDB
# Signoff Settings: SI On 
#################################################################################
AAE_INFO: 1 threads acquired from CTE.
Calculate early delays in OCV mode...
Calculate late delays in OCV mode...
Start delay calculation (fullDC) (1 T). (MEM=1025.29)
Initializing multi-corner capacitance tables ... 
Initializing multi-corner resistance tables ...
AAE_INFO: 1 threads acquired from CTE.
Total number of fetched objects 12593
AAE_INFO: Total number of nets for which stage creation was skipped for all views 0
AAE_INFO-618: Total number of nets in the design is 12626,  100.0 percent of the nets selected for SI analysis
End delay calculation. (MEM=1071.58 CPU=0:00:02.7 REAL=0:00:03.0)
End delay calculation (fullDC). (MEM=1071.58 CPU=0:00:03.2 REAL=0:00:03.0)
Loading CTE timing window with TwFlowType 0...(CPU = 0:00:00.0, REAL = 0:00:00.0, MEM = 1063.6M)
Add other clocks and setupCteToAAEClockMapping during iter 1
Loading CTE timing window is completed (CPU = 0:00:00.1, REAL = 0:00:00.0, MEM = 1063.6M)
Starting SI iteration 2
Calculate early delays in OCV mode...
Calculate late delays in OCV mode...
Start delay calculation (fullDC) (1 T). (MEM=1027.7)
Glitch Analysis: View VIEW_TYP -- Total Number of Nets Skipped = 0. 
Glitch Analysis: View VIEW_TYP -- Total Number of Nets Analyzed = 12593. 
Total number of fetched objects 12593
AAE_INFO: Total number of nets for which stage creation was skipped for all views 0
AAE_INFO-618: Total number of nets in the design is 12626,  0.1 percent of the nets selected for SI analysis
End delay calculation. (MEM=1033.85 CPU=0:00:00.1 REAL=0:00:00.0)
End delay calculation (fullDC). (MEM=1033.85 CPU=0:00:00.2 REAL=0:00:00.0)
*** Done Building Timing Graph (cpu=0:00:04.6 real=0:00:04.0 totSessionCpu=0:00:25.0 mem=1033.9M)

------------------------------------------------------------
          timeDesign Summary                             
------------------------------------------------------------

Setup views included:
 VIEW_TYP 

+--------------------+---------+---------+---------+
|     Setup mode     |   all   | reg2reg | default |
+--------------------+---------+---------+---------+
|           WNS (ns):|  0.390  |  0.390  |  0.500  |
|           TNS (ns):|  0.000  |  0.000  |  0.000  |
|    Violating Paths:|    0    |    0    |    0    |
|          All Paths:|   691   |   561   |   435   |
+--------------------+---------+---------+---------+

+----------------+-------------------------------+------------------+
|                |              Real             |       Total      |
|    DRVs        +------------------+------------+------------------|
|                |  Nr nets(terms)  | Worst Vio  |  Nr nets(terms)  |
+----------------+------------------+------------+------------------+
|   max_cap      |      0 (0)       |   0.000    |      0 (0)       |
|   max_tran     |      0 (0)       |   0.000    |      0 (0)       |
|   max_fanout   |      1 (1)       |     -1     |     18 (18)      |
|   max_length   |      0 (0)       |     0      |      0 (0)       |
+----------------+------------------+------------+------------------+

Density: 61.556%
Total number of glitch violations: 0
------------------------------------------------------------
Reported timing to dir /home/host/max_fanout_delete_repeater_20260820/formal_run1_retry/inject_violation/scenario_0004_max_fanout_delete_repeater/reports/fresh_load/injected/setup
Total CPU time: 7.63 sec
Total Real time: 9.0 sec
Total Memory Usage: 1013.121094 Mbytes
Reset AAE Options
 Reset EOS DB
Ignoring AAE DB Resetting ...
Extraction called for design 'aes_cipher_top' of instances=12780 and nets=12626 using extraction engine 'postRoute' at effort level 'low' .
PostRoute (effortLevel low) RC Extraction called for design aes_cipher_top.
RC Extraction called in multi-corner(1) mode.
Process corner(s) are loaded.
 Corner: RC_TYP
extractDetailRC Option : -outfile /tmp/innovus_temp_7085_qingteng_host_CkNqqv/aes_cipher_top_7085_hfZtJH.rcdb.d -maxResLength 200  -extended
RC Mode: PostRoute -effortLevel low [Extended CapTable, RC Table Resistances]
      RC Corner Indexes            0   
Capacitance Scaling Factor   : 1.00000 
Coupling Cap. Scaling Factor : 1.00000 
Resistance Scaling Factor    : 1.00000 
Clock Cap. Scaling Factor    : 1.00000 
Clock Res. Scaling Factor    : 1.00000 
Shrink Factor                : 1.00000
Initializing multi-corner capacitance tables ... 
Initializing multi-corner resistance tables ...
Checking LVS Completed (CPU Time= 0:00:00.0  MEM= 1011.1M)
Extracted 10.0012% (CPU Time= 0:00:00.3  MEM= 1109.4M)
Extracted 20.001% (CPU Time= 0:00:00.4  MEM= 1109.4M)
Extracted 30.0008% (CPU Time= 0:00:00.4  MEM= 1109.4M)
Extracted 40.0013% (CPU Time= 0:00:00.5  MEM= 1111.4M)
Extracted 50.0011% (CPU Time= 0:00:00.5  MEM= 1115.4M)
Extracted 60.0009% (CPU Time= 0:00:00.6  MEM= 1119.4M)
Extracted 70.0013% (CPU Time= 0:00:00.7  MEM= 1121.4M)
Extracted 80.0011% (CPU Time= 0:00:00.8  MEM= 1123.4M)
Extracted 90.0009% (CPU Time= 0:00:00.9  MEM= 1128.4M)
Extracted 100% (CPU Time= 0:00:01.3  MEM= 1130.4M)
Number of Extracted Resistors     : 232259
Number of Extracted Ground Cap.   : 243112
Number of Extracted Coupling Cap. : 801472
Filtering XCap in 'relativeAndCoupling' mode using values coupling_c_threshold=0.1fF, relative_c_threshold=1, and total_c_threshold=0fF.
 Corner: RC_TYP
Checking LVS Completed (CPU Time= 0:00:00.0  MEM= 1107.2M)
PostRoute (effortLevel low) RC Extraction DONE (CPU Time: 0:00:01.8  Real Time: 0:00:02.0  MEM: 1107.180M)
Starting delay calculation for Hold views
Starting SI iteration 1 using Infinite Timing Windows
#################################################################################
# Design Stage: PostRoute
# Design Name: aes_cipher_top
# Design Mode: 45nm
# Analysis Mode: MMMC OCV 
# Parasitics Mode: SPEF/RCDB
# Signoff Settings: SI On 
#################################################################################
AAE_INFO: 1 threads acquired from CTE.
Calculate late delays in OCV mode...
Calculate early delays in OCV mode...
Start delay calculation (fullDC) (1 T). (MEM=1025.45)
Initializing multi-corner capacitance tables ... 
Initializing multi-corner resistance tables ...
AAE_INFO: 1 threads acquired from CTE.
Total number of fetched objects 12593
AAE_INFO: Total number of nets for which stage creation was skipped for all views 0
AAE_INFO-618: Total number of nets in the design is 12626,  100.0 percent of the nets selected for SI analysis
End delay calculation. (MEM=1066.28 CPU=0:00:02.7 REAL=0:00:02.0)
End delay calculation (fullDC). (MEM=1066.28 CPU=0:00:03.1 REAL=0:00:03.0)
Loading CTE timing window with TwFlowType 0...(CPU = 0:00:00.0, REAL = 0:00:00.0, MEM = 1066.3M)
Add other clocks and setupCteToAAEClockMapping during iter 1
Loading CTE timing window is completed (CPU = 0:00:00.1, REAL = 0:00:00.0, MEM = 1066.3M)
Starting SI iteration 2
AAE_INFO: 1 threads acquired from CTE.
Calculate late delays in OCV mode...
Calculate early delays in OCV mode...
Start delay calculation (fullDC) (1 T). (MEM=1036.39)
Glitch Analysis: View VIEW_TYP -- Total Number of Nets Skipped = 0. 
Glitch Analysis: View VIEW_TYP -- Total Number of Nets Analyzed = 12593. 
Total number of fetched objects 12593
AAE_INFO: Total number of nets for which stage creation was skipped for all views 0
AAE_INFO-618: Total number of nets in the design is 12626,  2.0 percent of the nets selected for SI analysis
End delay calculation. (MEM=1042.55 CPU=0:00:00.2 REAL=0:00:00.0)
End delay calculation (fullDC). (MEM=1042.55 CPU=0:00:00.2 REAL=0:00:00.0)
*** Done Building Timing Graph (cpu=0:00:04.4 real=0:00:04.0 totSessionCpu=0:00:32.6 mem=1042.6M)

------------------------------------------------------------
          timeDesign Summary                             
------------------------------------------------------------

Hold  views included:
 VIEW_TYP 

+--------------------+---------+---------+---------+
|     Hold mode      |   all   | reg2reg | default |
+--------------------+---------+---------+---------+
|           WNS (ns):|  0.026  |  0.133  |  0.026  |
|           TNS (ns):|  0.000  |  0.000  |  0.000  |
|    Violating Paths:|    0    |    0    |    0    |
|          All Paths:|   691   |   561   |   435   |
+--------------------+---------+---------+---------+

Density: 61.556%
------------------------------------------------------------
Reported timing to dir /home/host/max_fanout_delete_repeater_20260820/formal_run1_retry/inject_violation/scenario_0004_max_fanout_delete_repeater/reports/fresh_load/injected/hold
Total CPU time: 6.82 sec
Total Real time: 7.0 sec
Total Memory Usage: 975.0 Mbytes
Reset AAE Options
VERIFY_CONNECTIVITY use new engine.

******** Start: VERIFY CONNECTIVITY ********
Start Time: Fri Aug 21 00:24:50 2026

Design Name: aes_cipher_top
Database Units: 2000
Design Boundary: (0.0000, 0.0000) (177.8400, 176.9600)
Error Limit = 1000; Warning Limit = 1000
Check all nets
**** 00:24:50 **** Processed 5000 nets.
**** 00:24:50 **** Processed 10000 nets.

Begin Summary 
  Found no problems or warnings.
End Summary

End Time: Fri Aug 21 00:24:50 2026
Time Elapsed: 0:00:00.0

******** End: VERIFY CONNECTIVITY ********
  Verification Complete : 0 Viols.  0 Wrngs.
  (CPU Time: 0:00:00.5  MEM: 0.000M)

#-report /home/host/max_fanout_delete_repeater_20260820/formal_run1_retry/inject_violation/scenario_0004_max_fanout_delete_repeater/reports/fresh_load/injected/drc.rpt # string, default="", user setting
 *** Starting Verify DRC (MEM: 1045.2) ***

  VERIFY DRC ...... Starting Verification
  VERIFY DRC ...... Initializing
  VERIFY DRC ...... Deleting Existing Violations
  VERIFY DRC ...... Creating Sub-Areas
  VERIFY DRC ...... Using new threading
  VERIFY DRC ...... Sub-Area: {0.000 0.000 59.400 59.400} 1 of 9
  VERIFY DRC ...... Sub-Area : 1 complete 0 Viols.
  VERIFY DRC ...... Sub-Area: {59.400 0.000 118.800 59.400} 2 of 9
  VERIFY DRC ...... Sub-Area : 2 complete 0 Viols.
  VERIFY DRC ...... Sub-Area: {118.800 0.000 177.840 59.400} 3 of 9
  VERIFY DRC ...... Sub-Area : 3 complete 0 Viols.
  VERIFY DRC ...... Sub-Area: {0.000 59.400 59.400 118.800} 4 of 9
  VERIFY DRC ...... Sub-Area : 4 complete 0 Viols.
  VERIFY DRC ...... Sub-Area: {59.400 59.400 118.800 118.800} 5 of 9
  VERIFY DRC ...... Sub-Area : 5 complete 0 Viols.
  VERIFY DRC ...... Sub-Area: {118.800 59.400 177.840 118.800} 6 of 9
  VERIFY DRC ...... Sub-Area : 6 complete 0 Viols.
  VERIFY DRC ...... Sub-Area: {0.000 118.800 59.400 176.960} 7 of 9
  VERIFY DRC ...... Sub-Area : 7 complete 0 Viols.
  VERIFY DRC ...... Sub-Area: {59.400 118.800 118.800 176.960} 8 of 9
  VERIFY DRC ...... Sub-Area : 8 complete 0 Viols.
  VERIFY DRC ...... Sub-Area: {118.800 118.800 177.840 176.960} 9 of 9
  VERIFY DRC ...... Sub-Area : 9 complete 0 Viols.

  Verification Complete : 0 Viols.

 *** End Verify DRC (CPU: 0:00:01.5  ELAPSED TIME: 2.00  MEM: 35.0M) ***

MAX_FANOUT_DELETE_REPEATER_FRESH_LOAD_COMPLETE state=injected real=1 setup=0.390 hold=0.026

*** Memory Usage v#1 (Current mem = 1061.258M, initial mem = 262.344M) ***
*** Message Summary: 27 warning(s), 5 error(s)

--- Ending "Innovus" (totcpu=0:00:47.9, real=0:00:44.0, mem=1061.3M) ---

